Archive member included to satisfy reference by file (symbol)

/home/hu/Ac6/SystemWorkbench/plugins/fr.ac6.mcu.externaltools.arm-none.linux64_1.15.0.201708311556/tools/compiler/bin/../lib/gcc/arm-none-eabi/6.3.1/thumb/v7-m/libgcc.a(_arm_addsubdf3.o)
                              src/main.o (__aeabi_dsub)
/home/hu/Ac6/SystemWorkbench/plugins/fr.ac6.mcu.externaltools.arm-none.linux64_1.15.0.201708311556/tools/compiler/bin/../lib/gcc/arm-none-eabi/6.3.1/thumb/v7-m/libgcc.a(_arm_muldivdf3.o)
                              decadriver/deca_range_tables.o (__aeabi_dmul)
/home/hu/Ac6/SystemWorkbench/plugins/fr.ac6.mcu.externaltools.arm-none.linux64_1.15.0.201708311556/tools/compiler/bin/../lib/gcc/arm-none-eabi/6.3.1/thumb/v7-m/libgcc.a(_arm_fixdfsi.o)
                              decadriver/deca_range_tables.o (__aeabi_d2iz)
/home/hu/Ac6/SystemWorkbench/plugins/fr.ac6.mcu.externaltools.arm-none.linux64_1.15.0.201708311556/tools/compiler/bin/../lib/gcc/arm-none-eabi/6.3.1/thumb/v7-m/libgcc.a(_arm_fixunsdfsi.o)
                              src/main.o (__aeabi_d2uiz)
/home/hu/Ac6/SystemWorkbench/plugins/fr.ac6.mcu.externaltools.arm-none.linux64_1.15.0.201708311556/tools/compiler/bin/../lib/gcc/arm-none-eabi/6.3.1/thumb/v7-m/libgcc.a(_arm_truncdfsf2.o)
                              src/main.o (__aeabi_d2f)
/home/hu/Ac6/SystemWorkbench/plugins/fr.ac6.mcu.externaltools.arm-none.linux64_1.15.0.201708311556/tools/compiler/bin/../lib/gcc/arm-none-eabi/6.3.1/thumb/v7-m/libgcc.a(_arm_addsubsf3.o)
                              decadriver/deca_range_tables.o (__aeabi_i2f)
/home/hu/Ac6/SystemWorkbench/plugins/fr.ac6.mcu.externaltools.arm-none.linux64_1.15.0.201708311556/tools/compiler/bin/../lib/gcc/arm-none-eabi/6.3.1/thumb/v7-m/libgcc.a(_fixdfdi.o)
                              src/main.o (__aeabi_d2lz)
/home/hu/Ac6/SystemWorkbench/plugins/fr.ac6.mcu.externaltools.arm-none.linux64_1.15.0.201708311556/tools/compiler/bin/../lib/gcc/arm-none-eabi/6.3.1/thumb/v7-m/libgcc.a(_fixunsdfdi.o)
                              /home/hu/Ac6/SystemWorkbench/plugins/fr.ac6.mcu.externaltools.arm-none.linux64_1.15.0.201708311556/tools/compiler/bin/../lib/gcc/arm-none-eabi/6.3.1/thumb/v7-m/libgcc.a(_fixdfdi.o) (__aeabi_d2ulz)
/home/hu/Ac6/SystemWorkbench/plugins/fr.ac6.mcu.externaltools.arm-none.linux64_1.15.0.201708311556/tools/compiler/bin/../lib/gcc/arm-none-eabi/6.3.1/thumb/v7-m/libgcc.a(_arm_cmpdf2.o)
                              /home/hu/Ac6/SystemWorkbench/plugins/fr.ac6.mcu.externaltools.arm-none.linux64_1.15.0.201708311556/tools/compiler/bin/../lib/gcc/arm-none-eabi/6.3.1/thumb/v7-m/libgcc.a(_fixdfdi.o) (__aeabi_dcmplt)
/home/hu/Ac6/SystemWorkbench/plugins/fr.ac6.mcu.externaltools.arm-none.linux64_1.15.0.201708311556/tools/compiler/bin/../lib/gcc/arm-none-eabi/6.3.1/../../../../arm-none-eabi/lib/thumb/v7-m/libc.a(lib_a-errno.o)
                              src/syscalls.o (__errno)
/home/hu/Ac6/SystemWorkbench/plugins/fr.ac6.mcu.externaltools.arm-none.linux64_1.15.0.201708311556/tools/compiler/bin/../lib/gcc/arm-none-eabi/6.3.1/../../../../arm-none-eabi/lib/thumb/v7-m/libc.a(lib_a-exit.o)
                              /home/hu/Ac6/SystemWorkbench/plugins/fr.ac6.mcu.externaltools.arm-none.linux64_1.15.0.201708311556/tools/compiler/bin/../lib/gcc/arm-none-eabi/6.3.1/../../../../arm-none-eabi/lib/thumb/v7-m/crt0.o (exit)
/home/hu/Ac6/SystemWorkbench/plugins/fr.ac6.mcu.externaltools.arm-none.linux64_1.15.0.201708311556/tools/compiler/bin/../lib/gcc/arm-none-eabi/6.3.1/../../../../arm-none-eabi/lib/thumb/v7-m/libc.a(lib_a-impure.o)
                              /home/hu/Ac6/SystemWorkbench/plugins/fr.ac6.mcu.externaltools.arm-none.linux64_1.15.0.201708311556/tools/compiler/bin/../lib/gcc/arm-none-eabi/6.3.1/../../../../arm-none-eabi/lib/thumb/v7-m/libc.a(lib_a-exit.o) (_global_impure_ptr)
/home/hu/Ac6/SystemWorkbench/plugins/fr.ac6.mcu.externaltools.arm-none.linux64_1.15.0.201708311556/tools/compiler/bin/../lib/gcc/arm-none-eabi/6.3.1/../../../../arm-none-eabi/lib/thumb/v7-m/libc.a(lib_a-init.o)
                              /home/hu/Ac6/SystemWorkbench/plugins/fr.ac6.mcu.externaltools.arm-none.linux64_1.15.0.201708311556/tools/compiler/bin/../lib/gcc/arm-none-eabi/6.3.1/../../../../arm-none-eabi/lib/thumb/v7-m/crt0.o (__libc_init_array)
/home/hu/Ac6/SystemWorkbench/plugins/fr.ac6.mcu.externaltools.arm-none.linux64_1.15.0.201708311556/tools/compiler/bin/../lib/gcc/arm-none-eabi/6.3.1/../../../../arm-none-eabi/lib/thumb/v7-m/libc.a(lib_a-memcmp.o)
                              src/main.o (memcmp)
/home/hu/Ac6/SystemWorkbench/plugins/fr.ac6.mcu.externaltools.arm-none.linux64_1.15.0.201708311556/tools/compiler/bin/../lib/gcc/arm-none-eabi/6.3.1/../../../../arm-none-eabi/lib/thumb/v7-m/libc.a(lib_a-memset.o)
                              /home/hu/Ac6/SystemWorkbench/plugins/fr.ac6.mcu.externaltools.arm-none.linux64_1.15.0.201708311556/tools/compiler/bin/../lib/gcc/arm-none-eabi/6.3.1/../../../../arm-none-eabi/lib/thumb/v7-m/crt0.o (memset)
[...]
Memory Configuration

Name             Origin             Length             Attributes
RAM              0x0000000020000000 0x0000000000010000 xrw
ROM              0x0000000008000000 0x0000000000040000 xr
*default*        0x0000000000000000 0xffffffffffffffff

Linker script and memory map

LOAD /home/hu/Ac6/SystemWorkbench/plugins/fr.ac6.mcu.externaltools.arm-none.linux64_1.15.0.201708311556/tools/compiler/bin/../lib/gcc/arm-none-eabi/6.3.1/thumb/v7-m/crti.o
LOAD /home/hu/Ac6/SystemWorkbench/plugins/fr.ac6.mcu.externaltools.arm-none.linux64_1.15.0.201708311556/tools/compiler/bin/../lib/gcc/arm-none-eabi/6.3.1/thumb/v7-m/crtbegin.o
LOAD /home/hu/Ac6/SystemWorkbench/plugins/fr.ac6.mcu.externaltools.arm-none.linux64_1.15.0.201708311556/tools/compiler/bin/../lib/gcc/arm-none-eabi/6.3.1/../../../../arm-none-eabi/lib/thumb/v7-m/crt0.o
LOAD CMSIS/core/core_cm3.o
LOAD StdPeriph_Driver/src/misc.o
LOAD StdPeriph_Driver/src/stm32f10x_adc.o
LOAD StdPeriph_Driver/src/stm32f10x_bkp.o
LOAD StdPeriph_Driver/src/stm32f10x_can.o
LOAD StdPeriph_Driver/src/stm32f10x_cec.o
LOAD StdPeriph_Driver/src/stm32f10x_crc.o
LOAD StdPeriph_Driver/src/stm32f10x_dac.o
LOAD StdPeriph_Driver/src/stm32f10x_dbgmcu.o
LOAD StdPeriph_Driver/src/stm32f10x_dma.o
LOAD StdPeriph_Driver/src/stm32f10x_exti.o
LOAD StdPeriph_Driver/src/stm32f10x_flash.o
LOAD StdPeriph_Driver/src/stm32f10x_fsmc.o
LOAD StdPeriph_Driver/src/stm32f10x_gpio.o
LOAD StdPeriph_Driver/src/stm32f10x_i2c.o
LOAD StdPeriph_Driver/src/stm32f10x_iwdg.o
LOAD StdPeriph_Driver/src/stm32f10x_pwr.o
LOAD StdPeriph_Driver/src/stm32f10x_rcc.o
LOAD StdPeriph_Driver/src/stm32f10x_rtc.o
LOAD StdPeriph_Driver/src/stm32f10x_sdio.o
LOAD StdPeriph_Driver/src/stm32f10x_spi.o
LOAD StdPeriph_Driver/src/stm32f10x_tim.o
LOAD StdPeriph_Driver/src/stm32f10x_usart.o
LOAD StdPeriph_Driver/src/stm32f10x_wwdg.o
LOAD decadriver/deca_device.o
LOAD decadriver/deca_params_init.o
LOAD decadriver/deca_range_tables.o
LOAD platform/deca_mutex.o
LOAD platform/deca_sleep.o
LOAD platform/deca_spi.o
LOAD platform/lcd.o
LOAD platform/port.o
LOAD src/GPIO.o
LOAD src/main.o
LOAD src/stm32f10x_it.o
LOAD src/syscalls.o
LOAD src/system_stm32f10x.o
LOAD startup/startup_stm32.o
LOAD /home/hu/Ac6/SystemWorkbench/plugins/fr.ac6.mcu.externaltools.arm-none.linux64_1.15.0.201708311556/tools/compiler/bin/../lib/gcc/arm-none-eabi/6.3.1/../../../../arm-none-eabi/lib/thumb/v7-m/libm.a
START GROUP
LOAD /home/hu/Ac6/SystemWorkbench/plugins/fr.ac6.mcu.externaltools.arm-none.linux64_1.15.0.201708311556/tools/compiler/bin/../lib/gcc/arm-none-eabi/6.3.1/thumb/v7-m/libgcc.a
LOAD /home/hu/Ac6/SystemWorkbench/plugins/fr.ac6.mcu.externaltools.arm-none.linux64_1.15.0.201708311556/tools/compiler/bin/../lib/gcc/arm-none-eabi/6.3.1/../../../../arm-none-eabi/lib/thumb/v7-m/libc.a
END GROUP
LOAD /home/hu/Ac6/SystemWorkbench/plugins/fr.ac6.mcu.externaltools.arm-none.linux64_1.15.0.201708311556/tools/compiler/bin/../lib/gcc/arm-none-eabi/6.3.1/thumb/v7-m/crtend.o
LOAD /home/hu/Ac6/SystemWorkbench/plugins/fr.ac6.mcu.externaltools.arm-none.linux64_1.15.0.201708311556/tools/compiler/bin/../lib/gcc/arm-none-eabi/6.3.1/thumb/v7-m/crtn.o
                0x0000000020010000                _estack = 0x20010000
                0x0000000000000000                _Min_Heap_Size = 0x0
                0x0000000000000400                _Min_Stack_Size = 0x400

.isr_vector     0x0000000008000000      0x150
                0x0000000008000000                . = ALIGN (0x4)
 *(.isr_vector)
 .isr_vector    0x0000000008000000      0x150 startup/startup_stm32.o
                0x0000000008000000                g_pfnVectors
                0x0000000008000150                . = ALIGN (0x4)

.text           0x0000000008000150     0x89cc
                0x0000000008000150                . = ALIGN (0x4)
 *(.text)
 .text          0x0000000008000150       0x6c /home/hu/Ac6/SystemWorkbench/plugins/fr.ac6.mcu.externaltools.arm-none.linux64_1.15.0.201708311556/tools/compiler/bin/../lib/gcc/arm-none-eabi/6.3.1/thumb/v7-m/crtbegin.o
 .text          0x00000000080001bc      0x370 /home/hu/Ac6/SystemWorkbench/plugins/fr.ac6.mcu.externaltools.arm-none.linux64_1.15.0.201708311556/tools/compiler/bin/../lib/gcc/arm-none-eabi/6.3.1/thumb/v7-m/libgcc.a(_arm_addsubdf3.o)
                0x00000000080001bc                __aeabi_drsub
                0x00000000080001c4                __aeabi_dsub
                0x00000000080001c4                __subdf3
                0x00000000080001c8                __adddf3
                0x00000000080001c8                __aeabi_dadd
                0x0000000008000440                __aeabi_ui2d
                0x0000000008000440                __floatunsidf
                0x0000000008000460                __floatsidf
                0x0000000008000460                __aeabi_i2d
                0x0000000008000484                __extendsfdf2
                0x0000000008000484                __aeabi_f2d
                0x00000000080004c0                __aeabi_ul2d
                0x00000000080004c0                __floatundidf
                0x00000000080004d0                __floatdidf
                0x00000000080004d0                __aeabi_l2d
 .text          0x000000000800052c      0x424 /home/hu/Ac6/SystemWorkbench/plugins/fr.ac6.mcu.externaltools.arm-none.linux64_1.15.0.201708311556/tools/compiler/bin/../lib/gcc/arm-none-eabi/6.3.1/thumb/v7-m/libgcc.a(_arm_muldivdf3.o)
                0x000000000800052c                __aeabi_dmul
                0x000000000800052c                __muldf3
                0x0000000008000780                __aeabi_ddiv
                0x0000000008000780                __divdf3
 .text          0x0000000008000950       0x50 /home/hu/Ac6/SystemWorkbench/plugins/fr.ac6.mcu.externaltools.arm-none.linux64_1.15.0.201708311556/tools/compiler/bin/../lib/gcc/arm-none-eabi/6.3.1/thumb/v7-m/libgcc.a(_arm_fixdfsi.o)
                0x0000000008000950                __fixdfsi
                0x0000000008000950                __aeabi_d2iz
 .text          0x00000000080009a0       0x40 /home/hu/Ac6/SystemWorkbench/plugins/fr.ac6.mcu.externaltools.arm-none.linux64_1.15.0.201708311556/tools/compiler/bin/../lib/gcc/arm-none-eabi/6.3.1/thumb/v7-m/libgcc.a(_arm_fixunsdfsi.o)
                0x00000000080009a0                __fixunsdfsi
                0x00000000080009a0                __aeabi_d2uiz
 .text          0x00000000080009e0       0xa0 /home/hu/Ac6/SystemWorkbench/plugins/fr.ac6.mcu.externaltools.arm-none.linux64_1.15.0.201708311556/tools/compiler/bin/../lib/gcc/arm-none-eabi/6.3.1/thumb/v7-m/libgcc.a(_arm_truncdfsf2.o)
                0x00000000080009e0                __aeabi_d2f
                0x00000000080009e0                __truncdfsf2
 .text          0x0000000008000a80      0x21c /home/hu/Ac6/SystemWorkbench/plugins/fr.ac6.mcu.externaltools.arm-none.linux64_1.15.0.201708311556/tools/compiler/bin/../lib/gcc/arm-none-eabi/6.3.1/thumb/v7-m/libgcc.a(_arm_addsubsf3.o)
                0x0000000008000a80                __aeabi_frsub
                0x0000000008000a88                __subsf3
                0x0000000008000a88                __aeabi_fsub
                0x0000000008000a8c                __aeabi_fadd
                0x0000000008000a8c                __addsf3
                0x0000000008000bec                __aeabi_ui2f
                0x0000000008000bec                __floatunsisf
                0x0000000008000bf4                __aeabi_i2f
                0x0000000008000bf4                __floatsisf
                0x0000000008000c10                __floatundisf
                0x0000000008000c10                __aeabi_ul2f
                0x0000000008000c20                __floatdisf
                0x0000000008000c20                __aeabi_l2f
 .text          0x0000000008000c9c       0x30 /home/hu/Ac6/SystemWorkbench/plugins/fr.ac6.mcu.externaltools.arm-none.linux64_1.15.0.201708311556/tools/compiler/bin/../lib/gcc/arm-none-eabi/6.3.1/thumb/v7-m/libgcc.a(_fixdfdi.o)
                0x0000000008000c9c                __aeabi_d2lz
                0x0000000008000c9c                __fixdfdi
 .text          0x0000000008000ccc       0x48 /home/hu/Ac6/SystemWorkbench/plugins/fr.ac6.mcu.externaltools.arm-none.linux64_1.15.0.201708311556/tools/compiler/bin/../lib/gcc/arm-none-eabi/6.3.1/thumb/v7-m/libgcc.a(_fixunsdfdi.o)
                0x0000000008000ccc                __aeabi_d2ulz
                0x0000000008000ccc                __fixunsdfdi
 .text          0x0000000008000d14      0x110 /home/hu/Ac6/SystemWorkbench/plugins/fr.ac6.mcu.externaltools.arm-none.linux64_1.15.0.201708311556/tools/compiler/bin/../lib/gcc/arm-none-eabi/6.3.1/thumb/v7-m/libgcc.a(_arm_cmpdf2.o)
                0x0000000008000d14                __gtdf2
                0x0000000008000d14                __gedf2
                0x0000000008000d1c                __ltdf2
                0x0000000008000d1c                __ledf2
                0x0000000008000d24                __cmpdf2
                0x0000000008000d24                __eqdf2
                0x0000000008000d24                __nedf2
                0x0000000008000da0                __aeabi_cdrcmple
                0x0000000008000db0                __aeabi_cdcmple
                0x0000000008000db0                __aeabi_cdcmpeq
                0x0000000008000dc0                __aeabi_dcmpeq
                0x0000000008000dd4                __aeabi_dcmplt
                0x0000000008000de8                __aeabi_dcmple
                0x0000000008000dfc                __aeabi_dcmpge
                0x0000000008000e10                __aeabi_dcmpgt
 .text          0x0000000008000e24       0xec /home/hu/Ac6/SystemWorkbench/plugins/fr.ac6.mcu.externaltools.arm-none.linux64_1.15.0.201708311556/tools/compiler/bin/../lib/gcc/arm-none-eabi/6.3.1/../../../../arm-none-eabi/lib/thumb/v7-m/libc.a(lib_a-memcpy.o)
                0x0000000008000e24                memcpy
 .text          0x0000000008000f10       0x2c /home/hu/Ac6/SystemWorkbench/plugins/fr.ac6.mcu.externaltools.arm-none.linux64_1.15.0.201708311556/tools/compiler/bin/../lib/gcc/arm-none-eabi/6.3.1/thumb/v7-m/libgcc.a(_arm_unorddf2.o)
                0x0000000008000f10                __aeabi_dcmpun
                0x0000000008000f10                __unorddf2
 .text          0x0000000008000f3c       0x30 /home/hu/Ac6/SystemWorkbench/plugins/fr.ac6.mcu.externaltools.arm-none.linux64_1.15.0.201708311556/tools/compiler/bin/../lib/gcc/arm-none-eabi/6.3.1/thumb/v7-m/libgcc.a(_aeabi_uldivmod.o)
                0x0000000008000f3c                __aeabi_uldivmod
 .text          0x0000000008000f6c      0x2dc /home/hu/Ac6/SystemWorkbench/plugins/fr.ac6.mcu.externaltools.arm-none.linux64_1.15.0.201708311556/tools/compiler/bin/../lib/gcc/arm-none-eabi/6.3.1/thumb/v7-m/libgcc.a(_udivmoddi4.o)
                0x0000000008000f6c                __udivmoddi4
 .text          0x0000000008001248        0x4 /home/hu/Ac6/SystemWorkbench/plugins/fr.ac6.mcu.externaltools.arm-none.linux64_1.15.0.201708311556/tools/compiler/bin/../lib/gcc/arm-none-eabi/6.3.1/thumb/v7-m/libgcc.a(_dvmd_tls.o)
                0x0000000008001248                __aeabi_ldiv0
                0x0000000008001248                __aeabi_idiv0
 *(.text*)
 .text.FLASH_SetLatency
                0x000000000800124c       0x38 StdPeriph_Driver/src/stm32f10x_flash.o
                0x000000000800124c                FLASH_SetLatency
 .text.FLASH_PrefetchBufferCmd
                0x0000000008001284       0x30 StdPeriph_Driver/src/stm32f10x_flash.o
                0x0000000008001284                FLASH_PrefetchBufferCmd
 .text.GPIO_Init
                0x00000000080012b4      0x178 StdPeriph_Driver/src/stm32f10x_gpio.o
                0x00000000080012b4                GPIO_Init
 .text.GPIO_ReadInputDataBit
                0x000000000800142c       0x32 StdPeriph_Driver/src/stm32f10x_gpio.o
                0x000000000800142c                GPIO_ReadInputDataBit
 .text.GPIO_ReadOutputDataBit
                0x000000000800145e       0x32 StdPeriph_Driver/src/stm32f10x_gpio.o
                0x000000000800145e                GPIO_ReadOutputDataBit
 .text.GPIO_SetBits
                0x0000000008001490       0x1c StdPeriph_Driver/src/stm32f10x_gpio.o
                0x0000000008001490                GPIO_SetBits
 .text.GPIO_ResetBits
                0x00000000080014ac       0x1c StdPeriph_Driver/src/stm32f10x_gpio.o
                0x00000000080014ac                GPIO_ResetBits
 .text.GPIO_WriteBit
                0x00000000080014c8       0x2e StdPeriph_Driver/src/stm32f10x_gpio.o
                0x00000000080014c8                GPIO_WriteBit
 *fill*         0x00000000080014f6        0x2 
 .text.GPIO_PinRemapConfig
                0x00000000080014f8       0xe0 StdPeriph_Driver/src/stm32f10x_gpio.o
                0x00000000080014f8                GPIO_PinRemapConfig
 .text.RCC_DeInit
                0x00000000080015d8       0x70 StdPeriph_Driver/src/stm32f10x_rcc.o
                0x00000000080015d8                RCC_DeInit
 .text.RCC_HSEConfig
                0x0000000008001648       0x5c StdPeriph_Driver/src/stm32f10x_rcc.o
                0x0000000008001648                RCC_HSEConfig
 .text.RCC_WaitForHSEStartUp
                0x00000000080016a4       0x50 StdPeriph_Driver/src/stm32f10x_rcc.o
                0x00000000080016a4                RCC_WaitForHSEStartUp
 .text.RCC_HCLKConfig
                0x00000000080016f4       0x38 StdPeriph_Driver/src/stm32f10x_rcc.o
                0x00000000080016f4                RCC_HCLKConfig
 .text.RCC_PCLK1Config
                0x000000000800172c       0x38 StdPeriph_Driver/src/stm32f10x_rcc.o
                0x000000000800172c                RCC_PCLK1Config
 .text.RCC_PCLK2Config
                0x0000000008001764       0x38 StdPeriph_Driver/src/stm32f10x_rcc.o
                0x0000000008001764                RCC_PCLK2Config
 .text.RCC_ADCCLKConfig
                0x000000000800179c       0x38 StdPeriph_Driver/src/stm32f10x_rcc.o
                0x000000000800179c                RCC_ADCCLKConfig
 .text.RCC_GetClocksFreq
                0x00000000080017d4      0x1c8 StdPeriph_Driver/src/stm32f10x_rcc.o
                0x00000000080017d4                RCC_GetClocksFreq
 .text.RCC_APB2PeriphClockCmd
                0x000000000800199c       0x3c StdPeriph_Driver/src/stm32f10x_rcc.o
                0x000000000800199c                RCC_APB2PeriphClockCmd
 .text.RCC_APB1PeriphClockCmd
                0x00000000080019d8       0x3c StdPeriph_Driver/src/stm32f10x_rcc.o
                0x00000000080019d8                RCC_APB1PeriphClockCmd
 .text.RCC_APB2PeriphResetCmd
                0x0000000008001a14       0x3c StdPeriph_Driver/src/stm32f10x_rcc.o
                0x0000000008001a14                RCC_APB2PeriphResetCmd
 .text.RCC_APB1PeriphResetCmd
                0x0000000008001a50       0x3c StdPeriph_Driver/src/stm32f10x_rcc.o
                0x0000000008001a50                RCC_APB1PeriphResetCmd
 .text.RCC_GetFlagStatus
                0x0000000008001a8c       0x74 StdPeriph_Driver/src/stm32f10x_rcc.o
                0x0000000008001a8c                RCC_GetFlagStatus
 .text.SPI_I2S_DeInit
                0x0000000008001b00       0x74 StdPeriph_Driver/src/stm32f10x_spi.o
                0x0000000008001b00                SPI_I2S_DeInit
 .text.SPI_Init
                0x0000000008001b74       0x86 StdPeriph_Driver/src/stm32f10x_spi.o
                0x0000000008001b74                SPI_Init
 .text.SPI_Cmd  0x0000000008001bfa       0x3e StdPeriph_Driver/src/stm32f10x_spi.o
                0x0000000008001bfa                SPI_Cmd
 .text.SPI_SSOutputCmd
                0x0000000008001c38       0x3e StdPeriph_Driver/src/stm32f10x_spi.o
                0x0000000008001c38                SPI_SSOutputCmd
 *fill*         0x0000000008001c76        0x2 
 .text.USART_Init
                0x0000000008001c78      0x174 StdPeriph_Driver/src/stm32f10x_usart.o
                0x0000000008001c78                USART_Init
 .text.USART_Cmd
                0x0000000008001dec       0x3e StdPeriph_Driver/src/stm32f10x_usart.o
                0x0000000008001dec                USART_Cmd
 .text.USART_SendData
                0x0000000008001e2a       0x22 StdPeriph_Driver/src/stm32f10x_usart.o
                0x0000000008001e2a                USART_SendData
 .text.USART_GetFlagStatus
                0x0000000008001e4c       0x36 StdPeriph_Driver/src/stm32f10x_usart.o
                0x0000000008001e4c                USART_GetFlagStatus
 *fill*         0x0000000008001e82        0x2 
 .text.dwt_initialise
                0x0000000008001e84      0x168 decadriver/deca_device.o
                0x0000000008001e84                dwt_initialise
 .text.dwt_readdevid
                0x0000000008001fec       0x12 decadriver/deca_device.o
                0x0000000008001fec                dwt_readdevid
 *fill*         0x0000000008001ffe        0x2 
 .text.dwt_configure
                0x0000000008002000      0x2d0 decadriver/deca_device.o
                0x0000000008002000                dwt_configure
 .text.dwt_setrxantennadelay
                0x00000000080022d0       0x20 decadriver/deca_device.o
                0x00000000080022d0                dwt_setrxantennadelay
 .text.dwt_settxantennadelay
                0x00000000080022f0       0x1e decadriver/deca_device.o
                0x00000000080022f0                dwt_settxantennadelay
 .text.dwt_writetxdata
                0x000000000800230e       0x3c decadriver/deca_device.o
                0x000000000800230e                dwt_writetxdata
 *fill*         0x000000000800234a        0x2 
 .text.dwt_writetxfctrl
                0x000000000800234c       0x38 decadriver/deca_device.o
                0x000000000800234c                dwt_writetxfctrl
 .text.dwt_readrxdata
                0x0000000008002384       0x24 decadriver/deca_device.o
                0x0000000008002384                dwt_readrxdata
 .text.dwt_readtxtimestamp
                0x00000000080023a8       0x1c decadriver/deca_device.o
                0x00000000080023a8                dwt_readtxtimestamp
 .text.dwt_readrxtimestamp
                0x00000000080023c4       0x1c decadriver/deca_device.o
                0x00000000080023c4                dwt_readrxtimestamp
 .text.dwt_writetodevice
                0x00000000080023e0       0xba decadriver/deca_device.o
                0x00000000080023e0                dwt_writetodevice
 .text.dwt_readfromdevice
                0x000000000800249a       0xb4 decadriver/deca_device.o
                0x000000000800249a                dwt_readfromdevice
 .text.dwt_read32bitoffsetreg
                0x000000000800254e       0x58 decadriver/deca_device.o
                0x000000000800254e                dwt_read32bitoffsetreg
 .text.dwt_read16bitoffsetreg
                0x00000000080025a6       0x44 decadriver/deca_device.o
                0x00000000080025a6                dwt_read16bitoffsetreg
 .text.dwt_write16bitoffsetreg
                0x00000000080025ea       0x3c decadriver/deca_device.o
                0x00000000080025ea                dwt_write16bitoffsetreg
 .text.dwt_write32bitoffsetreg
                0x0000000008002626       0x52 decadriver/deca_device.o
                0x0000000008002626                dwt_write32bitoffsetreg
 .text._dwt_otpread
                0x0000000008002678       0x5c decadriver/deca_device.o
                0x0000000008002678                _dwt_otpread
 .text.dwt_entersleepaftertx
                0x00000000080026d4       0x3c decadriver/deca_device.o
                0x00000000080026d4                dwt_entersleepaftertx
 .text._dwt_configlde
                0x0000000008002710       0x48 decadriver/deca_device.o
                0x0000000008002710                _dwt_configlde
 .text._dwt_loaducodefromrom
                0x0000000008002758       0x3a decadriver/deca_device.o
                0x0000000008002758                _dwt_loaducodefromrom
 .text.dwt_setrxaftertxdelay
                0x0000000008002792       0x38 decadriver/deca_device.o
                0x0000000008002792                dwt_setrxaftertxdelay
 *fill*         0x00000000080027ca        0x2 
 .text._dwt_enableclocks
                0x00000000080027cc      0x124 decadriver/deca_device.o
                0x00000000080027cc                _dwt_enableclocks
 .text.dwt_setdelayedtrxtime
                0x00000000080028f0       0x1a decadriver/deca_device.o
                0x00000000080028f0                dwt_setdelayedtrxtime
 *fill*         0x000000000800290a        0x2 
 .text.dwt_starttx
                0x000000000800290c       0xc8 decadriver/deca_device.o
                0x000000000800290c                dwt_starttx
 .text.dwt_forcetrxoff
                0x00000000080029d4       0x68 decadriver/deca_device.o
                0x00000000080029d4                dwt_forcetrxoff
 .text.dwt_syncrxbufptrs
                0x0000000008002a3c       0x3c decadriver/deca_device.o
                0x0000000008002a3c                dwt_syncrxbufptrs
 .text.dwt_rxenable
                0x0000000008002a78       0x74 decadriver/deca_device.o
                0x0000000008002a78                dwt_rxenable
 .text.dwt_setrxtimeout
                0x0000000008002aec       0x80 decadriver/deca_device.o
                0x0000000008002aec                dwt_setrxtimeout
 .text.dwt_xtaltrim
                0x0000000008002b6c       0x48 decadriver/deca_device.o
                0x0000000008002b6c                dwt_xtaltrim
 *fill*         0x0000000008002bb4        0x4 
 .text.dwt_getrangebias
                0x0000000008002bb8      0x18c decadriver/deca_range_tables.o
                0x0000000008002bb8                dwt_getrangebias
 .text.NVIC_EnableIRQ
                0x0000000008002d44       0x30 platform/deca_mutex.o
 .text.NVIC_DisableIRQ
                0x0000000008002d74       0x34 platform/deca_mutex.o
 .text.decamutexon
                0x0000000008002da8       0x26 platform/deca_mutex.o
                0x0000000008002da8                decamutexon
 .text.decamutexoff
                0x0000000008002dce       0x1c platform/deca_mutex.o
                0x0000000008002dce                decamutexoff
 .text.deca_sleep
                0x0000000008002dea       0x2c platform/deca_sleep.o
                0x0000000008002dea                deca_sleep
 *fill*         0x0000000008002e16        0x2 
 .text.writetospi_serial
                0x0000000008002e18       0x70 platform/deca_spi.o
                0x0000000008002e18                writetospi_serial
 .text.readfromspi_serial
                0x0000000008002e88       0x74 platform/deca_spi.o
                0x0000000008002e88                readfromspi_serial
 .text.NVIC_SetPriority
                0x0000000008002efc       0x54 platform/port.o
 .text.SysTick_Config
                0x0000000008002f50       0x44 platform/port.o
 .text.portGetTickCnt
                0x0000000008002f94       0x14 platform/port.o
                0x0000000008002f94                portGetTickCnt
 .text.SysTick_Configuration
                0x0000000008002fa8       0x38 platform/port.o
                0x0000000008002fa8                SysTick_Configuration
 .text.EXTI_GetITEnStatus
                0x0000000008002fe0       0x3c platform/port.o
                0x0000000008002fe0                EXTI_GetITEnStatus
 .text.RCC_Configuration
                0x000000000800301c       0x7a platform/port.o
                0x000000000800301c                RCC_Configuration
 *fill*         0x0000000008003096        0x2 
 .text.usartinit
                0x0000000008003098       0x84 platform/port.o
                0x0000000008003098                usartinit
 .text.SPI_ChangeRate
                0x000000000800311c       0x38 platform/port.o
                0x000000000800311c                SPI_ChangeRate
 .text.spi_set_rate_low
                0x0000000008003154        0xe platform/port.o
                0x0000000008003154                spi_set_rate_low
 .text.spi_set_rate_high
                0x0000000008003162        0xe platform/port.o
                0x0000000008003162                spi_set_rate_high
 .text.SPI_Configuration
                0x0000000008003170       0xa8 platform/port.o
                0x0000000008003170                SPI_Configuration
 .text.GPIO_Configuration
                0x0000000008003218      0x188 platform/port.o
                0x0000000008003218                GPIO_Configuration
 .text.reset_DW1000
                0x00000000080033a0       0x54 platform/port.o
                0x00000000080033a0                reset_DW1000
 .text.spi_peripheral_init
                0x00000000080033f4       0x12 platform/port.o
 .text.peripherals_init
                0x0000000008003406       0x1c platform/port.o
                0x0000000008003406                peripherals_init
 .text.final_msg_get_ts
                0x0000000008003422       0x48 src/main.o
 .text.GPIO_Toggle
                0x000000000800346a       0x36 src/main.o
                0x000000000800346a                GPIO_Toggle
 .text.USART_putc
                0x00000000080034a0       0x34 src/main.o
                0x00000000080034a0                USART_putc
 .text.USART_puts
                0x00000000080034d4       0x36 src/main.o
                0x00000000080034d4                USART_puts
 *fill*         0x000000000800350a        0x6 
 .text.LP       0x0000000008003510       0x84 src/main.o
                0x0000000008003510                LP
 .text.Checksum_u16
                0x0000000008003594       0x44 src/main.o
                0x0000000008003594                Checksum_u16
 .text.LED_blink
                0x00000000080035d8       0x34 src/main.o
                0x00000000080035d8                LED_blink
 *fill*         0x000000000800360c        0x4 
 .text.main     0x0000000008003610      0x7a0 src/main.o
                0x0000000008003610                main
 .text.get_tx_timestamp_u64
                0x0000000008003db0       0x68 src/main.o
 .text.get_rx_timestamp_u64
                0x0000000008003e18       0x68 src/main.o
 .text.final_msg_set_ts
                0x0000000008003e80       0x42 src/main.o
 .text.__DSB    0x0000000008003ec2       0x10 src/stm32f10x_it.o
 *fill*         0x0000000008003ed2        0x2 
 .text.NVIC_SystemReset
                0x0000000008003ed4       0x24 src/stm32f10x_it.o
 .text.SysTick_Handler
                0x0000000008003ef8       0x34 src/stm32f10x_it.o
                0x0000000008003ef8                SysTick_Handler
 .text._read    0x0000000008003f2c       0x3a src/syscalls.o
                0x0000000008003f2c                _read
 .text._write   0x0000000008003f66       0x38 src/syscalls.o
                0x0000000008003f66                _write
 *fill*         0x0000000008003f9e        0x2 
 .text._sbrk    0x0000000008003fa0       0x58 src/syscalls.o
                0x0000000008003fa0                _sbrk
 .text._close   0x0000000008003ff8       0x16 src/syscalls.o
                0x0000000008003ff8                _close
 .text._fstat   0x000000000800400e       0x1e src/syscalls.o
                0x000000000800400e                _fstat
 .text._isatty  0x000000000800402c       0x14 src/syscalls.o
                0x000000000800402c                _isatty
 .text._lseek   0x0000000008004040       0x18 src/syscalls.o
                0x0000000008004040                _lseek
 .text.SystemInit
                0x0000000008004058       0x7c src/system_stm32f10x.o
                0x0000000008004058                SystemInit
 .text.SetSysClock
                0x00000000080040d4        0xc src/system_stm32f10x.o
 .text.SetSysClockTo72
                0x00000000080040e0      0x138 src/system_stm32f10x.o
 .text.Reset_Handler
                0x0000000008004218       0x50 startup/startup_stm32.o
                0x0000000008004218                Reset_Handler
 .text.Default_Handler
                0x0000000008004268        0x2 startup/startup_stm32.o
                0x0000000008004268                EXTI2_IRQHandler
                0x0000000008004268                TIM8_TRG_COM_IRQHandler
                0x0000000008004268                TIM8_CC_IRQHandler
                0x0000000008004268                DebugMon_Handler
                0x0000000008004268                TIM1_CC_IRQHandler
                0x0000000008004268                HardFault_Handler
                0x0000000008004268                TIM6_IRQHandler
                0x0000000008004268                PVD_IRQHandler
                0x0000000008004268                SDIO_IRQHandler
                0x0000000008004268                PendSV_Handler
                0x0000000008004268                NMI_Handler
                0x0000000008004268                CAN2_RX1_IRQHandler
                0x0000000008004268                EXTI3_IRQHandler
                0x0000000008004268                USB_HP_CAN_TX_IRQHandler
                0x0000000008004268                EXTI0_IRQHandler
                0x0000000008004268                I2C2_EV_IRQHandler
                0x0000000008004268                UsageFault_Handler
                0x0000000008004268                CAN2_SCE_IRQHandler
                0x0000000008004268                ADC1_2_IRQHandler
                0x0000000008004268                SPI1_IRQHandler
                0x0000000008004268                CAN_SCE_IRQHandler
                0x0000000008004268                TAMPER_IRQHandler
                0x0000000008004268                CAN2_RX0_IRQHandler
                0x0000000008004268                TIM8_UP_IRQHandler
                0x0000000008004268                DMA2_Channel2_IRQHandler
                0x0000000008004268                DMA1_Channel4_IRQHandler
                0x0000000008004268                USART3_IRQHandler
                0x0000000008004268                RTC_IRQHandler
                0x0000000008004268                DMA1_Channel7_IRQHandler
                0x0000000008004268                UART5_IRQHandler
                0x0000000008004268                ADC3_IRQHandler
                0x0000000008004268                USBWakeup_IRQHandler
                0x0000000008004268                TIM4_IRQHandler
                0x0000000008004268                CAN_RX1_IRQHandler
                0x0000000008004268                DMA2_Channel1_IRQHandler
                0x0000000008004268                I2C1_EV_IRQHandler
                0x0000000008004268                DMA1_Channel6_IRQHandler
                0x0000000008004268                UART4_IRQHandler
                0x0000000008004268                DMA2_Channel4_IRQHandler
                0x0000000008004268                TIM3_IRQHandler
                0x0000000008004268                RCC_IRQHandler
                0x0000000008004268                TIM1_TRG_COM_IRQHandler
                0x0000000008004268                DMA1_Channel1_IRQHandler
                0x0000000008004268                Default_Handler
                0x0000000008004268                EXTI15_10_IRQHandler
                0x0000000008004268                TIM7_IRQHandler
                0x0000000008004268                CAN2_TX_IRQHandler
                0x0000000008004268                TIM5_IRQHandler
                0x0000000008004268                EXTI9_5_IRQHandler
                0x0000000008004268                ETH_WKUP_IRQHandler
                0x0000000008004268                SPI2_IRQHandler
                0x0000000008004268                USB_LP_CAN_RX0_IRQHandler
                0x0000000008004268                MemManage_Handler
                0x0000000008004268                SVC_Handler
                0x0000000008004268                DMA2_Channel5_IRQHandler
                0x0000000008004268                DMA1_Channel5_IRQHandler
                0x0000000008004268                EXTI4_IRQHandler
                0x0000000008004268                DMA1_Channel3_IRQHandler
                0x0000000008004268                FSMC_IRQHandler
                0x0000000008004268                ETH_IRQHandler
                0x0000000008004268                TIM1_UP_IRQHandler
                0x0000000008004268                WWDG_IRQHandler
                0x0000000008004268                TIM2_IRQHandler
                0x0000000008004268                TIM1_BRK_IRQHandler
                0x0000000008004268                EXTI1_IRQHandler
                0x0000000008004268                RTCAlarm_IRQHandler
                0x0000000008004268                USART2_IRQHandler
                0x0000000008004268                I2C2_ER_IRQHandler
                0x0000000008004268                DMA1_Channel2_IRQHandler
                0x0000000008004268                TIM8_BRK_IRQHandler
                0x0000000008004268                FLASH_IRQHandler
                0x0000000008004268                BusFault_Handler
                0x0000000008004268                USART1_IRQHandler
                0x0000000008004268                OTG_FS_IRQHandler
                0x0000000008004268                SPI3_IRQHandler
                0x0000000008004268                I2C1_ER_IRQHandler
                0x0000000008004268                DMA2_Channel3_IRQHandler
 *fill*         0x000000000800426a        0x2 
 .text.__errno  0x000000000800426c        0xc /home/hu/Ac6/SystemWorkbench/plugins/fr.ac6.mcu.externaltools.arm-none.linux64_1.15.0.201708311556/tools/compiler/bin/../lib/gcc/arm-none-eabi/6.3.1/../../../../arm-none-eabi/lib/thumb/v7-m/libc.a(lib_a-errno.o)
                0x000000000800426c                __errno
 .text.__libc_init_array
                0x0000000008004278       0x50 /home/hu/Ac6/SystemWorkbench/plugins/fr.ac6.mcu.externaltools.arm-none.linux64_1.15.0.201708311556/tools/compiler/bin/../lib/gcc/arm-none-eabi/6.3.1/../../../../arm-none-eabi/lib/thumb/v7-m/libc.a(lib_a-init.o)
                0x0000000008004278                __libc_init_array
 .text.memcmp   0x00000000080042c8       0x60 /home/hu/Ac6/SystemWorkbench/plugins/fr.ac6.mcu.externaltools.arm-none.linux64_1.15.0.201708311556/tools/compiler/bin/../lib/gcc/arm-none-eabi/6.3.1/../../../../arm-none-eabi/lib/thumb/v7-m/libc.a(lib_a-memcmp.o)
                0x00000000080042c8                memcmp
 .text.memset   0x0000000008004328       0x9c /home/hu/Ac6/SystemWorkbench/plugins/fr.ac6.mcu.externaltools.arm-none.linux64_1.15.0.201708311556/tools/compiler/bin/../lib/gcc/arm-none-eabi/6.3.1/../../../../arm-none-eabi/lib/thumb/v7-m/libc.a(lib_a-memset.o)
                0x0000000008004328                memset
 .text.printf   0x00000000080043c4       0x28 /home/hu/Ac6/SystemWorkbench/plugins/fr.ac6.mcu.externaltools.arm-none.linux64_1.15.0.201708311556/tools/compiler/bin/../lib/gcc/arm-none-eabi/6.3.1/../../../../arm-none-eabi/lib/thumb/v7-m/libc.a(lib_a-printf.o)
                0x00000000080043c4                printf
 .text._vfprintf_r
                0x00000000080043ec     0x15e8 /home/hu/Ac6/SystemWorkbench/plugins/fr.ac6.mcu.externaltools.arm-none.linux64_1.15.0.201708311556/tools/compiler/bin/../lib/gcc/arm-none-eabi/6.3.1/../../../../arm-none-eabi/lib/thumb/v7-m/libc.a(lib_a-vfprintf.o)
                0x00000000080043ec                _vfprintf_r
 .text.__sbprintf
                0x00000000080059d4       0x88 /home/hu/Ac6/SystemWorkbench/plugins/fr.ac6.mcu.externaltools.arm-none.linux64_1.15.0.201708311556/tools/compiler/bin/../lib/gcc/arm-none-eabi/6.3.1/../../../../arm-none-eabi/lib/thumb/v7-m/libc.a(lib_a-vfprintf.o)
 .text.__swsetup_r
                0x0000000008005a5c       0xc8 /home/hu/Ac6/SystemWorkbench/plugins/fr.ac6.mcu.externaltools.arm-none.linux64_1.15.0.201708311556/tools/compiler/bin/../lib/gcc/arm-none-eabi/6.3.1/../../../../arm-none-eabi/lib/thumb/v7-m/libc.a(lib_a-wsetup.o)
                0x0000000008005a5c                __swsetup_r
 .text.startup.register_fini
                0x0000000008005b24       0x14 /home/hu/Ac6/SystemWorkbench/plugins/fr.ac6.mcu.externaltools.arm-none.linux64_1.15.0.201708311556/tools/compiler/bin/../lib/gcc/arm-none-eabi/6.3.1/../../../../arm-none-eabi/lib/thumb/v7-m/libc.a(lib_a-__call_atexit.o)
 .text.atexit   0x0000000008005b38        0xc /home/hu/Ac6/SystemWorkbench/plugins/fr.ac6.mcu.externaltools.arm-none.linux64_1.15.0.201708311556/tools/compiler/bin/../lib/gcc/arm-none-eabi/6.3.1/../../../../arm-none-eabi/lib/thumb/v7-m/libc.a(lib_a-atexit.o)
                0x0000000008005b38                atexit
 .text.quorem   0x0000000008005b44      0x128 /home/hu/Ac6/SystemWorkbench/plugins/fr.ac6.mcu.externaltools.arm-none.linux64_1.15.0.201708311556/tools/compiler/bin/../lib/gcc/arm-none-eabi/6.3.1/../../../../arm-none-eabi/lib/thumb/v7-m/libc.a(lib_a-dtoa.o)
 *fill*         0x0000000008005c6c        0x4 
 .text._dtoa_r  0x0000000008005c70      0xe44 /home/hu/Ac6/SystemWorkbench/plugins/fr.ac6.mcu.externaltools.arm-none.linux64_1.15.0.201708311556/tools/compiler/bin/../lib/gcc/arm-none-eabi/6.3.1/../../../../arm-none-eabi/lib/thumb/v7-m/libc.a(lib_a-dtoa.o)
                0x0000000008005c70                _dtoa_r
 .text.__sflush_r
                0x0000000008006ab4      0x138 /home/hu/Ac6/SystemWorkbench/plugins/fr.ac6.mcu.externaltools.arm-none.linux64_1.15.0.201708311556/tools/compiler/bin/../lib/gcc/arm-none-eabi/6.3.1/../../../../arm-none-eabi/lib/thumb/v7-m/libc.a(lib_a-fflush.o)
                0x0000000008006ab4                __sflush_r
 .text._fflush_r
                0x0000000008006bec       0x54 /home/hu/Ac6/SystemWorkbench/plugins/fr.ac6.mcu.externaltools.arm-none.linux64_1.15.0.201708311556/tools/compiler/bin/../lib/gcc/arm-none-eabi/6.3.1/../../../../arm-none-eabi/lib/thumb/v7-m/libc.a(lib_a-fflush.o)
                0x0000000008006bec                _fflush_r
 .text._cleanup_r
                0x0000000008006c40        0xc /home/hu/Ac6/SystemWorkbench/plugins/fr.ac6.mcu.externaltools.arm-none.linux64_1.15.0.201708311556/tools/compiler/bin/../lib/gcc/arm-none-eabi/6.3.1/../../../../arm-none-eabi/lib/thumb/v7-m/libc.a(lib_a-findfp.o)
                0x0000000008006c40                _cleanup_r
 .text.std.isra.0
                0x0000000008006c4c       0x50 /home/hu/Ac6/SystemWorkbench/plugins/fr.ac6.mcu.externaltools.arm-none.linux64_1.15.0.201708311556/tools/compiler/bin/../lib/gcc/arm-none-eabi/6.3.1/../../../../arm-none-eabi/lib/thumb/v7-m/libc.a(lib_a-findfp.o)
 .text.__sinit  0x0000000008006c9c       0x60 /home/hu/Ac6/SystemWorkbench/plugins/fr.ac6.mcu.externaltools.arm-none.linux64_1.15.0.201708311556/tools/compiler/bin/../lib/gcc/arm-none-eabi/6.3.1/../../../../arm-none-eabi/lib/thumb/v7-m/libc.a(lib_a-findfp.o)
                0x0000000008006c9c                __sinit
 .text.__sfp_lock_acquire
                0x0000000008006cfc        0xc /home/hu/Ac6/SystemWorkbench/plugins/fr.ac6.mcu.externaltools.arm-none.linux64_1.15.0.201708311556/tools/compiler/bin/../lib/gcc/arm-none-eabi/6.3.1/../../../../arm-none-eabi/lib/thumb/v7-m/libc.a(lib_a-findfp.o)
                0x0000000008006cfc                __sfp_lock_acquire
 .text.__sfp_lock_release
                0x0000000008006d08        0xc /home/hu/Ac6/SystemWorkbench/plugins/fr.ac6.mcu.externaltools.arm-none.linux64_1.15.0.201708311556/tools/compiler/bin/../lib/gcc/arm-none-eabi/6.3.1/../../../../arm-none-eabi/lib/thumb/v7-m/libc.a(lib_a-findfp.o)
                0x0000000008006d08                __sfp_lock_release
 .text.__libc_fini_array
                0x0000000008006d14       0x34 /home/hu/Ac6/SystemWorkbench/plugins/fr.ac6.mcu.externaltools.arm-none.linux64_1.15.0.201708311556/tools/compiler/bin/../lib/gcc/arm-none-eabi/6.3.1/../../../../arm-none-eabi/lib/thumb/v7-m/libc.a(lib_a-fini.o)
                0x0000000008006d14                __libc_fini_array
 .text._malloc_trim_r
                0x0000000008006d48       0xa0 /home/hu/Ac6/SystemWorkbench/plugins/fr.ac6.mcu.externaltools.arm-none.linux64_1.15.0.201708311556/tools/compiler/bin/../lib/gcc/arm-none-eabi/6.3.1/../../../../arm-none-eabi/lib/thumb/v7-m/libc.a(lib_a-freer.o)
                0x0000000008006d48                _malloc_trim_r
 .text._free_r  0x0000000008006de8      0x1cc /home/hu/Ac6/SystemWorkbench/plugins/fr.ac6.mcu.externaltools.arm-none.linux64_1.15.0.201708311556/tools/compiler/bin/../lib/gcc/arm-none-eabi/6.3.1/../../../../arm-none-eabi/lib/thumb/v7-m/libc.a(lib_a-freer.o)
                0x0000000008006de8                _free_r
 .text._fwalk_reent
                0x0000000008006fb4       0x50 /home/hu/Ac6/SystemWorkbench/plugins/fr.ac6.mcu.externaltools.arm-none.linux64_1.15.0.201708311556/tools/compiler/bin/../lib/gcc/arm-none-eabi/6.3.1/../../../../arm-none-eabi/lib/thumb/v7-m/libc.a(lib_a-fwalk.o)
                0x0000000008006fb4                _fwalk_reent
 .text._localeconv_r
                0x0000000008007004       0x1c /home/hu/Ac6/SystemWorkbench/plugins/fr.ac6.mcu.externaltools.arm-none.linux64_1.15.0.201708311556/tools/compiler/bin/../lib/gcc/arm-none-eabi/6.3.1/../../../../arm-none-eabi/lib/thumb/v7-m/libc.a(lib_a-localeconv.o)
                0x0000000008007004                _localeconv_r
 .text.__retarget_lock_init_recursive
                0x0000000008007020        0x4 /home/hu/Ac6/SystemWorkbench/plugins/fr.ac6.mcu.externaltools.arm-none.linux64_1.15.0.201708311556/tools/compiler/bin/../lib/gcc/arm-none-eabi/6.3.1/../../../../arm-none-eabi/lib/thumb/v7-m/libc.a(lib_a-lock.o)
                0x0000000008007020                __retarget_lock_init_recursive
 .text.__retarget_lock_close_recursive
                0x0000000008007024        0x4 /home/hu/Ac6/SystemWorkbench/plugins/fr.ac6.mcu.externaltools.arm-none.linux64_1.15.0.201708311556/tools/compiler/bin/../lib/gcc/arm-none-eabi/6.3.1/../../../../arm-none-eabi/lib/thumb/v7-m/libc.a(lib_a-lock.o)
                0x0000000008007024                __retarget_lock_close_recursive
 .text.__retarget_lock_acquire_recursive
                0x0000000008007028        0x4 /home/hu/Ac6/SystemWorkbench/plugins/fr.ac6.mcu.externaltools.arm-none.linux64_1.15.0.201708311556/tools/compiler/bin/../lib/gcc/arm-none-eabi/6.3.1/../../../../arm-none-eabi/lib/thumb/v7-m/libc.a(lib_a-lock.o)
                0x0000000008007028                __retarget_lock_acquire_recursive
 .text.__retarget_lock_release_recursive
                0x000000000800702c        0x4 /home/hu/Ac6/SystemWorkbench/plugins/fr.ac6.mcu.externaltools.arm-none.linux64_1.15.0.201708311556/tools/compiler/bin/../lib/gcc/arm-none-eabi/6.3.1/../../../../arm-none-eabi/lib/thumb/v7-m/libc.a(lib_a-lock.o)
                0x000000000800702c                __retarget_lock_release_recursive
 .text.__swhatbuf_r
                0x0000000008007030       0x5c /home/hu/Ac6/SystemWorkbench/plugins/fr.ac6.mcu.externaltools.arm-none.linux64_1.15.0.201708311556/tools/compiler/bin/../lib/gcc/arm-none-eabi/6.3.1/../../../../arm-none-eabi/lib/thumb/v7-m/libc.a(lib_a-makebuf.o)
                0x0000000008007030                __swhatbuf_r
 .text.__smakebuf_r
                0x000000000800708c       0x94 /home/hu/Ac6/SystemWorkbench/plugins/fr.ac6.mcu.externaltools.arm-none.linux64_1.15.0.201708311556/tools/compiler/bin/../lib/gcc/arm-none-eabi/6.3.1/../../../../arm-none-eabi/lib/thumb/v7-m/libc.a(lib_a-makebuf.o)
                0x000000000800708c                __smakebuf_r
 .text._malloc_r
                0x0000000008007120      0x544 /home/hu/Ac6/SystemWorkbench/plugins/fr.ac6.mcu.externaltools.arm-none.linux64_1.15.0.201708311556/tools/compiler/bin/../lib/gcc/arm-none-eabi/6.3.1/../../../../arm-none-eabi/lib/thumb/v7-m/libc.a(lib_a-mallocr.o)
                0x0000000008007120                _malloc_r
 .text.memchr   0x0000000008007664       0x8c /home/hu/Ac6/SystemWorkbench/plugins/fr.ac6.mcu.externaltools.arm-none.linux64_1.15.0.201708311556/tools/compiler/bin/../lib/gcc/arm-none-eabi/6.3.1/../../../../arm-none-eabi/lib/thumb/v7-m/libc.a(lib_a-memchr-stub.o)
                0x0000000008007664                memchr
 .text.__malloc_lock
                0x00000000080076f0        0xc /home/hu/Ac6/SystemWorkbench/plugins/fr.ac6.mcu.externaltools.arm-none.linux64_1.15.0.201708311556/tools/compiler/bin/../lib/gcc/arm-none-eabi/6.3.1/../../../../arm-none-eabi/lib/thumb/v7-m/libc.a(lib_a-mlock.o)
                0x00000000080076f0                __malloc_lock
 .text.__malloc_unlock
                0x00000000080076fc        0xc /home/hu/Ac6/SystemWorkbench/plugins/fr.ac6.mcu.externaltools.arm-none.linux64_1.15.0.201708311556/tools/compiler/bin/../lib/gcc/arm-none-eabi/6.3.1/../../../../arm-none-eabi/lib/thumb/v7-m/libc.a(lib_a-mlock.o)
                0x00000000080076fc                __malloc_unlock
 .text._Balloc  0x0000000008007708       0x4c /home/hu/Ac6/SystemWorkbench/plugins/fr.ac6.mcu.externaltools.arm-none.linux64_1.15.0.201708311556/tools/compiler/bin/../lib/gcc/arm-none-eabi/6.3.1/../../../../arm-none-eabi/lib/thumb/v7-m/libc.a(lib_a-mprec.o)
                0x0000000008007708                _Balloc
 .text._Bfree   0x0000000008007754       0x14 /home/hu/Ac6/SystemWorkbench/plugins/fr.ac6.mcu.externaltools.arm-none.linux64_1.15.0.201708311556/tools/compiler/bin/../lib/gcc/arm-none-eabi/6.3.1/../../../../arm-none-eabi/lib/thumb/v7-m/libc.a(lib_a-mprec.o)
                0x0000000008007754                _Bfree
 .text.__multadd
                0x0000000008007768       0x84 /home/hu/Ac6/SystemWorkbench/plugins/fr.ac6.mcu.externaltools.arm-none.linux64_1.15.0.201708311556/tools/compiler/bin/../lib/gcc/arm-none-eabi/6.3.1/../../../../arm-none-eabi/lib/thumb/v7-m/libc.a(lib_a-mprec.o)
                0x0000000008007768                __multadd
 .text.__hi0bits
                0x00000000080077ec       0x40 /home/hu/Ac6/SystemWorkbench/plugins/fr.ac6.mcu.externaltools.arm-none.linux64_1.15.0.201708311556/tools/compiler/bin/../lib/gcc/arm-none-eabi/6.3.1/../../../../arm-none-eabi/lib/thumb/v7-m/libc.a(lib_a-mprec.o)
                0x00000000080077ec                __hi0bits
 .text.__lo0bits
                0x000000000800782c       0x60 /home/hu/Ac6/SystemWorkbench/plugins/fr.ac6.mcu.externaltools.arm-none.linux64_1.15.0.201708311556/tools/compiler/bin/../lib/gcc/arm-none-eabi/6.3.1/../../../../arm-none-eabi/lib/thumb/v7-m/libc.a(lib_a-mprec.o)
                0x000000000800782c                __lo0bits
 .text.__i2b    0x000000000800788c       0x14 /home/hu/Ac6/SystemWorkbench/plugins/fr.ac6.mcu.externaltools.arm-none.linux64_1.15.0.201708311556/tools/compiler/bin/../lib/gcc/arm-none-eabi/6.3.1/../../../../arm-none-eabi/lib/thumb/v7-m/libc.a(lib_a-mprec.o)
                0x000000000800788c                __i2b
 .text.__multiply
                0x00000000080078a0      0x124 /home/hu/Ac6/SystemWorkbench/plugins/fr.ac6.mcu.externaltools.arm-none.linux64_1.15.0.201708311556/tools/compiler/bin/../lib/gcc/arm-none-eabi/6.3.1/../../../../arm-none-eabi/lib/thumb/v7-m/libc.a(lib_a-mprec.o)
                0x00000000080078a0                __multiply
 .text.__pow5mult
                0x00000000080079c4       0xa0 /home/hu/Ac6/SystemWorkbench/plugins/fr.ac6.mcu.externaltools.arm-none.linux64_1.15.0.201708311556/tools/compiler/bin/../lib/gcc/arm-none-eabi/6.3.1/../../../../arm-none-eabi/lib/thumb/v7-m/libc.a(lib_a-mprec.o)
                0x00000000080079c4                __pow5mult
 .text.__lshift
                0x0000000008007a64       0xa0 /home/hu/Ac6/SystemWorkbench/plugins/fr.ac6.mcu.externaltools.arm-none.linux64_1.15.0.201708311556/tools/compiler/bin/../lib/gcc/arm-none-eabi/6.3.1/../../../../arm-none-eabi/lib/thumb/v7-m/libc.a(lib_a-mprec.o)
                0x0000000008007a64                __lshift
 .text.__mcmp   0x0000000008007b04       0x38 /home/hu/Ac6/SystemWorkbench/plugins/fr.ac6.mcu.externaltools.arm-none.linux64_1.15.0.201708311556/tools/compiler/bin/../lib/gcc/arm-none-eabi/6.3.1/../../../../arm-none-eabi/lib/thumb/v7-m/libc.a(lib_a-mprec.o)
                0x0000000008007b04                __mcmp
 .text.__mdiff  0x0000000008007b3c      0x11c /home/hu/Ac6/SystemWorkbench/plugins/fr.ac6.mcu.externaltools.arm-none.linux64_1.15.0.201708311556/tools/compiler/bin/../lib/gcc/arm-none-eabi/6.3.1/../../../../arm-none-eabi/lib/thumb/v7-m/libc.a(lib_a-mprec.o)
                0x0000000008007b3c                __mdiff
 .text.__d2b    0x0000000008007c58       0xa8 /home/hu/Ac6/SystemWorkbench/plugins/fr.ac6.mcu.externaltools.arm-none.linux64_1.15.0.201708311556/tools/compiler/bin/../lib/gcc/arm-none-eabi/6.3.1/../../../../arm-none-eabi/lib/thumb/v7-m/libc.a(lib_a-mprec.o)
                0x0000000008007c58                __d2b
 .text._sbrk_r  0x0000000008007d00       0x24 /home/hu/Ac6/SystemWorkbench/plugins/fr.ac6.mcu.externaltools.arm-none.linux64_1.15.0.201708311556/tools/compiler/bin/../lib/gcc/arm-none-eabi/6.3.1/../../../../arm-none-eabi/lib/thumb/v7-m/libc.a(lib_a-sbrkr.o)
                0x0000000008007d00                _sbrk_r
 .text.__sread  0x0000000008007d24       0x24 /home/hu/Ac6/SystemWorkbench/plugins/fr.ac6.mcu.externaltools.arm-none.linux64_1.15.0.201708311556/tools/compiler/bin/../lib/gcc/arm-none-eabi/6.3.1/../../../../arm-none-eabi/lib/thumb/v7-m/libc.a(lib_a-stdio.o)
                0x0000000008007d24                __sread
 .text.__swrite
                0x0000000008007d48       0x3c /home/hu/Ac6/SystemWorkbench/plugins/fr.ac6.mcu.externaltools.arm-none.linux64_1.15.0.201708311556/tools/compiler/bin/../lib/gcc/arm-none-eabi/6.3.1/../../../../arm-none-eabi/lib/thumb/v7-m/libc.a(lib_a-stdio.o)
                0x0000000008007d48                __swrite
 .text.__sseek  0x0000000008007d84       0x20 /home/hu/Ac6/SystemWorkbench/plugins/fr.ac6.mcu.externaltools.arm-none.linux64_1.15.0.201708311556/tools/compiler/bin/../lib/gcc/arm-none-eabi/6.3.1/../../../../arm-none-eabi/lib/thumb/v7-m/libc.a(lib_a-stdio.o)
                0x0000000008007d84                __sseek
 .text.__sclose
                0x0000000008007da4        0x8 /home/hu/Ac6/SystemWorkbench/plugins/fr.ac6.mcu.externaltools.arm-none.linux64_1.15.0.201708311556/tools/compiler/bin/../lib/gcc/arm-none-eabi/6.3.1/../../../../arm-none-eabi/lib/thumb/v7-m/libc.a(lib_a-stdio.o)
                0x0000000008007da4                __sclose
 .text.strlen   0x0000000008007dac       0x5c /home/hu/Ac6/SystemWorkbench/plugins/fr.ac6.mcu.externaltools.arm-none.linux64_1.15.0.201708311556/tools/compiler/bin/../lib/gcc/arm-none-eabi/6.3.1/../../../../arm-none-eabi/lib/thumb/v7-m/libc.a(lib_a-strlen-stub.o)
                0x0000000008007dac                strlen
 .text.__sprint_r.part.0
                0x0000000008007e08       0x80 /home/hu/Ac6/SystemWorkbench/plugins/fr.ac6.mcu.externaltools.arm-none.linux64_1.15.0.201708311556/tools/compiler/bin/../lib/gcc/arm-none-eabi/6.3.1/../../../../arm-none-eabi/lib/thumb/v7-m/libc.a(lib_a-vfiprintf.o)
 .text.__sprint_r
                0x0000000008007e88       0x14 /home/hu/Ac6/SystemWorkbench/plugins/fr.ac6.mcu.externaltools.arm-none.linux64_1.15.0.201708311556/tools/compiler/bin/../lib/gcc/arm-none-eabi/6.3.1/../../../../arm-none-eabi/lib/thumb/v7-m/libc.a(lib_a-vfiprintf.o)
                0x0000000008007e88                __sprint_r
 .text._write_r
                0x0000000008007e9c       0x2c /home/hu/Ac6/SystemWorkbench/plugins/fr.ac6.mcu.externaltools.arm-none.linux64_1.15.0.201708311556/tools/compiler/bin/../lib/gcc/arm-none-eabi/6.3.1/../../../../arm-none-eabi/lib/thumb/v7-m/libc.a(lib_a-writer.o)
                0x0000000008007e9c                _write_r
 .text.__register_exitproc
                0x0000000008007ec8       0xc4 /home/hu/Ac6/SystemWorkbench/plugins/fr.ac6.mcu.externaltools.arm-none.linux64_1.15.0.201708311556/tools/compiler/bin/../lib/gcc/arm-none-eabi/6.3.1/../../../../arm-none-eabi/lib/thumb/v7-m/libc.a(lib_a-__atexit.o)
                0x0000000008007ec8                __register_exitproc
 .text._calloc_r
                0x0000000008007f8c       0x60 /home/hu/Ac6/SystemWorkbench/plugins/fr.ac6.mcu.externaltools.arm-none.linux64_1.15.0.201708311556/tools/compiler/bin/../lib/gcc/arm-none-eabi/6.3.1/../../../../arm-none-eabi/lib/thumb/v7-m/libc.a(lib_a-callocr.o)
                0x0000000008007f8c                _calloc_r
 .text._close_r
                0x0000000008007fec       0x24 /home/hu/Ac6/SystemWorkbench/plugins/fr.ac6.mcu.externaltools.arm-none.linux64_1.15.0.201708311556/tools/compiler/bin/../lib/gcc/arm-none-eabi/6.3.1/../../../../arm-none-eabi/lib/thumb/v7-m/libc.a(lib_a-closer.o)
                0x0000000008007fec                _close_r
 .text._fclose_r
                0x0000000008008010       0xc4 /home/hu/Ac6/SystemWorkbench/plugins/fr.ac6.mcu.externaltools.arm-none.linux64_1.15.0.201708311556/tools/compiler/bin/../lib/gcc/arm-none-eabi/6.3.1/../../../../arm-none-eabi/lib/thumb/v7-m/libc.a(lib_a-fclose.o)
                0x0000000008008010                _fclose_r
 .text.__fputwc
                0x00000000080080d4       0x98 /home/hu/Ac6/SystemWorkbench/plugins/fr.ac6.mcu.externaltools.arm-none.linux64_1.15.0.201708311556/tools/compiler/bin/../lib/gcc/arm-none-eabi/6.3.1/../../../../arm-none-eabi/lib/thumb/v7-m/libc.a(lib_a-fputwc.o)
                0x00000000080080d4                __fputwc
 .text._fputwc_r
                0x000000000800816c       0x68 /home/hu/Ac6/SystemWorkbench/plugins/fr.ac6.mcu.externaltools.arm-none.linux64_1.15.0.201708311556/tools/compiler/bin/../lib/gcc/arm-none-eabi/6.3.1/../../../../arm-none-eabi/lib/thumb/v7-m/libc.a(lib_a-fputwc.o)
                0x000000000800816c                _fputwc_r
 .text._fstat_r
                0x00000000080081d4       0x28 /home/hu/Ac6/SystemWorkbench/plugins/fr.ac6.mcu.externaltools.arm-none.linux64_1.15.0.201708311556/tools/compiler/bin/../lib/gcc/arm-none-eabi/6.3.1/../../../../arm-none-eabi/lib/thumb/v7-m/libc.a(lib_a-fstatr.o)
                0x00000000080081d4                _fstat_r
 .text.__sfvwrite_r
                0x00000000080081fc      0x2f4 /home/hu/Ac6/SystemWorkbench/plugins/fr.ac6.mcu.externaltools.arm-none.linux64_1.15.0.201708311556/tools/compiler/bin/../lib/gcc/arm-none-eabi/6.3.1/../../../../arm-none-eabi/lib/thumb/v7-m/libc.a(lib_a-fvwrite.o)
                0x00000000080081fc                __sfvwrite_r
 .text._isatty_r
                0x00000000080084f0       0x24 /home/hu/Ac6/SystemWorkbench/plugins/fr.ac6.mcu.externaltools.arm-none.linux64_1.15.0.201708311556/tools/compiler/bin/../lib/gcc/arm-none-eabi/6.3.1/../../../../arm-none-eabi/lib/thumb/v7-m/libc.a(lib_a-isattyr.o)
                0x00000000080084f0                _isatty_r
 .text.__locale_mb_cur_max
                0x0000000008008514       0x1c /home/hu/Ac6/SystemWorkbench/plugins/fr.ac6.mcu.externaltools.arm-none.linux64_1.15.0.201708311556/tools/compiler/bin/../lib/gcc/arm-none-eabi/6.3.1/../../../../arm-none-eabi/lib/thumb/v7-m/libc.a(lib_a-locale.o)
                0x0000000008008514                __locale_mb_cur_max
 .text._lseek_r
                0x0000000008008530       0x2c /home/hu/Ac6/SystemWorkbench/plugins/fr.ac6.mcu.externaltools.arm-none.linux64_1.15.0.201708311556/tools/compiler/bin/../lib/gcc/arm-none-eabi/6.3.1/../../../../arm-none-eabi/lib/thumb/v7-m/libc.a(lib_a-lseekr.o)
                0x0000000008008530                _lseek_r
 .text.__ascii_mbtowc
                0x000000000800855c       0x2c /home/hu/Ac6/SystemWorkbench/plugins/fr.ac6.mcu.externaltools.arm-none.linux64_1.15.0.201708311556/tools/compiler/bin/../lib/gcc/arm-none-eabi/6.3.1/../../../../arm-none-eabi/lib/thumb/v7-m/libc.a(lib_a-mbtowc_r.o)
                0x000000000800855c                __ascii_mbtowc
 .text.memmove  0x0000000008008588       0xc8 /home/hu/Ac6/SystemWorkbench/plugins/fr.ac6.mcu.externaltools.arm-none.linux64_1.15.0.201708311556/tools/compiler/bin/../lib/gcc/arm-none-eabi/6.3.1/../../../../arm-none-eabi/lib/thumb/v7-m/libc.a(lib_a-memmove.o)
                0x0000000008008588                memmove
 .text._read_r  0x0000000008008650       0x2c /home/hu/Ac6/SystemWorkbench/plugins/fr.ac6.mcu.externaltools.arm-none.linux64_1.15.0.201708311556/tools/compiler/bin/../lib/gcc/arm-none-eabi/6.3.1/../../../../arm-none-eabi/lib/thumb/v7-m/libc.a(lib_a-readr.o)
                0x0000000008008650                _read_r
 .text._realloc_r
                0x000000000800867c      0x36c /home/hu/Ac6/SystemWorkbench/plugins/fr.ac6.mcu.externaltools.arm-none.linux64_1.15.0.201708311556/tools/compiler/bin/../lib/gcc/arm-none-eabi/6.3.1/../../../../arm-none-eabi/lib/thumb/v7-m/libc.a(lib_a-reallocr.o)
                0x000000000800867c                _realloc_r
 .text.__swbuf_r
                0x00000000080089e8       0xb0 /home/hu/Ac6/SystemWorkbench/plugins/fr.ac6.mcu.externaltools.arm-none.linux64_1.15.0.201708311556/tools/compiler/bin/../lib/gcc/arm-none-eabi/6.3.1/../../../../arm-none-eabi/lib/thumb/v7-m/libc.a(lib_a-wbuf.o)
                0x00000000080089e8                __swbuf_r
 .text._wcrtomb_r
                0x0000000008008a98       0x54 /home/hu/Ac6/SystemWorkbench/plugins/fr.ac6.mcu.externaltools.arm-none.linux64_1.15.0.201708311556/tools/compiler/bin/../lib/gcc/arm-none-eabi/6.3.1/../../../../arm-none-eabi/lib/thumb/v7-m/libc.a(lib_a-wcrtomb.o)
                0x0000000008008a98                _wcrtomb_r
 .text.__ascii_wctomb
                0x0000000008008aec       0x18 /home/hu/Ac6/SystemWorkbench/plugins/fr.ac6.mcu.externaltools.arm-none.linux64_1.15.0.201708311556/tools/compiler/bin/../lib/gcc/arm-none-eabi/6.3.1/../../../../arm-none-eabi/lib/thumb/v7-m/libc.a(lib_a-wctomb_r.o)
                0x0000000008008aec                __ascii_wctomb
 *(.glue_7)
 .glue_7        0x0000000008008b04        0x0 linker stubs
 *(.glue_7t)
 .glue_7t       0x0000000008008b04        0x0 linker stubs
 *(.eh_frame)
 .eh_frame      0x0000000008008b04        0x0 /home/hu/Ac6/SystemWorkbench/plugins/fr.ac6.mcu.externaltools.arm-none.linux64_1.15.0.201708311556/tools/compiler/bin/../lib/gcc/arm-none-eabi/6.3.1/thumb/v7-m/crtbegin.o
 *(.init)
 .init          0x0000000008008b04        0x4 /home/hu/Ac6/SystemWorkbench/plugins/fr.ac6.mcu.externaltools.arm-none.linux64_1.15.0.201708311556/tools/compiler/bin/../lib/gcc/arm-none-eabi/6.3.1/thumb/v7-m/crti.o
                0x0000000008008b04                _init
 .init          0x0000000008008b08        0x8 /home/hu/Ac6/SystemWorkbench/plugins/fr.ac6.mcu.externaltools.arm-none.linux64_1.15.0.201708311556/tools/compiler/bin/../lib/gcc/arm-none-eabi/6.3.1/thumb/v7-m/crtn.o
 *(.fini)
 .fini          0x0000000008008b10        0x4 /home/hu/Ac6/SystemWorkbench/plugins/fr.ac6.mcu.externaltools.arm-none.linux64_1.15.0.201708311556/tools/compiler/bin/../lib/gcc/arm-none-eabi/6.3.1/thumb/v7-m/crti.o
                0x0000000008008b10                _fini
 .fini          0x0000000008008b14        0x8 /home/hu/Ac6/SystemWorkbench/plugins/fr.ac6.mcu.externaltools.arm-none.linux64_1.15.0.201708311556/tools/compiler/bin/../lib/gcc/arm-none-eabi/6.3.1/thumb/v7-m/crtn.o
                0x0000000008008b1c                . = ALIGN (0x4)
                0x0000000008008b1c                _etext = .

.vfp11_veneer   0x0000000008008b1c        0x0
 .vfp11_veneer  0x0000000008008b1c        0x0 linker stubs

.v4_bx          0x0000000008008b1c        0x0
 .v4_bx         0x0000000008008b1c        0x0 linker stubs

.iplt           0x0000000008008b1c        0x0
 .iplt          0x0000000008008b1c        0x0 /home/hu/Ac6/SystemWorkbench/plugins/fr.ac6.mcu.externaltools.arm-none.linux64_1.15.0.201708311556/tools/compiler/bin/../lib/gcc/arm-none-eabi/6.3.1/thumb/v7-m/crtbegin.o

.rodata         0x0000000008008b20      0x580
                0x0000000008008b20                . = ALIGN (0x4)
 *(.rodata)
 .rodata        0x0000000008008b20       0xb2 decadriver/deca_params_init.o
                0x0000000008008b20                chan_idx
                0x0000000008008b28                tx_config
                0x0000000008008b40                pll2_config
                0x0000000008008b60                rx_config
                0x0000000008008b64                agc_config
                0x0000000008008b6c                dwnsSFDlen
                0x0000000008008b70                sftsh
                0x0000000008008b7c                dtune1
                0x0000000008008b80                digital_bb_config
                0x0000000008008ba0                lde_replicaCoeff
 *fill*         0x0000000008008bd2        0x2 
 .rodata        0x0000000008008bd4      0x20a decadriver/deca_range_tables.o
                0x0000000008008bd4                chan_idxnb
                0x0000000008008bdc                chan_idxwb
                0x0000000008008be4                range25cm16PRFnb
                0x0000000008008c78                range25cm16PRFwb
                0x0000000008008d00                range25cm64PRFnb
                0x0000000008008d68                range25cm64PRFwb
 *fill*         0x0000000008008dde        0x2 
 .rodata        0x0000000008008de0       0x38 src/main.o
 *(.rodata*)
 .rodata._global_impure_ptr
                0x0000000008008e18        0x4 /home/hu/Ac6/SystemWorkbench/plugins/fr.ac6.mcu.externaltools.arm-none.linux64_1.15.0.201708311556/tools/compiler/bin/../lib/gcc/arm-none-eabi/6.3.1/../../../../arm-none-eabi/lib/thumb/v7-m/libc.a(lib_a-impure.o)
                0x0000000008008e18                _global_impure_ptr
 .rodata._vfprintf_r.str1.4
                0x0000000008008e1c       0x42 /home/hu/Ac6/SystemWorkbench/plugins/fr.ac6.mcu.externaltools.arm-none.linux64_1.15.0.201708311556/tools/compiler/bin/../lib/gcc/arm-none-eabi/6.3.1/../../../../arm-none-eabi/lib/thumb/v7-m/libc.a(lib_a-vfprintf.o)
 *fill*         0x0000000008008e5e        0x2 
 .rodata.blanks.7238
                0x0000000008008e60       0x10 /home/hu/Ac6/SystemWorkbench/plugins/fr.ac6.mcu.externaltools.arm-none.linux64_1.15.0.201708311556/tools/compiler/bin/../lib/gcc/arm-none-eabi/6.3.1/../../../../arm-none-eabi/lib/thumb/v7-m/libc.a(lib_a-vfprintf.o)
 .rodata.zeroes.7239
                0x0000000008008e70       0x10 /home/hu/Ac6/SystemWorkbench/plugins/fr.ac6.mcu.externaltools.arm-none.linux64_1.15.0.201708311556/tools/compiler/bin/../lib/gcc/arm-none-eabi/6.3.1/../../../../arm-none-eabi/lib/thumb/v7-m/libc.a(lib_a-vfprintf.o)
 .rodata._dtoa_r.str1.4
                0x0000000008008e80       0x10 /home/hu/Ac6/SystemWorkbench/plugins/fr.ac6.mcu.externaltools.arm-none.linux64_1.15.0.201708311556/tools/compiler/bin/../lib/gcc/arm-none-eabi/6.3.1/../../../../arm-none-eabi/lib/thumb/v7-m/libc.a(lib_a-dtoa.o)
                                         0x12 (size before relaxing)
 .rodata.__mprec_bigtens
                0x0000000008008e90       0x28 /home/hu/Ac6/SystemWorkbench/plugins/fr.ac6.mcu.externaltools.arm-none.linux64_1.15.0.201708311556/tools/compiler/bin/../lib/gcc/arm-none-eabi/6.3.1/../../../../arm-none-eabi/lib/thumb/v7-m/libc.a(lib_a-mprec.o)
                0x0000000008008e90                __mprec_bigtens
 .rodata.__mprec_tens
                0x0000000008008eb8       0xc8 /home/hu/Ac6/SystemWorkbench/plugins/fr.ac6.mcu.externaltools.arm-none.linux64_1.15.0.201708311556/tools/compiler/bin/../lib/gcc/arm-none-eabi/6.3.1/../../../../arm-none-eabi/lib/thumb/v7-m/libc.a(lib_a-mprec.o)
                0x0000000008008eb8                __mprec_tens
 .rodata.p05.6055
                0x0000000008008f80        0xc /home/hu/Ac6/SystemWorkbench/plugins/fr.ac6.mcu.externaltools.arm-none.linux64_1.15.0.201708311556/tools/compiler/bin/../lib/gcc/arm-none-eabi/6.3.1/../../../../arm-none-eabi/lib/thumb/v7-m/libc.a(lib_a-mprec.o)
 .rodata._setlocale_r.str1.4
                0x0000000008008f8c        0xa /home/hu/Ac6/SystemWorkbench/plugins/fr.ac6.mcu.externaltools.arm-none.linux64_1.15.0.201708311556/tools/compiler/bin/../lib/gcc/arm-none-eabi/6.3.1/../../../../arm-none-eabi/lib/thumb/v7-m/libc.a(lib_a-locale.o)
                                          0xd (size before relaxing)
 *fill*         0x0000000008008f96        0x2 
 .rodata.str1.4
                0x0000000008008f98        0x4 /home/hu/Ac6/SystemWorkbench/plugins/fr.ac6.mcu.externaltools.arm-none.linux64_1.15.0.201708311556/tools/compiler/bin/../lib/gcc/arm-none-eabi/6.3.1/../../../../arm-none-eabi/lib/thumb/v7-m/libc.a(lib_a-locale.o)
                                          0x2 (size before relaxing)
 .rodata._ctype_
                0x0000000008008f9c      0x101 /home/hu/Ac6/SystemWorkbench/plugins/fr.ac6.mcu.externaltools.arm-none.linux64_1.15.0.201708311556/tools/compiler/bin/../lib/gcc/arm-none-eabi/6.3.1/../../../../arm-none-eabi/lib/thumb/v7-m/libc.a(lib_a-ctype_.o)
                0x0000000008008f9c                _ctype_
                0x00000000080090a0                . = ALIGN (0x4)
 *fill*         0x000000000800909d        0x3 

.ARM.extab      0x00000000080090a0        0x0
                0x00000000080090a0                . = ALIGN (0x4)
 *(.ARM.extab* .gnu.linkonce.armextab.*)
                0x00000000080090a0                . = ALIGN (0x4)

.ARM            0x00000000080090a0        0x8
                0x00000000080090a0                . = ALIGN (0x4)
                0x00000000080090a0                __exidx_start = .
 *(.ARM.exidx*)
 .ARM.exidx     0x00000000080090a0        0x8 /home/hu/Ac6/SystemWorkbench/plugins/fr.ac6.mcu.externaltools.arm-none.linux64_1.15.0.201708311556/tools/compiler/bin/../lib/gcc/arm-none-eabi/6.3.1/thumb/v7-m/libgcc.a(_udivmoddi4.o)
                0x00000000080090a8                __exidx_end = .
                0x00000000080090a8                . = ALIGN (0x4)

.rel.dyn        0x00000000080090a8        0x0
 .rel.iplt      0x00000000080090a8        0x0 /home/hu/Ac6/SystemWorkbench/plugins/fr.ac6.mcu.externaltools.arm-none.linux64_1.15.0.201708311556/tools/compiler/bin/../lib/gcc/arm-none-eabi/6.3.1/thumb/v7-m/crtbegin.o

.preinit_array  0x00000000080090a8        0x0
                0x00000000080090a8                . = ALIGN (0x4)
                0x00000000080090a8                PROVIDE (__preinit_array_start, .)
 *(.preinit_array*)
                0x00000000080090a8                PROVIDE (__preinit_array_end, .)
                0x00000000080090a8                . = ALIGN (0x4)

.init_array     0x00000000080090a8        0x8
                0x00000000080090a8                . = ALIGN (0x4)
                0x00000000080090a8                PROVIDE (__init_array_start, .)
 *(SORT(.init_array.*))
 .init_array.00000
                0x00000000080090a8        0x4 /home/hu/Ac6/SystemWorkbench/plugins/fr.ac6.mcu.externaltools.arm-none.linux64_1.15.0.201708311556/tools/compiler/bin/../lib/gcc/arm-none-eabi/6.3.1/../../../../arm-none-eabi/lib/thumb/v7-m/libc.a(lib_a-__call_atexit.o)
 *(.init_array*)
 .init_array    0x00000000080090ac        0x4 /home/hu/Ac6/SystemWorkbench/plugins/fr.ac6.mcu.externaltools.arm-none.linux64_1.15.0.201708311556/tools/compiler/bin/../lib/gcc/arm-none-eabi/6.3.1/thumb/v7-m/crtbegin.o
                0x00000000080090b0                PROVIDE (__init_array_end, .)
                0x00000000080090b0                . = ALIGN (0x4)

.fini_array     0x00000000080090b0        0x4
                0x00000000080090b0                . = ALIGN (0x4)
                0x00000000080090b0                PROVIDE (__fini_array_start, .)
 *(SORT(.fini_array.*))
 *(.fini_array*)
 .fini_array    0x00000000080090b0        0x4 /home/hu/Ac6/SystemWorkbench/plugins/fr.ac6.mcu.externaltools.arm-none.linux64_1.15.0.201708311556/tools/compiler/bin/../lib/gcc/arm-none-eabi/6.3.1/thumb/v7-m/crtbegin.o
                0x00000000080090b4                PROVIDE (__fini_array_end, .)
                0x00000000080090b4                . = ALIGN (0x4)
                0x00000000080090b4                _sidata = LOADADDR (.data)

.data           0x0000000020000000      0xa48 load address 0x00000000080090b4
                0x0000000020000000                . = ALIGN (0x4)
                0x0000000020000000                _sdata = .
 *(.data)
 .data          0x0000000020000000       0x14 StdPeriph_Driver/src/stm32f10x_rcc.o
 .data          0x0000000020000014       0x74 src/main.o
 .data          0x0000000020000088       0x14 src/system_stm32f10x.o
                0x0000000020000088                SystemCoreClock
                0x000000002000008c                AHBPrescTable
 *(.data*)
 .data._impure_ptr
                0x000000002000009c        0x4 /home/hu/Ac6/SystemWorkbench/plugins/fr.ac6.mcu.externaltools.arm-none.linux64_1.15.0.201708311556/tools/compiler/bin/../lib/gcc/arm-none-eabi/6.3.1/../../../../arm-none-eabi/lib/thumb/v7-m/libc.a(lib_a-impure.o)
                0x000000002000009c                _impure_ptr
 .data.impure_data
                0x00000000200000a0      0x428 /home/hu/Ac6/SystemWorkbench/plugins/fr.ac6.mcu.externaltools.arm-none.linux64_1.15.0.201708311556/tools/compiler/bin/../lib/gcc/arm-none-eabi/6.3.1/../../../../arm-none-eabi/lib/thumb/v7-m/libc.a(lib_a-impure.o)
 .data.__atexit_recursive_mutex
                0x00000000200004c8        0x4 /home/hu/Ac6/SystemWorkbench/plugins/fr.ac6.mcu.externaltools.arm-none.linux64_1.15.0.201708311556/tools/compiler/bin/../lib/gcc/arm-none-eabi/6.3.1/../../../../arm-none-eabi/lib/thumb/v7-m/libc.a(lib_a-__call_atexit.o)
                0x00000000200004c8                __atexit_recursive_mutex
 .data.__malloc_av_
                0x00000000200004cc      0x408 /home/hu/Ac6/SystemWorkbench/plugins/fr.ac6.mcu.externaltools.arm-none.linux64_1.15.0.201708311556/tools/compiler/bin/../lib/gcc/arm-none-eabi/6.3.1/../../../../arm-none-eabi/lib/thumb/v7-m/libc.a(lib_a-mallocr.o)
                0x00000000200004cc                __malloc_av_
 .data.__malloc_sbrk_base
                0x00000000200008d4        0x4 /home/hu/Ac6/SystemWorkbench/plugins/fr.ac6.mcu.externaltools.arm-none.linux64_1.15.0.201708311556/tools/compiler/bin/../lib/gcc/arm-none-eabi/6.3.1/../../../../arm-none-eabi/lib/thumb/v7-m/libc.a(lib_a-mallocr.o)
                0x00000000200008d4                __malloc_sbrk_base
 .data.__malloc_trim_threshold
                0x00000000200008d8        0x4 /home/hu/Ac6/SystemWorkbench/plugins/fr.ac6.mcu.externaltools.arm-none.linux64_1.15.0.201708311556/tools/compiler/bin/../lib/gcc/arm-none-eabi/6.3.1/../../../../arm-none-eabi/lib/thumb/v7-m/libc.a(lib_a-mallocr.o)
                0x00000000200008d8                __malloc_trim_threshold
 .data.__global_locale
                0x00000000200008dc      0x16c /home/hu/Ac6/SystemWorkbench/plugins/fr.ac6.mcu.externaltools.arm-none.linux64_1.15.0.201708311556/tools/compiler/bin/../lib/gcc/arm-none-eabi/6.3.1/../../../../arm-none-eabi/lib/thumb/v7-m/libc.a(lib_a-locale.o)
                0x00000000200008dc                __global_locale
                0x0000000020000a48                . = ALIGN (0x4)
                0x0000000020000a48                _edata = .

.jcr            0x0000000020000a48        0x0 load address 0x0000000008009afc
 .jcr           0x0000000020000a48        0x0 /home/hu/Ac6/SystemWorkbench/plugins/fr.ac6.mcu.externaltools.arm-none.linux64_1.15.0.201708311556/tools/compiler/bin/../lib/gcc/arm-none-eabi/6.3.1/thumb/v7-m/crtbegin.o

.igot.plt       0x0000000020000a48        0x0 load address 0x0000000008009afc
 .igot.plt      0x0000000020000a48        0x0 /home/hu/Ac6/SystemWorkbench/plugins/fr.ac6.mcu.externaltools.arm-none.linux64_1.15.0.201708311556/tools/compiler/bin/../lib/gcc/arm-none-eabi/6.3.1/thumb/v7-m/crtbegin.o
                0x0000000020000a48                . = ALIGN (0x4)

.bss            0x0000000020000a48      0x304 load address 0x0000000008009afc
                0x0000000020000a48                _sbss = .
                0x0000000020000a48                __bss_start__ = _sbss
 *(.bss)
 .bss           0x0000000020000a48       0x1c /home/hu/Ac6/SystemWorkbench/plugins/fr.ac6.mcu.externaltools.arm-none.linux64_1.15.0.201708311556/tools/compiler/bin/../lib/gcc/arm-none-eabi/6.3.1/thumb/v7-m/crtbegin.o
 .bss           0x0000000020000a64       0x3c decadriver/deca_device.o
 .bss           0x0000000020000aa0       0x81 src/main.o
                0x0000000020000b10                dist_str
                0x0000000020000b20                jumptime
 *fill*         0x0000000020000b21        0x3 
 .bss           0x0000000020000b24        0x4 src/stm32f10x_it.o
                0x0000000020000b24                time32_reset
 .bss           0x0000000020000b28        0x8 src/syscalls.o
                0x0000000020000b28                __env
 *(.bss*)
 .bss.__malloc_current_mallinfo
                0x0000000020000b30       0x28 /home/hu/Ac6/SystemWorkbench/plugins/fr.ac6.mcu.externaltools.arm-none.linux64_1.15.0.201708311556/tools/compiler/bin/../lib/gcc/arm-none-eabi/6.3.1/../../../../arm-none-eabi/lib/thumb/v7-m/libc.a(lib_a-mallocr.o)
                0x0000000020000b30                __malloc_current_mallinfo
 .bss.__malloc_max_sbrked_mem
                0x0000000020000b58        0x4 /home/hu/Ac6/SystemWorkbench/plugins/fr.ac6.mcu.externaltools.arm-none.linux64_1.15.0.201708311556/tools/compiler/bin/../lib/gcc/arm-none-eabi/6.3.1/../../../../arm-none-eabi/lib/thumb/v7-m/libc.a(lib_a-mallocr.o)
                0x0000000020000b58                __malloc_max_sbrked_mem
 .bss.__malloc_max_total_mem
                0x0000000020000b5c        0x4 /home/hu/Ac6/SystemWorkbench/plugins/fr.ac6.mcu.externaltools.arm-none.linux64_1.15.0.201708311556/tools/compiler/bin/../lib/gcc/arm-none-eabi/6.3.1/../../../../arm-none-eabi/lib/thumb/v7-m/libc.a(lib_a-mallocr.o)
                0x0000000020000b5c                __malloc_max_total_mem
 .bss.__malloc_top_pad
                0x0000000020000b60        0x4 /home/hu/Ac6/SystemWorkbench/plugins/fr.ac6.mcu.externaltools.arm-none.linux64_1.15.0.201708311556/tools/compiler/bin/../lib/gcc/arm-none-eabi/6.3.1/../../../../arm-none-eabi/lib/thumb/v7-m/libc.a(lib_a-mallocr.o)
                0x0000000020000b60                __malloc_top_pad
 *(COMMON)
 COMMON         0x0000000020000b64        0x1 platform/port.o
                0x0000000020000b64                Work_Mode
 *fill*         0x0000000020000b65        0x3 
 COMMON         0x0000000020000b68      0x1b8 src/main.o
                0x0000000020000b68                ANCHOR_ID
                0x0000000020000b6c                send
                0x0000000020000b75                TAG_ID
                0x0000000020000b76                check
                0x0000000020000b78                ld
                0x0000000020000d08                dID
                0x0000000020000d10                hex_dist
                0x0000000020000d14                dis
                0x0000000020000d18                frame_len
                0x0000000020000d1c                rec_dist
 COMMON         0x0000000020000d20        0x4 src/stm32f10x_it.o
                0x0000000020000d20                time32_incr
 COMMON         0x0000000020000d24       0x21 /home/hu/Ac6/SystemWorkbench/plugins/fr.ac6.mcu.externaltools.arm-none.linux64_1.15.0.201708311556/tools/compiler/bin/../lib/gcc/arm-none-eabi/6.3.1/../../../../arm-none-eabi/lib/thumb/v7-m/libc.a(lib_a-lock.o)
                0x0000000020000d24                __lock___atexit_recursive_mutex
                0x0000000020000d28                __lock___arc4random_mutex
                0x0000000020000d2c                __lock___env_recursive_mutex
                0x0000000020000d30                __lock___sinit_recursive_mutex
                0x0000000020000d34                __lock___malloc_recursive_mutex
                0x0000000020000d38                __lock___at_quick_exit_mutex
                0x0000000020000d3c                __lock___dd_hash_mutex
                0x0000000020000d40                __lock___tz_mutex
                0x0000000020000d44                __lock___sfp_recursive_mutex
 *fill*         0x0000000020000d45        0x3 
 COMMON         0x0000000020000d48        0x4 /home/hu/Ac6/SystemWorkbench/plugins/fr.ac6.mcu.externaltools.arm-none.linux64_1.15.0.201708311556/tools/compiler/bin/../lib/gcc/arm-none-eabi/6.3.1/../../../../arm-none-eabi/lib/thumb/v7-m/libc.a(lib_a-reent.o)
                0x0000000020000d48                errno
                0x0000000020000d4c                . = ALIGN (0x4)
                0x0000000020000d4c                _ebss = .
                0x0000000020000d4c                __bss_end__ = _ebss

._user_heap_stack
                0x0000000020000d4c      0x404 load address 0x0000000008009afc
                0x0000000020000d50                . = ALIGN (0x8)
 *fill*         0x0000000020000d4c        0x4 
                0x0000000020000d50                PROVIDE (end, .)
                [!provide]                        PROVIDE (_end, .)
                0x0000000020000d50                . = (. + _Min_Heap_Size)
                0x0000000020001150                . = (. + _Min_Stack_Size)
 *fill*         0x0000000020000d50      0x400 
                0x0000000020001150                . = ALIGN (0x8)

/DISCARD/
 libc.a(*)
 libm.a(*)
 libgcc.a(*)

.ARM.attributes
                0x0000000000000000       0x29
 *(.ARM.attributes)
 .ARM.attributes
                0x0000000000000000       0x1d /home/hu/Ac6/SystemWorkbench/plugins/fr.ac6.mcu.externaltools.arm-none.linux64_1.15.0.201708311556/tools/compiler/bin/../lib/gcc/arm-none-eabi/6.3.1/thumb/v7-m/crti.o
 .ARM.attributes
                0x000000000000001d       0x2d /home/hu/Ac6/SystemWorkbench/plugins/fr.ac6.mcu.externaltools.arm-none.linux64_1.15.0.201708311556/tools/compiler/bin/../lib/gcc/arm-none-eabi/6.3.1/thumb/v7-m/crtbegin.o
 .ARM.attributes
                0x000000000000004a       0x33 StdPeriph_Driver/src/stm32f10x_flash.o
 .ARM.attributes
                0x000000000000007d       0x33 StdPeriph_Driver/src/stm32f10x_gpio.o
 .ARM.attributes
                0x00000000000000b0       0x33 StdPeriph_Driver/src/stm32f10x_rcc.o
 .ARM.attributes
                0x00000000000000e3       0x33 StdPeriph_Driver/src/stm32f10x_spi.o
 .ARM.attributes
                0x0000000000000116       0x33 StdPeriph_Driver/src/stm32f10x_usart.o
 .ARM.attributes
                0x0000000000000149       0x33 decadriver/deca_device.o
 .ARM.attributes
                0x000000000000017c       0x33 decadriver/deca_params_init.o
 .ARM.attributes
                0x00000000000001af       0x33 decadriver/deca_range_tables.o
 .ARM.attributes
                0x00000000000001e2       0x33 platform/deca_mutex.o
 .ARM.attributes
                0x0000000000000215       0x33 platform/deca_sleep.o
 .ARM.attributes
                0x0000000000000248       0x33 platform/deca_spi.o
 .ARM.attributes
                0x000000000000027b       0x33 platform/port.o
 .ARM.attributes
                0x00000000000002ae       0x33 src/main.o
 .ARM.attributes
                0x00000000000002e1       0x33 src/stm32f10x_it.o
 .ARM.attributes
                0x0000000000000314       0x33 src/syscalls.o
 .ARM.attributes
                0x0000000000000347       0x33 src/system_stm32f10x.o
 .ARM.attributes
                0x000000000000037a       0x21 startup/startup_stm32.o
 .ARM.attributes
                0x000000000000039b       0x1d /home/hu/Ac6/SystemWorkbench/plugins/fr.ac6.mcu.externaltools.arm-none.linux64_1.15.0.201708311556/tools/compiler/bin/../lib/gcc/arm-none-eabi/6.3.1/thumb/v7-m/libgcc.a(_arm_addsubdf3.o)
 .ARM.attributes
                0x00000000000003b8       0x1d /home/hu/Ac6/SystemWorkbench/plugins/fr.ac6.mcu.externaltools.arm-none.linux64_1.15.0.201708311556/tools/compiler/bin/../lib/gcc/arm-none-eabi/6.3.1/thumb/v7-m/libgcc.a(_arm_muldivdf3.o)
 .ARM.attributes
                0x00000000000003d5       0x1d /home/hu/Ac6/SystemWorkbench/plugins/fr.ac6.mcu.externaltools.arm-none.linux64_1.15.0.201708311556/tools/compiler/bin/../lib/gcc/arm-none-eabi/6.3.1/thumb/v7-m/libgcc.a(_arm_fixdfsi.o)
 .ARM.attributes
                0x00000000000003f2       0x1d /home/hu/Ac6/SystemWorkbench/plugins/fr.ac6.mcu.externaltools.arm-none.linux64_1.15.0.201708311556/tools/compiler/bin/../lib/gcc/arm-none-eabi/6.3.1/thumb/v7-m/libgcc.a(_arm_fixunsdfsi.o)
 .ARM.attributes
                0x000000000000040f       0x1d /home/hu/Ac6/SystemWorkbench/plugins/fr.ac6.mcu.externaltools.arm-none.linux64_1.15.0.201708311556/tools/compiler/bin/../lib/gcc/arm-none-eabi/6.3.1/thumb/v7-m/libgcc.a(_arm_truncdfsf2.o)
 .ARM.attributes
                0x000000000000042c       0x1d /home/hu/Ac6/SystemWorkbench/plugins/fr.ac6.mcu.externaltools.arm-none.linux64_1.15.0.201708311556/tools/compiler/bin/../lib/gcc/arm-none-eabi/6.3.1/thumb/v7-m/libgcc.a(_arm_addsubsf3.o)
 .ARM.attributes
                0x0000000000000449       0x2d /home/hu/Ac6/SystemWorkbench/plugins/fr.ac6.mcu.externaltools.arm-none.linux64_1.15.0.201708311556/tools/compiler/bin/../lib/gcc/arm-none-eabi/6.3.1/thumb/v7-m/libgcc.a(_fixdfdi.o)
 .ARM.attributes
                0x0000000000000476       0x2d /home/hu/Ac6/SystemWorkbench/plugins/fr.ac6.mcu.externaltools.arm-none.linux64_1.15.0.201708311556/tools/compiler/bin/../lib/gcc/arm-none-eabi/6.3.1/thumb/v7-m/libgcc.a(_fixunsdfdi.o)
 .ARM.attributes
                0x00000000000004a3       0x1d /home/hu/Ac6/SystemWorkbench/plugins/fr.ac6.mcu.externaltools.arm-none.linux64_1.15.0.201708311556/tools/compiler/bin/../lib/gcc/arm-none-eabi/6.3.1/thumb/v7-m/libgcc.a(_arm_cmpdf2.o)
 .ARM.attributes
                0x00000000000004c0       0x2d /home/hu/Ac6/SystemWorkbench/plugins/fr.ac6.mcu.externaltools.arm-none.linux64_1.15.0.201708311556/tools/compiler/bin/../lib/gcc/arm-none-eabi/6.3.1/../../../../arm-none-eabi/lib/thumb/v7-m/libc.a(lib_a-errno.o)
 .ARM.attributes
                0x00000000000004ed       0x2d /home/hu/Ac6/SystemWorkbench/plugins/fr.ac6.mcu.externaltools.arm-none.linux64_1.15.0.201708311556/tools/compiler/bin/../lib/gcc/arm-none-eabi/6.3.1/../../../../arm-none-eabi/lib/thumb/v7-m/libc.a(lib_a-impure.o)
 .ARM.attributes
                0x000000000000051a       0x2d /home/hu/Ac6/SystemWorkbench/plugins/fr.ac6.mcu.externaltools.arm-none.linux64_1.15.0.201708311556/tools/compiler/bin/../lib/gcc/arm-none-eabi/6.3.1/../../../../arm-none-eabi/lib/thumb/v7-m/libc.a(lib_a-init.o)
 .ARM.attributes
                0x0000000000000547       0x2d /home/hu/Ac6/SystemWorkbench/plugins/fr.ac6.mcu.externaltools.arm-none.linux64_1.15.0.201708311556/tools/compiler/bin/../lib/gcc/arm-none-eabi/6.3.1/../../../../arm-none-eabi/lib/thumb/v7-m/libc.a(lib_a-memcmp.o)
 .ARM.attributes
                0x0000000000000574       0x2d /home/hu/Ac6/SystemWorkbench/plugins/fr.ac6.mcu.externaltools.arm-none.linux64_1.15.0.201708311556/tools/compiler/bin/../lib/gcc/arm-none-eabi/6.3.1/../../../../arm-none-eabi/lib/thumb/v7-m/libc.a(lib_a-memset.o)
 .ARM.attributes
                0x00000000000005a1       0x2d /home/hu/Ac6/SystemWorkbench/plugins/fr.ac6.mcu.externaltools.arm-none.linux64_1.15.0.201708311556/tools/compiler/bin/../lib/gcc/arm-none-eabi/6.3.1/../../../../arm-none-eabi/lib/thumb/v7-m/libc.a(lib_a-printf.o)
 .ARM.attributes
                0x00000000000005ce       0x2d /home/hu/Ac6/SystemWorkbench/plugins/fr.ac6.mcu.externaltools.arm-none.linux64_1.15.0.201708311556/tools/compiler/bin/../lib/gcc/arm-none-eabi/6.3.1/../../../../arm-none-eabi/lib/thumb/v7-m/libc.a(lib_a-vfprintf.o)
 .ARM.attributes
                0x00000000000005fb       0x2d /home/hu/Ac6/SystemWorkbench/plugins/fr.ac6.mcu.externaltools.arm-none.linux64_1.15.0.201708311556/tools/compiler/bin/../lib/gcc/arm-none-eabi/6.3.1/../../../../arm-none-eabi/lib/thumb/v7-m/libc.a(lib_a-wsetup.o)
 .ARM.attributes
                0x0000000000000628       0x2d /home/hu/Ac6/SystemWorkbench/plugins/fr.ac6.mcu.externaltools.arm-none.linux64_1.15.0.201708311556/tools/compiler/bin/../lib/gcc/arm-none-eabi/6.3.1/../../../../arm-none-eabi/lib/thumb/v7-m/libc.a(lib_a-__call_atexit.o)
 .ARM.attributes
                0x0000000000000655       0x2d /home/hu/Ac6/SystemWorkbench/plugins/fr.ac6.mcu.externaltools.arm-none.linux64_1.15.0.201708311556/tools/compiler/bin/../lib/gcc/arm-none-eabi/6.3.1/../../../../arm-none-eabi/lib/thumb/v7-m/libc.a(lib_a-atexit.o)
 .ARM.attributes
                0x0000000000000682       0x2d /home/hu/Ac6/SystemWorkbench/plugins/fr.ac6.mcu.externaltools.arm-none.linux64_1.15.0.201708311556/tools/compiler/bin/../lib/gcc/arm-none-eabi/6.3.1/../../../../arm-none-eabi/lib/thumb/v7-m/libc.a(lib_a-dtoa.o)
 .ARM.attributes
                0x00000000000006af       0x2d /home/hu/Ac6/SystemWorkbench/plugins/fr.ac6.mcu.externaltools.arm-none.linux64_1.15.0.201708311556/tools/compiler/bin/../lib/gcc/arm-none-eabi/6.3.1/../../../../arm-none-eabi/lib/thumb/v7-m/libc.a(lib_a-fflush.o)
 .ARM.attributes
                0x00000000000006dc       0x2d /home/hu/Ac6/SystemWorkbench/plugins/fr.ac6.mcu.externaltools.arm-none.linux64_1.15.0.201708311556/tools/compiler/bin/../lib/gcc/arm-none-eabi/6.3.1/../../../../arm-none-eabi/lib/thumb/v7-m/libc.a(lib_a-findfp.o)
 .ARM.attributes
                0x0000000000000709       0x2d /home/hu/Ac6/SystemWorkbench/plugins/fr.ac6.mcu.externaltools.arm-none.linux64_1.15.0.201708311556/tools/compiler/bin/../lib/gcc/arm-none-eabi/6.3.1/../../../../arm-none-eabi/lib/thumb/v7-m/libc.a(lib_a-fini.o)
 .ARM.attributes
                0x0000000000000736       0x2d /home/hu/Ac6/SystemWorkbench/plugins/fr.ac6.mcu.externaltools.arm-none.linux64_1.15.0.201708311556/tools/compiler/bin/../lib/gcc/arm-none-eabi/6.3.1/../../../../arm-none-eabi/lib/thumb/v7-m/libc.a(lib_a-freer.o)
 .ARM.attributes
                0x0000000000000763       0x2d /home/hu/Ac6/SystemWorkbench/plugins/fr.ac6.mcu.externaltools.arm-none.linux64_1.15.0.201708311556/tools/compiler/bin/../lib/gcc/arm-none-eabi/6.3.1/../../../../arm-none-eabi/lib/thumb/v7-m/libc.a(lib_a-fwalk.o)
 .ARM.attributes
                0x0000000000000790       0x2d /home/hu/Ac6/SystemWorkbench/plugins/fr.ac6.mcu.externaltools.arm-none.linux64_1.15.0.201708311556/tools/compiler/bin/../lib/gcc/arm-none-eabi/6.3.1/../../../../arm-none-eabi/lib/thumb/v7-m/libc.a(lib_a-localeconv.o)
 .ARM.attributes
                0x00000000000007bd       0x2d /home/hu/Ac6/SystemWorkbench/plugins/fr.ac6.mcu.externaltools.arm-none.linux64_1.15.0.201708311556/tools/compiler/bin/../lib/gcc/arm-none-eabi/6.3.1/../../../../arm-none-eabi/lib/thumb/v7-m/libc.a(lib_a-lock.o)
 .ARM.attributes
                0x00000000000007ea       0x2d /home/hu/Ac6/SystemWorkbench/plugins/fr.ac6.mcu.externaltools.arm-none.linux64_1.15.0.201708311556/tools/compiler/bin/../lib/gcc/arm-none-eabi/6.3.1/../../../../arm-none-eabi/lib/thumb/v7-m/libc.a(lib_a-makebuf.o)
 .ARM.attributes
                0x0000000000000817       0x2d /home/hu/Ac6/SystemWorkbench/plugins/fr.ac6.mcu.externaltools.arm-none.linux64_1.15.0.201708311556/tools/compiler/bin/../lib/gcc/arm-none-eabi/6.3.1/../../../../arm-none-eabi/lib/thumb/v7-m/libc.a(lib_a-mallocr.o)
 .ARM.attributes
                0x0000000000000844       0x2d /home/hu/Ac6/SystemWorkbench/plugins/fr.ac6.mcu.externaltools.arm-none.linux64_1.15.0.201708311556/tools/compiler/bin/../lib/gcc/arm-none-eabi/6.3.1/../../../../arm-none-eabi/lib/thumb/v7-m/libc.a(lib_a-memchr-stub.o)
 .ARM.attributes
                0x0000000000000871       0x1b /home/hu/Ac6/SystemWorkbench/plugins/fr.ac6.mcu.externaltools.arm-none.linux64_1.15.0.201708311556/tools/compiler/bin/../lib/gcc/arm-none-eabi/6.3.1/../../../../arm-none-eabi/lib/thumb/v7-m/libc.a(lib_a-memcpy.o)
 .ARM.attributes
                0x000000000000088c       0x2d /home/hu/Ac6/SystemWorkbench/plugins/fr.ac6.mcu.externaltools.arm-none.linux64_1.15.0.201708311556/tools/compiler/bin/../lib/gcc/arm-none-eabi/6.3.1/../../../../arm-none-eabi/lib/thumb/v7-m/libc.a(lib_a-mlock.o)
 .ARM.attributes
                0x00000000000008b9       0x2d /home/hu/Ac6/SystemWorkbench/plugins/fr.ac6.mcu.externaltools.arm-none.linux64_1.15.0.201708311556/tools/compiler/bin/../lib/gcc/arm-none-eabi/6.3.1/../../../../arm-none-eabi/lib/thumb/v7-m/libc.a(lib_a-mprec.o)
 .ARM.attributes
                0x00000000000008e6       0x2d /home/hu/Ac6/SystemWorkbench/plugins/fr.ac6.mcu.externaltools.arm-none.linux64_1.15.0.201708311556/tools/compiler/bin/../lib/gcc/arm-none-eabi/6.3.1/../../../../arm-none-eabi/lib/thumb/v7-m/libc.a(lib_a-sbrkr.o)
 .ARM.attributes
                0x0000000000000913       0x2d /home/hu/Ac6/SystemWorkbench/plugins/fr.ac6.mcu.externaltools.arm-none.linux64_1.15.0.201708311556/tools/compiler/bin/../lib/gcc/arm-none-eabi/6.3.1/../../../../arm-none-eabi/lib/thumb/v7-m/libc.a(lib_a-stdio.o)
 .ARM.attributes
                0x0000000000000940       0x2d /home/hu/Ac6/SystemWorkbench/plugins/fr.ac6.mcu.externaltools.arm-none.linux64_1.15.0.201708311556/tools/compiler/bin/../lib/gcc/arm-none-eabi/6.3.1/../../../../arm-none-eabi/lib/thumb/v7-m/libc.a(lib_a-strlen-stub.o)
 .ARM.attributes
                0x000000000000096d       0x2d /home/hu/Ac6/SystemWorkbench/plugins/fr.ac6.mcu.externaltools.arm-none.linux64_1.15.0.201708311556/tools/compiler/bin/../lib/gcc/arm-none-eabi/6.3.1/../../../../arm-none-eabi/lib/thumb/v7-m/libc.a(lib_a-vfiprintf.o)
 .ARM.attributes
                0x000000000000099a       0x2d /home/hu/Ac6/SystemWorkbench/plugins/fr.ac6.mcu.externaltools.arm-none.linux64_1.15.0.201708311556/tools/compiler/bin/../lib/gcc/arm-none-eabi/6.3.1/../../../../arm-none-eabi/lib/thumb/v7-m/libc.a(lib_a-writer.o)
 .ARM.attributes
                0x00000000000009c7       0x2d /home/hu/Ac6/SystemWorkbench/plugins/fr.ac6.mcu.externaltools.arm-none.linux64_1.15.0.201708311556/tools/compiler/bin/../lib/gcc/arm-none-eabi/6.3.1/../../../../arm-none-eabi/lib/thumb/v7-m/libc.a(lib_a-__atexit.o)
 .ARM.attributes
                0x00000000000009f4       0x2d /home/hu/Ac6/SystemWorkbench/plugins/fr.ac6.mcu.externaltools.arm-none.linux64_1.15.0.201708311556/tools/compiler/bin/../lib/gcc/arm-none-eabi/6.3.1/../../../../arm-none-eabi/lib/thumb/v7-m/libc.a(lib_a-callocr.o)
 .ARM.attributes
                0x0000000000000a21       0x2d /home/hu/Ac6/SystemWorkbench/plugins/fr.ac6.mcu.externaltools.arm-none.linux64_1.15.0.201708311556/tools/compiler/bin/../lib/gcc/arm-none-eabi/6.3.1/../../../../arm-none-eabi/lib/thumb/v7-m/libc.a(lib_a-closer.o)
 .ARM.attributes
                0x0000000000000a4e       0x2d /home/hu/Ac6/SystemWorkbench/plugins/fr.ac6.mcu.externaltools.arm-none.linux64_1.15.0.201708311556/tools/compiler/bin/../lib/gcc/arm-none-eabi/6.3.1/../../../../arm-none-eabi/lib/thumb/v7-m/libc.a(lib_a-fclose.o)
 .ARM.attributes
                0x0000000000000a7b       0x2d /home/hu/Ac6/SystemWorkbench/plugins/fr.ac6.mcu.externaltools.arm-none.linux64_1.15.0.201708311556/tools/compiler/bin/../lib/gcc/arm-none-eabi/6.3.1/../../../../arm-none-eabi/lib/thumb/v7-m/libc.a(lib_a-fputwc.o)
 .ARM.attributes
                0x0000000000000aa8       0x2d /home/hu/Ac6/SystemWorkbench/plugins/fr.ac6.mcu.externaltools.arm-none.linux64_1.15.0.201708311556/tools/compiler/bin/../lib/gcc/arm-none-eabi/6.3.1/../../../../arm-none-eabi/lib/thumb/v7-m/libc.a(lib_a-fstatr.o)
 .ARM.attributes
                0x0000000000000ad5       0x2d /home/hu/Ac6/SystemWorkbench/plugins/fr.ac6.mcu.externaltools.arm-none.linux64_1.15.0.201708311556/tools/compiler/bin/../lib/gcc/arm-none-eabi/6.3.1/../../../../arm-none-eabi/lib/thumb/v7-m/libc.a(lib_a-fvwrite.o)
 .ARM.attributes
                0x0000000000000b02       0x2d /home/hu/Ac6/SystemWorkbench/plugins/fr.ac6.mcu.externaltools.arm-none.linux64_1.15.0.201708311556/tools/compiler/bin/../lib/gcc/arm-none-eabi/6.3.1/../../../../arm-none-eabi/lib/thumb/v7-m/libc.a(lib_a-isattyr.o)
 .ARM.attributes
                0x0000000000000b2f       0x2d /home/hu/Ac6/SystemWorkbench/plugins/fr.ac6.mcu.externaltools.arm-none.linux64_1.15.0.201708311556/tools/compiler/bin/../lib/gcc/arm-none-eabi/6.3.1/../../../../arm-none-eabi/lib/thumb/v7-m/libc.a(lib_a-locale.o)
 .ARM.attributes
                0x0000000000000b5c       0x2d /home/hu/Ac6/SystemWorkbench/plugins/fr.ac6.mcu.externaltools.arm-none.linux64_1.15.0.201708311556/tools/compiler/bin/../lib/gcc/arm-none-eabi/6.3.1/../../../../arm-none-eabi/lib/thumb/v7-m/libc.a(lib_a-lseekr.o)
 .ARM.attributes
                0x0000000000000b89       0x2d /home/hu/Ac6/SystemWorkbench/plugins/fr.ac6.mcu.externaltools.arm-none.linux64_1.15.0.201708311556/tools/compiler/bin/../lib/gcc/arm-none-eabi/6.3.1/../../../../arm-none-eabi/lib/thumb/v7-m/libc.a(lib_a-mbtowc_r.o)
 .ARM.attributes
                0x0000000000000bb6       0x2d /home/hu/Ac6/SystemWorkbench/plugins/fr.ac6.mcu.externaltools.arm-none.linux64_1.15.0.201708311556/tools/compiler/bin/../lib/gcc/arm-none-eabi/6.3.1/../../../../arm-none-eabi/lib/thumb/v7-m/libc.a(lib_a-memmove.o)
 .ARM.attributes
                0x0000000000000be3       0x2d /home/hu/Ac6/SystemWorkbench/plugins/fr.ac6.mcu.externaltools.arm-none.linux64_1.15.0.201708311556/tools/compiler/bin/../lib/gcc/arm-none-eabi/6.3.1/../../../../arm-none-eabi/lib/thumb/v7-m/libc.a(lib_a-readr.o)
 .ARM.attributes
                0x0000000000000c10       0x2d /home/hu/Ac6/SystemWorkbench/plugins/fr.ac6.mcu.externaltools.arm-none.linux64_1.15.0.201708311556/tools/compiler/bin/../lib/gcc/arm-none-eabi/6.3.1/../../../../arm-none-eabi/lib/thumb/v7-m/libc.a(lib_a-reallocr.o)
 .ARM.attributes
                0x0000000000000c3d       0x2d /home/hu/Ac6/SystemWorkbench/plugins/fr.ac6.mcu.externaltools.arm-none.linux64_1.15.0.201708311556/tools/compiler/bin/../lib/gcc/arm-none-eabi/6.3.1/../../../../arm-none-eabi/lib/thumb/v7-m/libc.a(lib_a-reent.o)
 .ARM.attributes
                0x0000000000000c6a       0x2d /home/hu/Ac6/SystemWorkbench/plugins/fr.ac6.mcu.externaltools.arm-none.linux64_1.15.0.201708311556/tools/compiler/bin/../lib/gcc/arm-none-eabi/6.3.1/../../../../arm-none-eabi/lib/thumb/v7-m/libc.a(lib_a-wbuf.o)
 .ARM.attributes
                0x0000000000000c97       0x2d /home/hu/Ac6/SystemWorkbench/plugins/fr.ac6.mcu.externaltools.arm-none.linux64_1.15.0.201708311556/tools/compiler/bin/../lib/gcc/arm-none-eabi/6.3.1/../../../../arm-none-eabi/lib/thumb/v7-m/libc.a(lib_a-wcrtomb.o)
 .ARM.attributes
                0x0000000000000cc4       0x2d /home/hu/Ac6/SystemWorkbench/plugins/fr.ac6.mcu.externaltools.arm-none.linux64_1.15.0.201708311556/tools/compiler/bin/../lib/gcc/arm-none-eabi/6.3.1/../../../../arm-none-eabi/lib/thumb/v7-m/libc.a(lib_a-wctomb_r.o)
 .ARM.attributes
                0x0000000000000cf1       0x2d /home/hu/Ac6/SystemWorkbench/plugins/fr.ac6.mcu.externaltools.arm-none.linux64_1.15.0.201708311556/tools/compiler/bin/../lib/gcc/arm-none-eabi/6.3.1/../../../../arm-none-eabi/lib/thumb/v7-m/libc.a(lib_a-ctype_.o)
 .ARM.attributes
                0x0000000000000d1e       0x1d /home/hu/Ac6/SystemWorkbench/plugins/fr.ac6.mcu.externaltools.arm-none.linux64_1.15.0.201708311556/tools/compiler/bin/../lib/gcc/arm-none-eabi/6.3.1/thumb/v7-m/libgcc.a(_arm_unorddf2.o)
 .ARM.attributes