<html>
<body>
<pre>
<h1>礦ision Build Log</h1>
<h2>Tool Versions:</h2>
IDE-Version: μVision V5.23.0.0
Copyright (C) 2017 ARM Ltd and ARM Germany GmbH. All rights reserved.
License Information: 11 11, 11, LIC=VGXJJ-U0CQN-74SS0-BC2NT-A4NU3-T3SMQ
 
Tool Versions:
Toolchain:       MDK-ARM Plus  Version: 5.23
Toolchain Path:  d:\Keil_v5\ARM\ARMCC\Bin
C Compiler:      Armcc.exe V5.06 update 4 (build 422)
Assembler:       Armasm.exe V5.06 update 4 (build 422)
Linker/Locator:  ArmLink.exe V5.06 update 4 (build 422)
Library Manager: ArmAr.exe V5.06 update 4 (build 422)
Hex Converter:   FromElf.exe V5.06 update 4 (build 422)
CPU DLL:         SARMCM3.DLL V5.23
Dialog DLL:      DCM.DLL V1.15.0.0
Target DLL:      Segger\JL2CM3.dll V2.99.23.0
Dialog DLL:      TCM.DLL V1.27.0.0
 
<h2>Project:</h2>
D:\project\location\双向测距程序\最新程序\1基站多标签\MDK-ARM\Project.uvprojx
Project File Date:  07/16/2017

<h2>Output:</h2>
*** Using Compiler 'V5.06 update 4 (build 422)', folder: 'd:\Keil_v5\ARM\ARMCC\Bin'
Build target 'STM3210B-EVAL'
compiling stm32f10x_it.c...
compiling port.c...
..\platform\port.c(569): warning:  #223-D: function "GPIO_Toggle" declared implicitly
  	GPIO_Toggle(GPIOA,LED_PIN);
..\platform\port.c(901): warning:  #177-D: function "LCD_Configuration"  was declared but never referenced
  static void LCD_Configuration(void)
..\platform\port.c: 2 warnings, 0 errors
compiling main.c...
compiling stm32f10x_bkp.c...
compiling misc.c...
compiling stm32f10x_adc.c...
compiling stm32f10x_cec.c...
compiling stm32f10x_can.c...
compiling stm32f10x_dbgmcu.c...
compiling stm32f10x_dac.c...
compiling stm32f10x_crc.c...
compiling stm32f10x_flash.c...
compiling stm32f10x_dma.c...
compiling stm32f10x_exti.c...
compiling stm32f10x_gpio.c...
compiling stm32f10x_i2c.c...
compiling stm32f10x_fsmc.c...
compiling stm32f10x_iwdg.c...
compiling stm32f10x_pwr.c...
compiling stm32f10x_rcc.c...
compiling stm32f10x_rtc.c...
compiling stm32f10x_spi.c...
compiling stm32f10x_sdio.c...
compiling stm32f10x_tim.c...
compiling stm32f10x_wwdg.c...
compiling stm32f10x_usart.c...
compiling system_stm32f10x.c...
assembling startup_stm32f10x_md.s...
compiling core_cm3.c...
compiling deca_device.c...
..\decadriver\deca_device.c(1051): warning:  #68-D: integer conversion resulted in a change of sign
      uint32  regval = 
WT_ERROR ;
..\decadriver\deca_device.c(1083): warning:  #68-D: integer conversion resulted in a change of sign
      uint16  regval = 
WT_ERROR ;
..\decadriver\deca_device.c(1397): warning:  #68-D: integer conversion resulted in a change of sign
          return 
WT_ERROR;
..\decadriver\deca_device.c(1531): warning:  #68-D: integer conversion resulted in a change of sign
          return 
WT_ERROR;
..\decadriver\deca_device.c: 4 warnings, 0 errors
compiling deca_params_init.c...
compiling deca_range_tables.c...
compiling deca_sleep.c...
compiling deca_mutex.c...
compiling deca_spi.c...
..\platform\deca_spi.c(68): warning:  #161-D: unrecognized #pragma
  #pragma GCC optimize ("O3")
..\platform\deca_spi.c(120): warning:  #161-D: unrecognized #pragma
  #pragma GCC optimize ("O3")
..\platform\deca_spi.c: 2 warnings, 0 errors
compiling lcd.c...
..\platform\lcd.c(29): warning:  #177-D: variable "i"  was declared but never referenced
      int i = 0;
..\platform\lcd.c(30): warning:  #177-D: variable "sleep"  was declared but never referenced
      int sleep = 0;
..\platform\lcd.c(85): warning:  #177-D: variable "command"  was declared but never referenced
      uint8 command;
..\platform\lcd.c: 3 warnings, 0 errors
linking...
Program Size: Code=12636 RO-data=964 RW-data=296 ZI-data=1536  
".\STM3210B-EVAL\STM3210B-EVAL.axf" - 0 Error(s), 11 Warning(s).

<h2>Collection of Component include folders:</h2>
  .\RTE\_STM3210B-EVAL
  D:\Keil_v5\ARM\PACK\Keil\STM32F1xx_DFP\2.2.0\Device\Include

<h2>Collection of Component Files used:</h2>
Build Time Elapsed:  00:00:16
</pre>
</body>
</html>
