Component: ARM Compiler 5.06 update 4 (build 422) Tool: armlink [4d35d2]

==============================================================================

Section Cross References

    main.o(i.GPIO_Toggle) refers to stm32f10x_gpio.o(i.GPIO_ReadOutputDataBit) for GPIO_ReadOutputDataBit
    main.o(i.GPIO_Toggle) refers to stm32f10x_gpio.o(i.GPIO_WriteBit) for GPIO_WriteBit
    main.o(i.LED_blink) refers to main.o(i.GPIO_Toggle) for GPIO_Toggle
    main.o(i.LED_blink) refers to deca_sleep.o(i.deca_sleep) for deca_sleep
    main.o(i.LP) refers to dflti.o(.text) for __aeabi_i2d
    main.o(i.LP) refers to dmul.o(.text) for __aeabi_dmul
    main.o(i.LP) refers to dadd.o(.text) for __aeabi_dadd
    main.o(i.LP) refers to dfixi.o(.text) for __aeabi_d2iz
    main.o(i.LP) refers to main.o(.bss) for ld
    main.o(i.USART_putc) refers to stm32f10x_usart.o(i.USART_SendData) for USART_SendData
    main.o(i.USART_putc) refers to stm32f10x_usart.o(i.USART_GetFlagStatus) for USART_GetFlagStatus
    main.o(i.USART_puts) refers to main.o(i.USART_putc) for USART_putc
    main.o(i.fputc) refers to stm32f10x_usart.o(i.USART_SendData) for USART_SendData
    main.o(i.get_rx_timestamp_u64) refers to deca_device.o(i.dwt_readrxtimestamp) for dwt_readrxtimestamp
    main.o(i.get_tx_timestamp_u64) refers to deca_device.o(i.dwt_readtxtimestamp) for dwt_readtxtimestamp
    main.o(i.main) refers to port.o(i.peripherals_init) for peripherals_init
    main.o(i.main) refers to port.o(i.reset_DW1000) for reset_DW1000
    main.o(i.main) refers to port.o(i.spi_set_rate_low) for spi_set_rate_low
    main.o(i.main) refers to deca_device.o(i.dwt_initialise) for dwt_initialise
    main.o(i.main) refers to port.o(i.spi_set_rate_high) for spi_set_rate_high
    main.o(i.main) refers to deca_device.o(i.dwt_configure) for dwt_configure
    main.o(i.main) refers to deca_device.o(i.dwt_setrxantennadelay) for dwt_setrxantennadelay
    main.o(i.main) refers to deca_device.o(i.dwt_settxantennadelay) for dwt_settxantennadelay
    main.o(i.main) refers to deca_device.o(i.dwt_setrxaftertxdelay) for dwt_setrxaftertxdelay
    main.o(i.main) refers to deca_device.o(i.dwt_setrxtimeout) for dwt_setrxtimeout
    main.o(i.main) refers to main.o(i.LED_blink) for LED_blink
    main.o(i.main) refers to deca_device.o(i.dwt_writetxdata) for dwt_writetxdata
    main.o(i.main) refers to deca_device.o(i.dwt_writetxfctrl) for dwt_writetxfctrl
    main.o(i.main) refers to deca_device.o(i.dwt_starttx) for dwt_starttx
    main.o(i.main) refers to deca_device.o(i.dwt_read32bitoffsetreg) for dwt_read32bitoffsetreg
    main.o(i.main) refers to deca_device.o(i.dwt_write32bitoffsetreg) for dwt_write32bitoffsetreg
    main.o(i.main) refers to deca_device.o(i.dwt_readrxdata) for dwt_readrxdata
    main.o(i.main) refers to memcmp.o(.text) for memcmp
    main.o(i.main) refers to main.o(i.get_tx_timestamp_u64) for get_tx_timestamp_u64
    main.o(i.main) refers to main.o(i.get_rx_timestamp_u64) for get_rx_timestamp_u64
    main.o(i.main) refers to deca_device.o(i.dwt_setdelayedtrxtime) for dwt_setdelayedtrxtime
    main.o(i.main) refers to main.o(i.final_msg_set_ts) for final_msg_set_ts
    main.o(i.main) refers to main.o(i.GPIO_Toggle) for GPIO_Toggle
    main.o(i.main) refers to deca_sleep.o(i.deca_sleep) for deca_sleep
    main.o(i.main) refers to deca_device.o(i.dwt_rxenable) for dwt_rxenable
    main.o(i.main) refers to main.o(i.final_msg_get_ts) for final_msg_get_ts
    main.o(i.main) refers to dfltui.o(.text) for __aeabi_ui2d
    main.o(i.main) refers to dadd.o(.text) for __aeabi_dadd
    main.o(i.main) refers to main.o(.data) for config
    main.o(i.main) refers to main.o(.bss) for send
    main.o(i.main) refers to port.o(.data) for Work_Mode
    main.o(i.main) refers to stm32f10x_it.o(.data) for time32_reset
    main.o(i.main) refers to dmul.o(.text) for __aeabi_dmul
    main.o(i.main) refers to ddiv.o(.text) for __aeabi_ddiv
    main.o(i.main) refers to dfixl.o(.text) for __aeabi_d2lz
    main.o(i.main) refers to dfltl.o(.text) for __aeabi_l2d
    main.o(i.main) refers to d2f.o(.text) for __aeabi_d2f
    main.o(i.main) refers to deca_range_tables.o(i.dwt_getrangebias) for dwt_getrangebias
    main.o(i.main) refers to dfixi.o(.text) for __aeabi_d2iz
    main.o(i.main) refers to main.o(i.LP) for LP
    main.o(i.main) refers to dflti.o(.text) for __aeabi_i2d
    main.o(i.main) refers to stm32f10x_gpio.o(i.GPIO_ReadInputDataBit) for GPIO_ReadInputDataBit
    main.o(i.main) refers to printfa.o(i.__0printf) for __2printf
    main.o(i.main) refers to dfixui.o(.text) for __aeabi_d2uiz
    main.o(i.main) refers to main.o(i.Checksum_u16) for Checksum_u16
    main.o(i.main) refers to main.o(i.USART_puts) for USART_puts
    stm32f10x_it.o(i.SysTick_Handler) refers to stm32f10x_it.o(.data) for time32_incr
    port.o(i.GPIO_Configuration) refers to stm32f10x_rcc.o(i.RCC_APB2PeriphClockCmd) for RCC_APB2PeriphClockCmd
[...]
    Removing stm32f10x_rcc.o(i.RCC_PLLConfig), (28 bytes).
    Removing stm32f10x_rcc.o(i.RCC_RTCCLKCmd), (12 bytes).
    Removing stm32f10x_rcc.o(i.RCC_RTCCLKConfig), (16 bytes).
    Removing stm32f10x_rcc.o(i.RCC_SYSCLKConfig), (24 bytes).
    Removing stm32f10x_rcc.o(i.RCC_USBCLKConfig), (12 bytes).
    Removing stm32f10x_rtc.o(i.RTC_ClearFlag), (16 bytes).
    Removing stm32f10x_rtc.o(i.RTC_ClearITPendingBit), (16 bytes).
    Removing stm32f10x_rtc.o(i.RTC_EnterConfigMode), (20 bytes).
    Removing stm32f10x_rtc.o(i.RTC_ExitConfigMode), (20 bytes).
    Removing stm32f10x_rtc.o(i.RTC_GetCounter), (20 bytes).
    Removing stm32f10x_rtc.o(i.RTC_GetDivider), (24 bytes).
    Removing stm32f10x_rtc.o(i.RTC_GetFlagStatus), (24 bytes).
    Removing stm32f10x_rtc.o(i.RTC_GetITStatus), (36 bytes).
    Removing stm32f10x_rtc.o(i.RTC_ITConfig), (32 bytes).
    Removing stm32f10x_rtc.o(i.RTC_SetAlarm), (28 bytes).
    Removing stm32f10x_rtc.o(i.RTC_SetCounter), (28 bytes).
    Removing stm32f10x_rtc.o(i.RTC_SetPrescaler), (32 bytes).
    Removing stm32f10x_rtc.o(i.RTC_WaitForLastTask), (20 bytes).
    Removing stm32f10x_rtc.o(i.RTC_WaitForSynchro), (36 bytes).
    Removing stm32f10x_sdio.o(i.SDIO_CEATAITCmd), (16 bytes).
    Removing stm32f10x_sdio.o(i.SDIO_ClearFlag), (12 bytes).
    Removing stm32f10x_sdio.o(i.SDIO_ClearITPendingBit), (12 bytes).
    Removing stm32f10x_sdio.o(i.SDIO_ClockCmd), (12 bytes).
    Removing stm32f10x_sdio.o(i.SDIO_CmdStructInit), (14 bytes).
    Removing stm32f10x_sdio.o(i.SDIO_CommandCompletionCmd), (12 bytes).
    Removing stm32f10x_sdio.o(i.SDIO_DMACmd), (12 bytes).
    Removing stm32f10x_sdio.o(i.SDIO_DataConfig), (48 bytes).
    Removing stm32f10x_sdio.o(i.SDIO_DataStructInit), (20 bytes).
    Removing stm32f10x_sdio.o(i.SDIO_DeInit), (36 bytes).
    Removing stm32f10x_sdio.o(i.SDIO_GetCommandResponse), (12 bytes).
    Removing stm32f10x_sdio.o(i.SDIO_GetDataCounter), (12 bytes).
    Removing stm32f10x_sdio.o(i.SDIO_GetFIFOCount), (12 bytes).
    Removing stm32f10x_sdio.o(i.SDIO_GetFlagStatus), (24 bytes).
    Removing stm32f10x_sdio.o(i.SDIO_GetITStatus), (24 bytes).
    Removing stm32f10x_sdio.o(i.SDIO_GetPowerState), (16 bytes).
    Removing stm32f10x_sdio.o(i.SDIO_GetResponse), (24 bytes).
    Removing stm32f10x_sdio.o(i.SDIO_ITConfig), (32 bytes).
    Removing stm32f10x_sdio.o(i.SDIO_Init), (48 bytes).
    Removing stm32f10x_sdio.o(i.SDIO_ReadData), (12 bytes).
    Removing stm32f10x_sdio.o(i.SDIO_SendCEATACmd), (12 bytes).
    Removing stm32f10x_sdio.o(i.SDIO_SendCommand), (44 bytes).
    Removing stm32f10x_sdio.o(i.SDIO_SendSDIOSuspendCmd), (12 bytes).
    Removing stm32f10x_sdio.o(i.SDIO_SetPowerState), (28 bytes).
    Removing stm32f10x_sdio.o(i.SDIO_SetSDIOOperation), (12 bytes).
    Removing stm32f10x_sdio.o(i.SDIO_SetSDIOReadWaitMode), (12 bytes).
    Removing stm32f10x_sdio.o(i.SDIO_StartSDIOReadWait), (12 bytes).
    Removing stm32f10x_sdio.o(i.SDIO_StopSDIOReadWait), (12 bytes).
    Removing stm32f10x_sdio.o(i.SDIO_StructInit), (16 bytes).
    Removing stm32f10x_sdio.o(i.SDIO_WriteData), (12 bytes).
    Removing stm32f10x_spi.o(i.I2S_Cmd), (24 bytes).
    Removing stm32f10x_spi.o(i.I2S_Init), (232 bytes).
    Removing stm32f10x_spi.o(i.I2S_StructInit), (20 bytes).
    Removing stm32f10x_spi.o(i.SPI_BiDirectionalLineConfig), (28 bytes).
    Removing stm32f10x_spi.o(i.SPI_CalculateCRC), (24 bytes).
    Removing stm32f10x_spi.o(i.SPI_DataSizeConfig), (18 bytes).
    Removing stm32f10x_spi.o(i.SPI_GetCRC), (16 bytes).
    Removing stm32f10x_spi.o(i.SPI_GetCRCPolynomial), (6 bytes).
    Removing stm32f10x_spi.o(i.SPI_I2S_ClearFlag), (6 bytes).
    Removing stm32f10x_spi.o(i.SPI_I2S_ClearITPendingBit), (20 bytes).
    Removing stm32f10x_spi.o(i.SPI_I2S_DMACmd), (18 bytes).
    Removing stm32f10x_spi.o(i.SPI_I2S_GetFlagStatus), (18 bytes).
    Removing stm32f10x_spi.o(i.SPI_I2S_GetITStatus), (52 bytes).
    Removing stm32f10x_spi.o(i.SPI_I2S_ITConfig), (32 bytes).
    Removing stm32f10x_spi.o(i.SPI_I2S_ReceiveData), (6 bytes).
    Removing stm32f10x_spi.o(i.SPI_I2S_SendData), (4 bytes).
    Removing stm32f10x_spi.o(i.SPI_NSSInternalSoftwareConfig), (30 bytes).
    Removing stm32f10x_spi.o(i.SPI_StructInit), (24 bytes).
    Removing stm32f10x_spi.o(i.SPI_TransmitCRC), (10 bytes).
    Removing stm32f10x_tim.o(i.TI1_Config), (128 bytes).
    Removing stm32f10x_tim.o(i.TI2_Config), (152 bytes).
    Removing stm32f10x_tim.o(i.TI3_Config), (144 bytes).
    Removing stm32f10x_tim.o(i.TI4_Config), (152 bytes).
    Removing stm32f10x_tim.o(i.TIM_ARRPreloadConfig), (24 bytes).
    Removing stm32f10x_tim.o(i.TIM_BDTRConfig), (32 bytes).
    Removing stm32f10x_tim.o(i.TIM_BDTRStructInit), (18 bytes).
    Removing stm32f10x_tim.o(i.TIM_CCPreloadControl), (24 bytes).
    Removing stm32f10x_tim.o(i.TIM_CCxCmd), (30 bytes).
    Removing stm32f10x_tim.o(i.TIM_CCxNCmd), (30 bytes).
    Removing stm32f10x_tim.o(i.TIM_ClearFlag), (6 bytes).
    Removing stm32f10x_tim.o(i.TIM_ClearITPendingBit), (6 bytes).
    Removing stm32f10x_tim.o(i.TIM_ClearOC1Ref), (18 bytes).
    Removing stm32f10x_tim.o(i.TIM_ClearOC2Ref), (24 bytes).
    Removing stm32f10x_tim.o(i.TIM_ClearOC3Ref), (18 bytes).
    Removing stm32f10x_tim.o(i.TIM_ClearOC4Ref), (24 bytes).
    Removing stm32f10x_tim.o(i.TIM_Cmd), (24 bytes).
    Removing stm32f10x_tim.o(i.TIM_CounterModeConfig), (18 bytes).
    Removing stm32f10x_tim.o(i.TIM_CtrlPWMOutputs), (30 bytes).
    Removing stm32f10x_tim.o(i.TIM_DMACmd), (18 bytes).
    Removing stm32f10x_tim.o(i.TIM_DMAConfig), (10 bytes).
    Removing stm32f10x_tim.o(i.TIM_DeInit), (488 bytes).
    Removing stm32f10x_tim.o(i.TIM_ETRClockMode1Config), (54 bytes).
    Removing stm32f10x_tim.o(i.TIM_ETRClockMode2Config), (32 bytes).
    Removing stm32f10x_tim.o(i.TIM_ETRConfig), (28 bytes).
    Removing stm32f10x_tim.o(i.TIM_EncoderInterfaceConfig), (66 bytes).
    Removing stm32f10x_tim.o(i.TIM_ForcedOC1Config), (18 bytes).
    Removing stm32f10x_tim.o(i.TIM_ForcedOC2Config), (26 bytes).
    Removing stm32f10x_tim.o(i.TIM_ForcedOC3Config), (18 bytes).
    Removing stm32f10x_tim.o(i.TIM_ForcedOC4Config), (26 bytes).
    Removing stm32f10x_tim.o(i.TIM_GenerateEvent), (4 bytes).
    Removing stm32f10x_tim.o(i.TIM_GetCapture1), (6 bytes).
    Removing stm32f10x_tim.o(i.TIM_GetCapture2), (6 bytes).
    Removing stm32f10x_tim.o(i.TIM_GetCapture3), (6 bytes).
    Removing stm32f10x_tim.o(i.TIM_GetCapture4), (8 bytes).
    Removing stm32f10x_tim.o(i.TIM_GetCounter), (6 bytes).
    Removing stm32f10x_tim.o(i.TIM_GetFlagStatus), (18 bytes).
    Removing stm32f10x_tim.o(i.TIM_GetITStatus), (34 bytes).
    Removing stm32f10x_tim.o(i.TIM_GetPrescaler), (6 bytes).
    Removing stm32f10x_tim.o(i.TIM_ICInit), (172 bytes).
    Removing stm32f10x_tim.o(i.TIM_ICStructInit), (18 bytes).
    Removing stm32f10x_tim.o(i.TIM_ITConfig), (18 bytes).
    Removing stm32f10x_tim.o(i.TIM_ITRxExternalClockConfig), (24 bytes).
    Removing stm32f10x_tim.o(i.TIM_InternalClockConfig), (12 bytes).
    Removing stm32f10x_tim.o(i.TIM_OC1FastConfig), (18 bytes).
    Removing stm32f10x_tim.o(i.TIM_OC1Init), (152 bytes).
    Removing stm32f10x_tim.o(i.TIM_OC1NPolarityConfig), (18 bytes).
    Removing stm32f10x_tim.o(i.TIM_OC1PolarityConfig), (18 bytes).
    Removing stm32f10x_tim.o(i.TIM_OC1PreloadConfig), (18 bytes).
    Removing stm32f10x_tim.o(i.TIM_OC2FastConfig), (26 bytes).
    Removing stm32f10x_tim.o(i.TIM_OC2Init), (164 bytes).
    Removing stm32f10x_tim.o(i.TIM_OC2NPolarityConfig), (26 bytes).
    Removing stm32f10x_tim.o(i.TIM_OC2PolarityConfig), (26 bytes).
    Removing stm32f10x_tim.o(i.TIM_OC2PreloadConfig), (26 bytes).
    Removing stm32f10x_tim.o(i.TIM_OC3FastConfig), (18 bytes).
    Removing stm32f10x_tim.o(i.TIM_OC3Init), (160 bytes).
    Removing stm32f10x_tim.o(i.TIM_OC3NPolarityConfig), (26 bytes).
    Removing stm32f10x_tim.o(i.TIM_OC3PolarityConfig), (26 bytes).
    Removing stm32f10x_tim.o(i.TIM_OC3PreloadConfig), (18 bytes).
    Removing stm32f10x_tim.o(i.TIM_OC4FastConfig), (26 bytes).
    Removing stm32f10x_tim.o(i.TIM_OC4Init), (124 bytes).
    Removing stm32f10x_tim.o(i.TIM_OC4PolarityConfig), (26 bytes).
    Removing stm32f10x_tim.o(i.TIM_OC4PreloadConfig), (26 bytes).
    Removing stm32f10x_tim.o(i.TIM_OCStructInit), (20 bytes).
    Removing stm32f10x_tim.o(i.TIM_PWMIConfig), (124 bytes).
    Removing stm32f10x_tim.o(i.TIM_PrescalerConfig), (6 bytes).
    Removing stm32f10x_tim.o(i.TIM_SelectCCDMA), (24 bytes).
    Removing stm32f10x_tim.o(i.TIM_SelectCOM), (24 bytes).
    Removing stm32f10x_tim.o(i.TIM_SelectHallSensor), (24 bytes).
    Removing stm32f10x_tim.o(i.TIM_SelectInputTrigger), (18 bytes).
    Removing stm32f10x_tim.o(i.TIM_SelectMasterSlaveMode), (18 bytes).
    Removing stm32f10x_tim.o(i.TIM_SelectOCxM), (82 bytes).
    Removing stm32f10x_tim.o(i.TIM_SelectOnePulseMode), (18 bytes).
    Removing stm32f10x_tim.o(i.TIM_SelectOutputTrigger), (18 bytes).
    Removing stm32f10x_tim.o(i.TIM_SelectSlaveMode), (18 bytes).
    Removing stm32f10x_tim.o(i.TIM_SetAutoreload), (4 bytes).
    Removing stm32f10x_tim.o(i.TIM_SetClockDivision), (18 bytes).
    Removing stm32f10x_tim.o(i.TIM_SetCompare1), (4 bytes).
    Removing stm32f10x_tim.o(i.TIM_SetCompare2), (4 bytes).
    Removing stm32f10x_tim.o(i.TIM_SetCompare3), (4 bytes).
    Removing stm32f10x_tim.o(i.TIM_SetCompare4), (6 bytes).
    Removing stm32f10x_tim.o(i.TIM_SetCounter), (4 bytes).
    Removing stm32f10x_tim.o(i.TIM_SetIC1Prescaler), (18 bytes).
    Removing stm32f10x_tim.o(i.TIM_SetIC2Prescaler), (26 bytes).
    Removing stm32f10x_tim.o(i.TIM_SetIC3Prescaler), (18 bytes).
    Removing stm32f10x_tim.o(i.TIM_SetIC4Prescaler), (26 bytes).
    Removing stm32f10x_tim.o(i.TIM_TIxExternalClockConfig), (62 bytes).
    Removing stm32f10x_tim.o(i.TIM_TimeBaseInit), (164 bytes).
    Removing stm32f10x_tim.o(i.TIM_TimeBaseStructInit), (18 bytes).
    Removing stm32f10x_tim.o(i.TIM_UpdateDisableConfig), (24 bytes).
    Removing stm32f10x_tim.o(i.TIM_UpdateRequestConfig), (24 bytes).
    Removing stm32f10x_usart.o(i.USART_ClearFlag), (18 bytes).
    Removing stm32f10x_usart.o(i.USART_ClearITPendingBit), (30 bytes).
    Removing stm32f10x_usart.o(i.USART_ClockInit), (34 bytes).
    Removing stm32f10x_usart.o(i.USART_ClockStructInit), (12 bytes).
    Removing stm32f10x_usart.o(i.USART_DMACmd), (18 bytes).
    Removing stm32f10x_usart.o(i.USART_DeInit), (156 bytes).
    Removing stm32f10x_usart.o(i.USART_GetITStatus), (84 bytes).
    Removing stm32f10x_usart.o(i.USART_HalfDuplexCmd), (24 bytes).
    Removing stm32f10x_usart.o(i.USART_ITConfig), (74 bytes).
    Removing stm32f10x_usart.o(i.USART_IrDACmd), (24 bytes).
    Removing stm32f10x_usart.o(i.USART_IrDAConfig), (18 bytes).
    Removing stm32f10x_usart.o(i.USART_LINBreakDetectLengthConfig), (18 bytes).
    Removing stm32f10x_usart.o(i.USART_LINCmd), (24 bytes).
    Removing stm32f10x_usart.o(i.USART_OneBitMethodCmd), (24 bytes).
    Removing stm32f10x_usart.o(i.USART_OverSampling8Cmd), (22 bytes).
    Removing stm32f10x_usart.o(i.USART_ReceiveData), (10 bytes).
    Removing stm32f10x_usart.o(i.USART_ReceiverWakeUpCmd), (24 bytes).
    Removing stm32f10x_usart.o(i.USART_SendBreak), (10 bytes).
    Removing stm32f10x_usart.o(i.USART_SetAddress), (18 bytes).
    Removing stm32f10x_usart.o(i.USART_SetGuardTime), (16 bytes).
    Removing stm32f10x_usart.o(i.USART_SetPrescaler), (16 bytes).
    Removing stm32f10x_usart.o(i.USART_SmartCardCmd), (24 bytes).
    Removing stm32f10x_usart.o(i.USART_SmartCardNACKCmd), (24 bytes).
    Removing stm32f10x_usart.o(i.USART_StructInit), (24 bytes).
    Removing stm32f10x_usart.o(i.USART_WakeUpConfig), (18 bytes).
    Removing stm32f10x_wwdg.o(i.WWDG_ClearFlag), (12 bytes).
    Removing stm32f10x_wwdg.o(i.WWDG_DeInit), (22 bytes).
    Removing stm32f10x_wwdg.o(i.WWDG_Enable), (16 bytes).
    Removing stm32f10x_wwdg.o(i.WWDG_EnableIT), (12 bytes).
    Removing stm32f10x_wwdg.o(i.WWDG_GetFlagStatus), (12 bytes).
    Removing stm32f10x_wwdg.o(i.WWDG_SetCounter), (16 bytes).
    Removing stm32f10x_wwdg.o(i.WWDG_SetPrescaler), (24 bytes).
    Removing stm32f10x_wwdg.o(i.WWDG_SetWindowValue), (40 bytes).
    Removing system_stm32f10x.o(i.SystemCoreClockUpdate), (164 bytes).
    Removing core_cm3.o(.emb_text), (32 bytes).
    Removing startup_stm32f10x_md.o(HEAP), (512 bytes).
    Removing deca_device.o(i._dwt_aonarrayupload), (36 bytes).
    Removing deca_device.o(i._dwt_aonconfigupload), (36 bytes).
    Removing deca_device.o(i._dwt_disablesequencing), (20 bytes).
    Removing deca_device.o(i._dwt_otpprogword32), (176 bytes).
    Removing deca_device.o(i._dwt_otpsetmrregs), (582 bytes).
    Removing deca_device.o(i.dwt_calibratesleepcnt), (260 bytes).
    Removing deca_device.o(i.dwt_checkIRQ), (24 bytes).
    Removing deca_device.o(i.dwt_checkoverrun), (16 bytes).
    Removing deca_device.o(i.dwt_configcontinuousframemode), (84 bytes).
    Removing deca_device.o(i.dwt_configcwmode), (148 bytes).
    Removing deca_device.o(i.dwt_configeventcounters), (44 bytes).
    Removing deca_device.o(i.dwt_configuresleep), (44 bytes).
    Removing deca_device.o(i.dwt_configuresleepcnt), (132 bytes).
    Removing deca_device.o(i.dwt_configuretxrf), (28 bytes).
    Removing deca_device.o(i.dwt_enableautoack), (44 bytes).
    Removing deca_device.o(i.dwt_enableframefilter), (64 bytes).
    Removing deca_device.o(i.dwt_entersleep), (8 bytes).
    Removing deca_device.o(i.dwt_geteui), (18 bytes).
    Removing deca_device.o(i.dwt_getlotid), (12 bytes).
    Removing deca_device.o(i.dwt_getpartid), (12 bytes).
    Removing deca_device.o(i.dwt_isr), (836 bytes).
    Removing deca_device.o(i.dwt_loadopsettabfromotp), (56 bytes).
    Removing deca_device.o(i.dwt_otpread), (46 bytes).
    Removing deca_device.o(i.dwt_otprevision), (12 bytes).
    Removing deca_device.o(i.dwt_otpwriteandverify), (90 bytes).
    Removing deca_device.o(i.dwt_readaccdata), (34 bytes).
    Removing deca_device.o(i.dwt_readdiagnostics), (60 bytes).
    Removing deca_device.o(i.dwt_readeventcounters), (138 bytes).
    Removing deca_device.o(i.dwt_readrxtimestamphi32), (12 bytes).
    Removing deca_device.o(i.dwt_readrxtimestamplo32), (12 bytes).
    Removing deca_device.o(i.dwt_readsystime), (18 bytes).
    Removing deca_device.o(i.dwt_readsystimestamphi32), (12 bytes).
    Removing deca_device.o(i.dwt_readtempvbat), (174 bytes).
    Removing deca_device.o(i.dwt_readtxtimestamphi32), (12 bytes).
    Removing deca_device.o(i.dwt_readtxtimestamplo32), (12 bytes).
    Removing deca_device.o(i.dwt_readwakeuptemp), (20 bytes).
    Removing deca_device.o(i.dwt_readwakeupvbat), (20 bytes).
    Removing deca_device.o(i.dwt_rxreset), (36 bytes).
    Removing deca_device.o(i.dwt_setGPIOdirection), (42 bytes).
    Removing deca_device.o(i.dwt_setGPIOforEXTTRX), (40 bytes).
    Removing deca_device.o(i.dwt_setGPIOvalue), (42 bytes).
    Removing deca_device.o(i.dwt_setaddress16), (16 bytes).
    Removing deca_device.o(i.dwt_setautorxreenable), (64 bytes).
    Removing deca_device.o(i.dwt_setcallbacks), (12 bytes).
    Removing deca_device.o(i.dwt_setdblrxbuffmode), (60 bytes).
    Removing deca_device.o(i.dwt_seteui), (18 bytes).
    Removing deca_device.o(i.dwt_setinterrupt), (52 bytes).
    Removing deca_device.o(i.dwt_setleds), (210 bytes).
    Removing deca_device.o(i.dwt_setpanid), (16 bytes).
    Removing deca_device.o(i.dwt_setpreambledetecttimeout), (16 bytes).
    Removing deca_device.o(i.dwt_setrxmode), (54 bytes).
    Removing deca_device.o(i.dwt_setsmarttxpower), (60 bytes).
    Removing deca_device.o(i.dwt_softreset), (112 bytes).
    Removing deca_device.o(i.dwt_spicswakeup), (64 bytes).
    Removing deca_spi.o(i.closespi), (32 bytes).
    Removing deca_spi.o(i.openspi), (4 bytes).
    Removing lcd.o(i.lcd_display_str), (2 bytes).
    Removing lcd.o(i.writetoLCD), (12 bytes).

517 unused section(s) (total 23558 bytes) removed from the image.

==============================================================================

Image Symbol Table

    Local Symbols

    Symbol Name                              Value     Ov Type        Size  Object(Section)

    ../clib/microlib/division.c              0x00000000   Number         0  uldiv.o ABSOLUTE
    ../clib/microlib/division.c              0x00000000   Number         0  uidiv.o ABSOLUTE
    ../clib/microlib/init/entry.s            0x00000000   Number         0  entry11a.o ABSOLUTE
    ../clib/microlib/init/entry.s            0x00000000   Number         0  entry.o ABSOLUTE
    ../clib/microlib/init/entry.s            0x00000000   Number         0  entry10b.o ABSOLUTE
    ../clib/microlib/init/entry.s            0x00000000   Number         0  entry9b.o ABSOLUTE
    ../clib/microlib/init/entry.s            0x00000000   Number         0  entry11b.o ABSOLUTE
    ../clib/microlib/init/entry.s            0x00000000   Number         0  entry2.o ABSOLUTE
    ../clib/microlib/init/entry.s            0x00000000   Number         0  entry10a.o ABSOLUTE
    ../clib/microlib/init/entry.s            0x00000000   Number         0  entry9a.o ABSOLUTE
    ../clib/microlib/init/entry.s            0x00000000   Number         0  entry8b.o ABSOLUTE
    ../clib/microlib/init/entry.s            0x00000000   Number         0  entry8a.o ABSOLUTE
    ../clib/microlib/init/entry.s            0x00000000   Number         0  entry7b.o ABSOLUTE
    ../clib/microlib/init/entry.s            0x00000000   Number         0  entry7a.o ABSOLUTE
    ../clib/microlib/init/entry.s            0x00000000   Number         0  entry5.o ABSOLUTE
    ../clib/microlib/longlong.c              0x00000000   Number         0  llsshr.o ABSOLUTE
    ../clib/microlib/longlong.c              0x00000000   Number         0  llushr.o ABSOLUTE
    ../clib/microlib/longlong.c              0x00000000   Number         0  llshl.o ABSOLUTE
    ../clib/microlib/printf/printf.c         0x00000000   Number         0  printfb.o ABSOLUTE
    ../clib/microlib/printf/printf.c         0x00000000   Number         0  printf0.o ABSOLUTE
    ../clib/microlib/printf/printf.c         0x00000000   Number         0  printf1.o ABSOLUTE
    ../clib/microlib/printf/printf.c         0x00000000   Number         0  printf4.o ABSOLUTE
    ../clib/microlib/printf/printf.c         0x00000000   Number         0  printf2.o ABSOLUTE
    ../clib/microlib/printf/printf.c         0x00000000   Number         0  printf3.o ABSOLUTE
    ../clib/microlib/printf/printf.c         0x00000000   Number         0  printf8.o ABSOLUTE
    ../clib/microlib/printf/printf.c         0x00000000   Number         0  printfa.o ABSOLUTE
    ../clib/microlib/printf/printf.c         0x00000000   Number         0  printf5.o ABSOLUTE
    ../clib/microlib/printf/printf.c         0x00000000   Number         0  printf7.o ABSOLUTE
    ../clib/microlib/printf/printf.c         0x00000000   Number         0  printf6.o ABSOLUTE
    ../clib/microlib/printf/stubs.s          0x00000000   Number         0  stubs.o ABSOLUTE
    ../clib/microlib/stdio/streams.c         0x00000000   Number         0  stdout.o ABSOLUTE
    ../clib/microlib/string/memcmp.c         0x00000000   Number         0  memcmp.o ABSOLUTE
    ../clib/microlib/stubs.s                 0x00000000   Number         0  iusefp.o ABSOLUTE
    ../fplib/microlib/d2f.c                  0x00000000   Number         0  d2f.o ABSOLUTE
    ../fplib/microlib/f2d.c                  0x00000000   Number         0  f2d.o ABSOLUTE
    ../fplib/microlib/fpadd.c                0x00000000   Number         0  dadd.o ABSOLUTE
    ../fplib/microlib/fpdiv.c                0x00000000   Number         0  ddiv.o ABSOLUTE
    ../fplib/microlib/fpepilogue.c           0x00000000   Number         0  depilogue.o ABSOLUTE
    ../fplib/microlib/fpepilogue.c           0x00000000   Number         0  fepilogue.o ABSOLUTE
    ../fplib/microlib/fpfix.c                0x00000000   Number         0  dfixui.o ABSOLUTE
    ../fplib/microlib/fpfix.c                0x00000000   Number         0  dfixi.o ABSOLUTE
    ../fplib/microlib/fpfix.c                0x00000000   Number         0  dfixl.o ABSOLUTE
    ../fplib/microlib/fpfix.c                0x00000000   Number         0  dfixul.o ABSOLUTE
    ../fplib/microlib/fpflt.c                0x00000000   Number         0  fflti.o ABSOLUTE
    ../fplib/microlib/fpflt.c                0x00000000   Number         0  dfltl.o ABSOLUTE
    ../fplib/microlib/fpflt.c                0x00000000   Number         0  dfltui.o ABSOLUTE
    ../fplib/microlib/fpflt.c                0x00000000   Number         0  dflti.o ABSOLUTE
    ../fplib/microlib/fpmul.c                0x00000000   Number         0  dmul.o ABSOLUTE
    ..\Libraries\CMSIS\CM3\CoreSupport\core_cm3.c 0x00000000   Number         0  core_cm3.o ABSOLUTE
    ..\Libraries\CMSIS\CM3\DeviceSupport\ST\STM32F10x\startup\arm\startup_stm32f10x_md.s 0x00000000   Number         0  startup_stm32f10x_md.o ABSOLUTE
    ..\Libraries\STM32F10x_StdPeriph_Driver\src\misc.c 0x00000000   Number         0  misc.o ABSOLUTE
    ..\Libraries\STM32F10x_StdPeriph_Driver\src\stm32f10x_adc.c 0x00000000   Number         0  stm32f10x_adc.o ABSOLUTE
    ..\Libraries\STM32F10x_StdPeriph_Driver\src\stm32f10x_bkp.c 0x00000000   Number         0  stm32f10x_bkp.o ABSOLUTE
    ..\Libraries\STM32F10x_StdPeriph_Driver\src\stm32f10x_can.c 0x00000000   Number         0  stm32f10x_can.o ABSOLUTE
    ..\Libraries\STM32F10x_StdPeriph_Driver\src\stm32f10x_cec.c 0x00000000   Number         0  stm32f10x_cec.o ABSOLUTE
    ..\Libraries\STM32F10x_StdPeriph_Driver\src\stm32f10x_crc.c 0x00000000   Number         0  stm32f10x_crc.o ABSOLUTE
    ..\Libraries\STM32F10x_StdPeriph_Driver\src\stm32f10x_dac.c 0x00000000   Number         0  stm32f10x_dac.o ABSOLUTE
    ..\Libraries\STM32F10x_StdPeriph_Driver\src\stm32f10x_dbgmcu.c 0x00000000   Number         0  stm32f10x_dbgmcu.o ABSOLUTE
    ..\Libraries\STM32F10x_StdPeriph_Driver\src\stm32f10x_dma.c 0x00000000   Number         0  stm32f10x_dma.o ABSOLUTE
    ..\Libraries\STM32F10x_StdPeriph_Driver\src\stm32f10x_exti.c 0x00000000   Number         0  stm32f10x_exti.o ABSOLUTE
    ..\Libraries\STM32F10x_StdPeriph_Driver\src\stm32f10x_flash.c 0x00000000   Number         0  stm32f10x_flash.o ABSOLUTE
    ..\Libraries\STM32F10x_StdPeriph_Driver\src\stm32f10x_fsmc.c 0x00000000   Number         0  stm32f10x_fsmc.o ABSOLUTE
    ..\Libraries\STM32F10x_StdPeriph_Driver\src\stm32f10x_gpio.c 0x00000000   Number         0  stm32f10x_gpio.o ABSOLUTE
    ..\Libraries\STM32F10x_StdPeriph_Driver\src\stm32f10x_i2c.c 0x00000000   Number         0  stm32f10x_i2c.o ABSOLUTE
    ..\Libraries\STM32F10x_StdPeriph_Driver\src\stm32f10x_iwdg.c 0x00000000   Number         0  stm32f10x_iwdg.o ABSOLUTE
    ..\Libraries\STM32F10x_StdPeriph_Driver\src\stm32f10x_pwr.c 0x00000000   Number         0  stm32f10x_pwr.o ABSOLUTE
    ..\Libraries\STM32F10x_StdPeriph_Driver\src\stm32f10x_rcc.c 0x00000000   Number         0  stm32f10x_rcc.o ABSOLUTE
    ..\Libraries\STM32F10x_StdPeriph_Driver\src\stm32f10x_rtc.c 0x00000000   Number         0  stm32f10x_rtc.o ABSOLUTE
    ..\Libraries\STM32F10x_StdPeriph_Driver\src\stm32f10x_sdio.c 0x00000000   Number         0  stm32f10x_sdio.o ABSOLUTE
    ..\Libraries\STM32F10x_StdPeriph_Driver\src\stm32f10x_spi.c 0x00000000   Number         0  stm32f10x_spi.o ABSOLUTE
    ..\Libraries\STM32F10x_StdPeriph_Driver\src\stm32f10x_tim.c 0x00000000   Number         0  stm32f10x_tim.o ABSOLUTE
    ..\Libraries\STM32F10x_StdPeriph_Driver\src\stm32f10x_usart.c 0x00000000   Number         0  stm32f10x_usart.o ABSOLUTE
    ..\Libraries\STM32F10x_StdPeriph_Driver\src\stm32f10x_wwdg.c 0x00000000   Number         0  stm32f10x_wwdg.o ABSOLUTE
    ..\\Libraries\\CMSIS\\CM3\\CoreSupport\\core_cm3.c 0x00000000   Number         0  core_cm3.o ABSOLUTE
    ..\decadriver\deca_device.c              0x00000000   Number         0  deca_device.o ABSOLUTE
    ..\decadriver\deca_params_init.c         0x00000000   Number         0  deca_params_init.o ABSOLUTE
    ..\decadriver\deca_range_tables.c        0x00000000   Number         0  deca_range_tables.o ABSOLUTE
    ..\platform\deca_mutex.c                 0x00000000   Number         0  deca_mutex.o ABSOLUTE
    ..\platform\deca_sleep.c                 0x00000000   Number         0  deca_sleep.o ABSOLUTE
    ..\platform\deca_spi.c                   0x00000000   Number         0  deca_spi.o ABSOLUTE
    ..\platform\lcd.c                        0x00000000   Number         0  lcd.o ABSOLUTE
    ..\platform\port.c                       0x00000000   Number         0  port.o ABSOLUTE
    cdrcmple.s                               0x00000000   Number         0  cdrcmple.o ABSOLUTE
    dc.s                                     0x00000000   Number         0  dc.o ABSOLUTE
    handlers.s                               0x00000000   Number         0  handlers.o ABSOLUTE
    init.s                                   0x00000000   Number         0  init.o ABSOLUTE
    main.c                                   0x00000000   Number         0  main.o ABSOLUTE
    stm32f10x_it.c                           0x00000000   Number         0  stm32f10x_it.o ABSOLUTE
    system_stm32f10x.c                       0x00000000   Number         0  system_stm32f10x.o ABSOLUTE
    RESET                                    0x08000000   Section      236  startup_stm32f10x_md.o(RESET)
    .ARM.Collect$$$$00000000                 0x080000ec   Section        0  entry.o(.ARM.Collect$$$$00000000)
    .ARM.Collect$$$$00000001                 0x080000ec   Section        4  entry2.o(.ARM.Collect$$$$00000001)
    .ARM.Collect$$$$00000004                 0x080000f0   Section        4  entry5.o(.ARM.Collect$$$$00000004)
    .ARM.Collect$$$$00000008                 0x080000f4   Section        0  entry7b.o(.ARM.Collect$$$$00000008)
    .ARM.Collect$$$$0000000A                 0x080000f4   Section        0  entry8b.o(.ARM.Collect$$$$0000000A)
    .ARM.Collect$$$$0000000B                 0x080000f4   Section        8  entry9a.o(.ARM.Collect$$$$0000000B)
    .ARM.Collect$$$$0000000D                 0x080000fc   Section        0  entry10a.o(.ARM.Collect$$$$0000000D)
    .ARM.Collect$$$$0000000F                 0x080000fc   Section        0  entry11a.o(.ARM.Collect$$$$0000000F)
    .ARM.Collect$$$$00002712                 0x080000fc   Section        4  entry2.o(.ARM.Collect$$$$00002712)
    __lit__00000000                          0x080000fc   Data           4  entry2.o(.ARM.Collect$$$$00002712)
    .text                                    0x08000100   Section       36  startup_stm32f10x_md.o(.text)
    .text                                    0x08000124   Section        0  memcmp.o(.text)
    .text                                    0x0800013e   Section        0  dadd.o(.text)
    .text                                    0x0800028c   Section        0  dmul.o(.text)
    .text                                    0x08000370   Section        0  ddiv.o(.text)
    .text                                    0x0800044e   Section        0  fflti.o(.text)
    .text                                    0x08000460   Section        0  dflti.o(.text)
    .text                                    0x08000482   Section        0  dfltui.o(.text)
    .text                                    0x0800049c   Section        0  dfltl.o(.text)
    .text                                    0x080004c4   Section        0  dfixi.o(.text)
    .text                                    0x08000502   Section        0  dfixui.o(.text)
    .text                                    0x08000534   Section        0  dfixl.o(.text)
    .text                                    0x0800057e   Section        0  f2d.o(.text)
    .text                                    0x080005a4   Section        0  d2f.o(.text)
    .text                                    0x080005dc   Section        0  uidiv.o(.text)
    .text                                    0x08000608   Section        0  uldiv.o(.text)
    .text                                    0x0800066a   Section        0  llshl.o(.text)
    .text                                    0x08000688   Section        0  llushr.o(.text)
    .text                                    0x080006a8   Section        0  llsshr.o(.text)
    .text                                    0x080006cc   Section        0  fepilogue.o(.text)
    .text                                    0x080006cc   Section        0  iusefp.o(.text)
    .text                                    0x0800073a   Section        0  depilogue.o(.text)
    .text                                    0x080007f4   Section        0  dfixul.o(.text)
    .text                                    0x08000824   Section       48  cdrcmple.o(.text)
    .text                                    0x08000854   Section       36  init.o(.text)
    i.Checksum_u16                           0x08000878   Section        0  main.o(i.Checksum_u16)
    i.EXTI_GetITEnStatus                     0x08000898   Section        0  port.o(i.EXTI_GetITEnStatus)
    i.FLASH_PrefetchBufferCmd                0x080008b4   Section        0  stm32f10x_flash.o(i.FLASH_PrefetchBufferCmd)
    i.FLASH_SetLatency                       0x080008d0   Section        0  stm32f10x_flash.o(i.FLASH_SetLatency)
    i.GPIO_Configuration                     0x080008e8   Section        0  port.o(i.GPIO_Configuration)
    i.GPIO_Init                              0x08000a40   Section        0  stm32f10x_gpio.o(i.GPIO_Init)
    i.GPIO_PinRemapConfig                    0x08000b58   Section        0  stm32f10x_gpio.o(i.GPIO_PinRemapConfig)
    i.GPIO_ReadInputDataBit                  0x08000be8   Section        0  stm32f10x_gpio.o(i.GPIO_ReadInputDataBit)
    i.GPIO_ReadOutputDataBit                 0x08000bfa   Section        0  stm32f10x_gpio.o(i.GPIO_ReadOutputDataBit)
    i.GPIO_ResetBits                         0x08000c0c   Section        0  stm32f10x_gpio.o(i.GPIO_ResetBits)
    i.GPIO_SetBits                           0x08000c10   Section        0  stm32f10x_gpio.o(i.GPIO_SetBits)
    i.GPIO_Toggle                            0x08000c14   Section        0  main.o(i.GPIO_Toggle)
    i.GPIO_WriteBit                          0x08000c38   Section        0  stm32f10x_gpio.o(i.GPIO_WriteBit)
    i.LED_blink                              0x08000c44   Section        0  main.o(i.LED_blink)
    i.LP                                     0x08000c68   Section        0  main.o(i.LP)
    i.NVIC_SetPriority                       0x08000ccc   Section        0  port.o(i.NVIC_SetPriority)
    NVIC_SetPriority                         0x08000ccd   Thumb Code    32  port.o(i.NVIC_SetPriority)
    i.RCC_ADCCLKConfig                       0x08000cf4   Section        0  stm32f10x_rcc.o(i.RCC_ADCCLKConfig)
    i.RCC_APB1PeriphClockCmd                 0x08000d0c   Section        0  stm32f10x_rcc.o(i.RCC_APB1PeriphClockCmd)
    i.RCC_APB1PeriphResetCmd                 0x08000d2c   Section        0  stm32f10x_rcc.o(i.RCC_APB1PeriphResetCmd)
    i.RCC_APB2PeriphClockCmd                 0x08000d4c   Section        0  stm32f10x_rcc.o(i.RCC_APB2PeriphClockCmd)
    i.RCC_APB2PeriphResetCmd                 0x08000d6c   Section        0  stm32f10x_rcc.o(i.RCC_APB2PeriphResetCmd)
    i.RCC_Configuration                      0x08000d8c   Section        0  port.o(i.RCC_Configuration)
    i.RCC_DeInit                             0x08000df4   Section        0  stm32f10x_rcc.o(i.RCC_DeInit)
    i.RCC_GetClocksFreq                      0x08000e40   Section        0  stm32f10x_rcc.o(i.RCC_GetClocksFreq)
    i.RCC_GetFlagStatus                      0x08000f14   Section        0  stm32f10x_rcc.o(i.RCC_GetFlagStatus)
    i.RCC_HCLKConfig                         0x08000f50   Section        0  stm32f10x_rcc.o(i.RCC_HCLKConfig)
    i.RCC_HSEConfig                          0x08000f68   Section        0  stm32f10x_rcc.o(i.RCC_HSEConfig)
    i.RCC_PCLK1Config                        0x08000fb4   Section        0  stm32f10x_rcc.o(i.RCC_PCLK1Config)
    i.RCC_PCLK2Config                        0x08000fcc   Section        0  stm32f10x_rcc.o(i.RCC_PCLK2Config)
    i.RCC_WaitForHSEStartUp                  0x08000fe4   Section        0  stm32f10x_rcc.o(i.RCC_WaitForHSEStartUp)
    i.SPI_ChangeRate                         0x0800101c   Section        0  port.o(i.SPI_ChangeRate)
    i.SPI_Cmd                                0x08001038   Section        0  stm32f10x_spi.o(i.SPI_Cmd)
    i.SPI_Configuration                      0x08001050   Section        0  port.o(i.SPI_Configuration)
    i.SPI_I2S_DeInit                         0x08001104   Section        0  stm32f10x_spi.o(i.SPI_I2S_DeInit)
    i.SPI_Init                               0x0800115c   Section        0  stm32f10x_spi.o(i.SPI_Init)
    i.SPI_SSOutputCmd                        0x08001198   Section        0  stm32f10x_spi.o(i.SPI_SSOutputCmd)
    i.SetSysClock                            0x080011b0   Section        0  system_stm32f10x.o(i.SetSysClock)
    SetSysClock                              0x080011b1   Thumb Code     8  system_stm32f10x.o(i.SetSysClock)
    i.SetSysClockTo72                        0x080011b8   Section        0  system_stm32f10x.o(i.SetSysClockTo72)
    SetSysClockTo72                          0x080011b9   Thumb Code   214  system_stm32f10x.o(i.SetSysClockTo72)
    i.SysTick_Configuration                  0x08001298   Section        0  port.o(i.SysTick_Configuration)
    i.SysTick_Handler                        0x080012ec   Section        0  stm32f10x_it.o(i.SysTick_Handler)
    i.SystemInit                             0x0800133c   Section        0  system_stm32f10x.o(i.SystemInit)
    i.USART_Cmd                              0x0800139c   Section        0  stm32f10x_usart.o(i.USART_Cmd)
    i.USART_GetFlagStatus                    0x080013b4   Section        0  stm32f10x_usart.o(i.USART_GetFlagStatus)
    i.USART_Init                             0x080013d0   Section        0  stm32f10x_usart.o(i.USART_Init)
    i.USART_SendData                         0x080014a8   Section        0  stm32f10x_usart.o(i.USART_SendData)
    i.USART_putc                             0x080014b0   Section        0  main.o(i.USART_putc)
    i.USART_puts                             0x080014d0   Section        0  main.o(i.USART_puts)
    i.__0printf                              0x080014e8   Section        0  printfa.o(i.__0printf)
    i.__scatterload_copy                     0x08001508   Section       14  handlers.o(i.__scatterload_copy)
    i.__scatterload_null                     0x08001516   Section        2  handlers.o(i.__scatterload_null)
    i.__scatterload_zeroinit                 0x08001518   Section       14  handlers.o(i.__scatterload_zeroinit)
    i._dwt_configlde                         0x08001526   Section        0  deca_device.o(i._dwt_configlde)
    i._dwt_enableclocks                      0x0800155e   Section        0  deca_device.o(i._dwt_enableclocks)
    i._dwt_loaducodefromrom                  0x08001642   Section        0  deca_device.o(i._dwt_loaducodefromrom)
    i._dwt_otpread                           0x08001676   Section        0  deca_device.o(i._dwt_otpread)
    i._fp_digits                             0x080016c4   Section        0  printfa.o(i._fp_digits)
    _fp_digits                               0x080016c5   Thumb Code   366  printfa.o(i._fp_digits)
    i._printf_core                           0x08001848   Section        0  printfa.o(i._printf_core)
    _printf_core                             0x08001849   Thumb Code  1744  printfa.o(i._printf_core)
    i._printf_post_padding                   0x08001f24   Section        0  printfa.o(i._printf_post_padding)
    _printf_post_padding                     0x08001f25   Thumb Code    36  printfa.o(i._printf_post_padding)
    i._printf_pre_padding                    0x08001f48   Section        0  printfa.o(i._printf_pre_padding)
    _printf_pre_padding                      0x08001f49   Thumb Code    46  printfa.o(i._printf_pre_padding)
    i.deca_sleep                             0x08001f76   Section        0  deca_sleep.o(i.deca_sleep)
    i.decamutexoff                           0x08001f8e   Section        0  deca_mutex.o(i.decamutexoff)
    i.decamutexon                            0x08001fac   Section        0  deca_mutex.o(i.decamutexon)
    i.dwt_configure                          0x08001fd4   Section        0  deca_device.o(i.dwt_configure)
    i.dwt_entersleepaftertx                  0x0800221c   Section        0  deca_device.o(i.dwt_entersleepaftertx)
    i.dwt_forcetrxoff                        0x08002244   Section        0  deca_device.o(i.dwt_forcetrxoff)
    i.dwt_getrangebias                       0x080022a0   Section        0  deca_range_tables.o(i.dwt_getrangebias)
    i.dwt_initialise                         0x080023c4   Section        0  deca_device.o(i.dwt_initialise)
    i.dwt_read16bitoffsetreg                 0x080024dc   Section        0  deca_device.o(i.dwt_read16bitoffsetreg)
    i.dwt_read32bitoffsetreg                 0x08002508   Section        0  deca_device.o(i.dwt_read32bitoffsetreg)
    i.dwt_readdevid                          0x08002540   Section        0  deca_device.o(i.dwt_readdevid)
    i.dwt_readfromdevice                     0x0800254c   Section        0  deca_device.o(i.dwt_readfromdevice)
    i.dwt_readrxdata                         0x080025b0   Section        0  deca_device.o(i.dwt_readrxdata)
    i.dwt_readrxtimestamp                    0x080025c6   Section        0  deca_device.o(i.dwt_readrxtimestamp)
    i.dwt_readtxtimestamp                    0x080025d8   Section        0  deca_device.o(i.dwt_readtxtimestamp)
    i.dwt_rxenable                           0x080025ea   Section        0  deca_device.o(i.dwt_rxenable)
    i.dwt_setdelayedtrxtime                  0x0800263e   Section        0  deca_device.o(i.dwt_setdelayedtrxtime)
    i.dwt_setrxaftertxdelay                  0x0800264e   Section        0  deca_device.o(i.dwt_setrxaftertxdelay)
    i.dwt_setrxantennadelay                  0x08002672   Section        0  deca_device.o(i.dwt_setrxantennadelay)
    i.dwt_setrxtimeout                       0x08002684   Section        0  deca_device.o(i.dwt_setrxtimeout)
    i.dwt_settxantennadelay                  0x080026f0   Section        0  deca_device.o(i.dwt_settxantennadelay)
    i.dwt_starttx                            0x08002700   Section        0  deca_device.o(i.dwt_starttx)
    i.dwt_syncrxbufptrs                      0x0800279c   Section        0  deca_device.o(i.dwt_syncrxbufptrs)
    i.dwt_write16bitoffsetreg                0x080027d4   Section        0  deca_device.o(i.dwt_write16bitoffsetreg)
    i.dwt_write32bitoffsetreg                0x080027fa   Section        0  deca_device.o(i.dwt_write32bitoffsetreg)
    i.dwt_writetodevice                      0x0800282a   Section        0  deca_device.o(i.dwt_writetodevice)
    i.dwt_writetxdata                        0x08002892   Section        0  deca_device.o(i.dwt_writetxdata)
    i.dwt_writetxfctrl                       0x080028b8   Section        0  deca_device.o(i.dwt_writetxfctrl)
    i.dwt_xtaltrim                           0x080028dc   Section        0  deca_device.o(i.dwt_xtaltrim)
    i.final_msg_get_ts                       0x08002910   Section        0  main.o(i.final_msg_get_ts)
    final_msg_get_ts                         0x08002911   Thumb Code    32  main.o(i.final_msg_get_ts)
    i.final_msg_set_ts                       0x08002930   Section        0  main.o(i.final_msg_set_ts)
    final_msg_set_ts                         0x08002931   Thumb Code    26  main.o(i.final_msg_set_ts)
    i.fputc                                  0x0800294c   Section        0  main.o(i.fputc)
    i.get_rx_timestamp_u64                   0x08002970   Section        0  main.o(i.get_rx_timestamp_u64)
    get_rx_timestamp_u64                     0x08002971   Thumb Code    44  main.o(i.get_rx_timestamp_u64)
    i.get_tx_timestamp_u64                   0x0800299c   Section        0  main.o(i.get_tx_timestamp_u64)
    get_tx_timestamp_u64                     0x0800299d   Thumb Code    44  main.o(i.get_tx_timestamp_u64)
    i.main                                   0x080029c8   Section        0  main.o(i.main)
    i.peripherals_init                       0x08003034   Section        0  port.o(i.peripherals_init)
    i.portGetTickCnt                         0x0800304c   Section        0  port.o(i.portGetTickCnt)
    i.readfromspi_serial                     0x08003058   Section        0  deca_spi.o(i.readfromspi_serial)
    i.reset_DW1000                           0x080030d8   Section        0  port.o(i.reset_DW1000)
    i.spi_peripheral_init                    0x08003128   Section        0  port.o(i.spi_peripheral_init)
    spi_peripheral_init                      0x08003129   Thumb Code    14  port.o(i.spi_peripheral_init)
    i.spi_set_rate_high                      0x08003136   Section        0  port.o(i.spi_set_rate_high)
    i.spi_set_rate_low                       0x08003140   Section        0  port.o(i.spi_set_rate_low)
    i.usartinit                              0x0800314c   Section        0  port.o(i.usartinit)
    i.writetospi_serial                      0x080031cc   Section        0  deca_spi.o(i.writetospi_serial)
    .constdata                               0x08003248   Section      174  deca_params_init.o(.constdata)
    .constdata                               0x080032f6   Section      522  deca_range_tables.o(.constdata)
    .data                                    0x20000000   Section      238  main.o(.data)
    config                                   0x20000000   Data          11  main.o(.data)
    rx_poll_msg                              0x2000000b   Data          12  main.o(.data)
    tx_resp_msg                              0x20000017   Data          15  main.o(.data)
    rx_final_msg                             0x20000026   Data          24  main.o(.data)
    tx_poll_msg                              0x2000003e   Data          12  main.o(.data)
    rx_resp_msg                              0x2000004a   Data          15  main.o(.data)
    tx_final_msg                             0x20000059   Data          24  main.o(.data)
    poll_rx_ts                               0x20000078   Data           8  main.o(.data)
    resp_tx_ts                               0x20000080   Data           8  main.o(.data)
    final_rx_ts                              0x20000088   Data           8  main.o(.data)
    tof                                      0x20000090   Data           8  main.o(.data)
    distance                                 0x20000098   Data           8  main.o(.data)
    dist                                     0x200000a0   Data           8  main.o(.data)
    dist2                                    0x200000a8   Data           8  main.o(.data)
    frame_seq_nb                             0x200000b0   Data           4  main.o(.data)
    status_reg                               0x200000b4   Data           4  main.o(.data)
    poll_tx_ts                               0x200000b8   Data           8  main.o(.data)
    resp_rx_ts                               0x200000c0   Data           8  main.o(.data)
    final_tx_ts                              0x200000c8   Data           8  main.o(.data)
    .data                                    0x200000f0   Section        8  stm32f10x_it.o(.data)
    .data                                    0x200000f8   Section        1  port.o(.data)
    .data                                    0x200000f9   Section       20  stm32f10x_rcc.o(.data)
    APBAHBPrescTable                         0x200000f9   Data          16  stm32f10x_rcc.o(.data)
    ADCPrescTable                            0x20000109   Data           4  stm32f10x_rcc.o(.data)
    .data                                    0x20000110   Section       20  system_stm32f10x.o(.data)
    .data                                    0x20000124   Section        4  stdout.o(.data)
    .bss                                     0x20000128   Section      449  main.o(.bss)
    rx_buffer                                0x20000128   Data          24  main.o(.bss)
    .bss                                     0x200002ec   Section       60  deca_device.o(.bss)
    dw1000local                              0x200002ec   Data          60  deca_device.o(.bss)
    STACK                                    0x20000328   Section     1024  startup_stm32f10x_md.o(STACK)

    Global Symbols

    Symbol Name                              Value     Ov Type        Size  Object(Section)

    BuildAttributes$$THM_ISAv4$P$D$K$B$S$PE$A:L22UL41UL21$X:L11$S22US41US21$IEEE1$IW$USESV6$~STKCKD$USESV7$~SHL$OTIME$ROPI$EBA8$MICROLIB$REQ8$PRES8$EABIv2 0x00000000   Number         0  anon$$obj.o ABSOLUTE
    __ARM_use_no_argv                        0x00000000   Number         0  main.o ABSOLUTE
    _printf_a                                0x00000000   Number         0  stubs.o ABSOLUTE
    _printf_c                                0x00000000   Number         0  stubs.o ABSOLUTE
    _printf_charcount                        0x00000000   Number         0  stubs.o ABSOLUTE
    _printf_d                                0x00000000   Number         0  stubs.o ABSOLUTE
    _printf_e                                0x00000000   Number         0  stubs.o ABSOLUTE
    _printf_f                                0x00000000   Number         0  stubs.o ABSOLUTE
    _printf_flags                            0x00000000   Number         0  stubs.o ABSOLUTE
    _printf_fp_dec                           0x00000000   Number         0  stubs.o ABSOLUTE
    _printf_fp_hex                           0x00000000   Number         0  stubs.o ABSOLUTE
    _printf_g                                0x00000000   Number         0  stubs.o ABSOLUTE
    _printf_i                                0x00000000   Number         0  stubs.o ABSOLUTE
    _printf_int_dec                          0x00000000   Number         0  stubs.o ABSOLUTE
    _printf_l                                0x00000000   Number         0  stubs.o ABSOLUTE
    _printf_lc                               0x00000000   Number         0  stubs.o ABSOLUTE
    _printf_ll                               0x00000000   Number         0  stubs.o ABSOLUTE
    _printf_lld                              0x00000000   Number         0  stubs.o ABSOLUTE
    _printf_lli                              0x00000000   Number         0  stubs.o ABSOLUTE
    _printf_llo                              0x00000000   Number         0  stubs.o ABSOLUTE
    _printf_llu                              0x00000000   Number         0  stubs.o ABSOLUTE
    _printf_llx                              0x00000000   Number         0  stubs.o ABSOLUTE
    _printf_longlong_dec                     0x00000000   Number         0  stubs.o ABSOLUTE
    _printf_longlong_hex                     0x00000000   Number         0  stubs.o ABSOLUTE
    _printf_longlong_oct                     0x00000000   Number         0  stubs.o ABSOLUTE
    _printf_ls                               0x00000000   Number         0  stubs.o ABSOLUTE
    _printf_mbtowc                           0x00000000   Number         0  stubs.o ABSOLUTE
    _printf_n                                0x00000000   Number         0  stubs.o ABSOLUTE
    _printf_o                                0x00000000   Number         0  stubs.o ABSOLUTE
    _printf_p                                0x00000000   Number         0  stubs.o ABSOLUTE
    _printf_percent                          0x00000000   Number         0  stubs.o ABSOLUTE
    _printf_pre_padding                      0x00000000   Number         0  stubs.o ABSOLUTE
    _printf_return_value                     0x00000000   Number         0  stubs.o ABSOLUTE
    _printf_s                                0x00000000   Number         0  stubs.o ABSOLUTE
    _printf_sizespec                         0x00000000   Number         0  stubs.o ABSOLUTE
    _printf_str                              0x00000000   Number         0  stubs.o ABSOLUTE
    _printf_truncate_signed                  0x00000000   Number         0  stubs.o ABSOLUTE
    _printf_truncate_unsigned                0x00000000   Number         0  stubs.o ABSOLUTE
    _printf_u                                0x00000000   Number         0  stubs.o ABSOLUTE
    _printf_wc                               0x00000000   Number         0  stubs.o ABSOLUTE
    _printf_wctomb                           0x00000000   Number         0  stubs.o ABSOLUTE
    _printf_widthprec                        0x00000000   Number         0  stubs.o ABSOLUTE
    _printf_x                                0x00000000   Number         0  stubs.o ABSOLUTE
    __cpp_initialize__aeabi_                  - Undefined Weak Reference
    __cxa_finalize                            - Undefined Weak Reference
    __decompress                              - Undefined Weak Reference
    _clock_init                               - Undefined Weak Reference
    _microlib_exit                            - Undefined Weak Reference
    __Vectors_Size                           0x000000ec   Number         0  startup_stm32f10x_md.o ABSOLUTE
    __Vectors                                0x08000000   Data           4  startup_stm32f10x_md.o(RESET)
    __Vectors_End                            0x080000ec   Data           0  startup_stm32f10x_md.o(RESET)
    __main                                   0x080000ed   Thumb Code     0  entry.o(.ARM.Collect$$$$00000000)
    _main_stk                                0x080000ed   Thumb Code     0  entry2.o(.ARM.Collect$$$$00000001)
    _main_scatterload                        0x080000f1   Thumb Code     0  entry5.o(.ARM.Collect$$$$00000004)
    __main_after_scatterload                 0x080000f5   Thumb Code     0  entry5.o(.ARM.Collect$$$$00000004)
    _main_clock                              0x080000f5   Thumb Code     0  entry7b.o(.ARM.Collect$$$$00000008)
    _main_cpp_init                           0x080000f5   Thumb Code     0  entry8b.o(.ARM.Collect$$$$0000000A)
    _main_init                               0x080000f5   Thumb Code     0  entry9a.o(.ARM.Collect$$$$0000000B)
    __rt_final_cpp                           0x080000fd   Thumb Code     0  entry10a.o(.ARM.Collect$$$$0000000D)
    __rt_final_exit                          0x080000fd   Thumb Code     0  entry11a.o(.ARM.Collect$$$$0000000F)
    Reset_Handler                            0x08000101   Thumb Code     8  startup_stm32f10x_md.o(.text)
    NMI_Handler                              0x08000109   Thumb Code     2  startup_stm32f10x_md.o(.text)
    HardFault_Handler                        0x0800010b   Thumb Code     2  startup_stm32f10x_md.o(.text)
    MemManage_Handler                        0x0800010d   Thumb Code     2  startup_stm32f10x_md.o(.text)
    BusFault_Handler                         0x0800010f   Thumb Code     2  startup_stm32f10x_md.o(.text)
    UsageFault_Handler                       0x08000111   Thumb Code     2  startup_stm32f10x_md.o(.text)
    SVC_Handler                              0x08000113   Thumb Code     2  startup_stm32f10x_md.o(.text)
    DebugMon_Handler                         0x08000115   Thumb Code     2  startup_stm32f10x_md.o(.text)
    PendSV_Handler                           0x08000117   Thumb Code     2  startup_stm32f10x_md.o(.text)
    ADC1_2_IRQHandler                        0x0800011b   Thumb Code     0  startup_stm32f10x_md.o(.text)
    CAN1_RX1_IRQHandler                      0x0800011b   Thumb Code     0  startup_stm32f10x_md.o(.text)
    CAN1_SCE_IRQHandler                      0x0800011b   Thumb Code     0  startup_stm32f10x_md.o(.text)
    DMA1_Channel1_IRQHandler                 0x0800011b   Thumb Code     0  startup_stm32f10x_md.o(.text)
    DMA1_Channel2_IRQHandler                 0x0800011b   Thumb Code     0  startup_stm32f10x_md.o(.text)
    DMA1_Channel3_IRQHandler                 0x0800011b   Thumb Code     0  startup_stm32f10x_md.o(.text)
    DMA1_Channel4_IRQHandler                 0x0800011b   Thumb Code     0  startup_stm32f10x_md.o(.text)
    DMA1_Channel5_IRQHandler                 0x0800011b   Thumb Code     0  startup_stm32f10x_md.o(.text)
    DMA1_Channel6_IRQHandler                 0x0800011b   Thumb Code     0  startup_stm32f10x_md.o(.text)
    DMA1_Channel7_IRQHandler                 0x0800011b   Thumb Code     0  startup_stm32f10x_md.o(.text)
    EXTI0_IRQHandler                         0x0800011b   Thumb Code     0  startup_stm32f10x_md.o(.text)
    EXTI15_10_IRQHandler                     0x0800011b   Thumb Code     0  startup_stm32f10x_md.o(.text)
    EXTI1_IRQHandler                         0x0800011b   Thumb Code     0  startup_stm32f10x_md.o(.text)
    EXTI2_IRQHandler                         0x0800011b   Thumb Code     0  startup_stm32f10x_md.o(.text)
    EXTI3_IRQHandler                         0x0800011b   Thumb Code     0  startup_stm32f10x_md.o(.text)
    EXTI4_IRQHandler                         0x0800011b   Thumb Code     0  startup_stm32f10x_md.o(.text)
    EXTI9_5_IRQHandler                       0x0800011b   Thumb Code     0  startup_stm32f10x_md.o(.text)
    FLASH_IRQHandler                         0x0800011b   Thumb Code     0  startup_stm32f10x_md.o(.text)
    I2C1_ER_IRQHandler                       0x0800011b   Thumb Code     0  startup_stm32f10x_md.o(.text)
    I2C1_EV_IRQHandler                       0x0800011b   Thumb Code     0  startup_stm32f10x_md.o(.text)
    I2C2_ER_IRQHandler                       0x0800011b   Thumb Code     0  startup_stm32f10x_md.o(.text)
    I2C2_EV_IRQHandler                       0x0800011b   Thumb Code     0  startup_stm32f10x_md.o(.text)
    PVD_IRQHandler                           0x0800011b   Thumb Code     0  startup_stm32f10x_md.o(.text)
    RCC_IRQHandler                           0x0800011b   Thumb Code     0  startup_stm32f10x_md.o(.text)
    RTCAlarm_IRQHandler                      0x0800011b   Thumb Code     0  startup_stm32f10x_md.o(.text)
    RTC_IRQHandler                           0x0800011b   Thumb Code     0  startup_stm32f10x_md.o(.text)
    SPI1_IRQHandler                          0x0800011b   Thumb Code     0  startup_stm32f10x_md.o(.text)
    SPI2_IRQHandler                          0x0800011b   Thumb Code     0  startup_stm32f10x_md.o(.text)
    TAMPER_IRQHandler                        0x0800011b   Thumb Code     0  startup_stm32f10x_md.o(.text)
    TIM1_BRK_IRQHandler                      0x0800011b   Thumb Code     0  startup_stm32f10x_md.o(.text)
    TIM1_CC_IRQHandler                       0x0800011b   Thumb Code     0  startup_stm32f10x_md.o(.text)
    TIM1_TRG_COM_IRQHandler                  0x0800011b   Thumb Code     0  startup_stm32f10x_md.o(.text)
    TIM1_UP_IRQHandler                       0x0800011b   Thumb Code     0  startup_stm32f10x_md.o(.text)
    TIM2_IRQHandler                          0x0800011b   Thumb Code     0  startup_stm32f10x_md.o(.text)
    TIM3_IRQHandler                          0x0800011b   Thumb Code     0  startup_stm32f10x_md.o(.text)
    TIM4_IRQHandler                          0x0800011b   Thumb Code     0  startup_stm32f10x_md.o(.text)
    USART1_IRQHandler                        0x0800011b   Thumb Code     0  startup_stm32f10x_md.o(.text)
    USART2_IRQHandler                        0x0800011b   Thumb Code     0  startup_stm32f10x_md.o(.text)
    USART3_IRQHandler                        0x0800011b   Thumb Code     0  startup_stm32f10x_md.o(.text)
    USBWakeUp_IRQHandler                     0x0800011b   Thumb Code     0  startup_stm32f10x_md.o(.text)
    USB_HP_CAN1_TX_IRQHandler                0x0800011b   Thumb Code     0  startup_stm32f10x_md.o(.text)
    USB_LP_CAN1_RX0_IRQHandler               0x0800011b   Thumb Code     0  startup_stm32f10x_md.o(.text)
    WWDG_IRQHandler                          0x0800011b   Thumb Code     0  startup_stm32f10x_md.o(.text)
    memcmp                                   0x08000125   Thumb Code    26  memcmp.o(.text)
    __aeabi_dadd                             0x0800013f   Thumb Code   322  dadd.o(.text)
    __aeabi_dsub                             0x08000281   Thumb Code     6  dadd.o(.text)
    __aeabi_drsub                            0x08000287   Thumb Code     6  dadd.o(.text)
    __aeabi_dmul                             0x0800028d   Thumb Code   228  dmul.o(.text)
    __aeabi_ddiv                             0x08000371   Thumb Code   222  ddiv.o(.text)
    __aeabi_i2f                              0x0800044f   Thumb Code    18  fflti.o(.text)
    __aeabi_i2d                              0x08000461   Thumb Code    34  dflti.o(.text)
    __aeabi_ui2d                             0x08000483   Thumb Code    26  dfltui.o(.text)
    __aeabi_l2d                              0x0800049d   Thumb Code    40  dfltl.o(.text)
    __aeabi_d2iz                             0x080004c5   Thumb Code    62  dfixi.o(.text)
    __aeabi_d2uiz                            0x08000503   Thumb Code    50  dfixui.o(.text)
    __aeabi_d2lz                             0x08000535   Thumb Code    74  dfixl.o(.text)
    __aeabi_f2d                              0x0800057f   Thumb Code    38  f2d.o(.text)
    __aeabi_d2f                              0x080005a5   Thumb Code    56  d2f.o(.text)
    __aeabi_uidiv                            0x080005dd   Thumb Code     0  uidiv.o(.text)
    __aeabi_uidivmod                         0x080005dd   Thumb Code    44  uidiv.o(.text)
    __aeabi_uldivmod                         0x08000609   Thumb Code    98  uldiv.o(.text)
    __aeabi_llsl                             0x0800066b   Thumb Code    30  llshl.o(.text)
    _ll_shift_l                              0x0800066b   Thumb Code     0  llshl.o(.text)
    __aeabi_llsr                             0x08000689   Thumb Code    32  llushr.o(.text)
    _ll_ushift_r                             0x08000689   Thumb Code     0  llushr.o(.text)
    __aeabi_lasr                             0x080006a9   Thumb Code    36  llsshr.o(.text)
    _ll_sshift_r                             0x080006a9   Thumb Code     0  llsshr.o(.text)
    __I$use$fp                               0x080006cd   Thumb Code     0  iusefp.o(.text)
    _float_round                             0x080006cd   Thumb Code    18  fepilogue.o(.text)
    _float_epilogue                          0x080006df   Thumb Code    92  fepilogue.o(.text)
    _double_round                            0x0800073b   Thumb Code    30  depilogue.o(.text)
    _double_epilogue                         0x08000759   Thumb Code   156  depilogue.o(.text)
    __aeabi_d2ulz                            0x080007f5   Thumb Code    48  dfixul.o(.text)
    __aeabi_cdrcmple                         0x08000825   Thumb Code    48  cdrcmple.o(.text)
    __scatterload                            0x08000855   Thumb Code    28  init.o(.text)
    __scatterload_rt2                        0x08000855   Thumb Code     0  init.o(.text)
    Checksum_u16                             0x08000879   Thumb Code    30  main.o(i.Checksum_u16)
    EXTI_GetITEnStatus                       0x08000899   Thumb Code    24  port.o(i.EXTI_GetITEnStatus)
    FLASH_PrefetchBufferCmd                  0x080008b5   Thumb Code    22  stm32f10x_flash.o(i.FLASH_PrefetchBufferCmd)
    FLASH_SetLatency                         0x080008d1   Thumb Code    18  stm32f10x_flash.o(i.FLASH_SetLatency)
    GPIO_Configuration                       0x080008e9   Thumb Code   316  port.o(i.GPIO_Configuration)
    GPIO_Init                                0x08000a41   Thumb Code   278  stm32f10x_gpio.o(i.GPIO_Init)
    GPIO_PinRemapConfig                      0x08000b59   Thumb Code   138  stm32f10x_gpio.o(i.GPIO_PinRemapConfig)
    GPIO_ReadInputDataBit                    0x08000be9   Thumb Code    18  stm32f10x_gpio.o(i.GPIO_ReadInputDataBit)
    GPIO_ReadOutputDataBit                   0x08000bfb   Thumb Code    18  stm32f10x_gpio.o(i.GPIO_ReadOutputDataBit)
    GPIO_ResetBits                           0x08000c0d   Thumb Code     4  stm32f10x_gpio.o(i.GPIO_ResetBits)
    GPIO_SetBits                             0x08000c11   Thumb Code     4  stm32f10x_gpio.o(i.GPIO_SetBits)
    GPIO_Toggle                              0x08000c15   Thumb Code    36  main.o(i.GPIO_Toggle)
    GPIO_WriteBit                            0x08000c39   Thumb Code    10  stm32f10x_gpio.o(i.GPIO_WriteBit)
    LED_blink                                0x08000c45   Thumb Code    30  main.o(i.LED_blink)
    LP                                       0x08000c69   Thumb Code    86  main.o(i.LP)
    RCC_ADCCLKConfig                         0x08000cf5   Thumb Code    18  stm32f10x_rcc.o(i.RCC_ADCCLKConfig)
    RCC_APB1PeriphClockCmd                   0x08000d0d   Thumb Code    26  stm32f10x_rcc.o(i.RCC_APB1PeriphClockCmd)
    RCC_APB1PeriphResetCmd                   0x08000d2d   Thumb Code    26  stm32f10x_rcc.o(i.RCC_APB1PeriphResetCmd)
    RCC_APB2PeriphClockCmd                   0x08000d4d   Thumb Code    26  stm32f10x_rcc.o(i.RCC_APB2PeriphClockCmd)
    RCC_APB2PeriphResetCmd                   0x08000d6d   Thumb Code    26  stm32f10x_rcc.o(i.RCC_APB2PeriphResetCmd)
    RCC_Configuration                        0x08000d8d   Thumb Code   104  port.o(i.RCC_Configuration)
    RCC_DeInit                               0x08000df5   Thumb Code    64  stm32f10x_rcc.o(i.RCC_DeInit)
    RCC_GetClocksFreq                        0x08000e41   Thumb Code   192  stm32f10x_rcc.o(i.RCC_GetClocksFreq)
    RCC_GetFlagStatus                        0x08000f15   Thumb Code    56  stm32f10x_rcc.o(i.RCC_GetFlagStatus)
    RCC_HCLKConfig                           0x08000f51   Thumb Code    18  stm32f10x_rcc.o(i.RCC_HCLKConfig)
    RCC_HSEConfig                            0x08000f69   Thumb Code    70  stm32f10x_rcc.o(i.RCC_HSEConfig)
    RCC_PCLK1Config                          0x08000fb5   Thumb Code    18  stm32f10x_rcc.o(i.RCC_PCLK1Config)
    RCC_PCLK2Config                          0x08000fcd   Thumb Code    20  stm32f10x_rcc.o(i.RCC_PCLK2Config)
    RCC_WaitForHSEStartUp                    0x08000fe5   Thumb Code    56  stm32f10x_rcc.o(i.RCC_WaitForHSEStartUp)
    SPI_ChangeRate                           0x0800101d   Thumb Code    22  port.o(i.SPI_ChangeRate)
    SPI_Cmd                                  0x08001039   Thumb Code    24  stm32f10x_spi.o(i.SPI_Cmd)
    SPI_Configuration                        0x08001051   Thumb Code   172  port.o(i.SPI_Configuration)
    SPI_I2S_DeInit                           0x08001105   Thumb Code    76  stm32f10x_spi.o(i.SPI_I2S_DeInit)
    SPI_Init                                 0x0800115d   Thumb Code    60  stm32f10x_spi.o(i.SPI_Init)
    SPI_SSOutputCmd                          0x08001199   Thumb Code    24  stm32f10x_spi.o(i.SPI_SSOutputCmd)
    SysTick_Configuration                    0x08001299   Thumb Code    78  port.o(i.SysTick_Configuration)
    SysTick_Handler                          0x080012ed   Thumb Code    64  stm32f10x_it.o(i.SysTick_Handler)
    SystemInit                               0x0800133d   Thumb Code    78  system_stm32f10x.o(i.SystemInit)
    USART_Cmd                                0x0800139d   Thumb Code    24  stm32f10x_usart.o(i.USART_Cmd)
    USART_GetFlagStatus                      0x080013b5   Thumb Code    26  stm32f10x_usart.o(i.USART_GetFlagStatus)
    USART_Init                               0x080013d1   Thumb Code   210  stm32f10x_usart.o(i.USART_Init)
    USART_SendData                           0x080014a9   Thumb Code     8  stm32f10x_usart.o(i.USART_SendData)
    USART_putc                               0x080014b1   Thumb Code    28  main.o(i.USART_putc)
    USART_puts                               0x080014d1   Thumb Code    24  main.o(i.USART_puts)
    __0printf                                0x080014e9   Thumb Code    22  printfa.o(i.__0printf)
    __1printf                                0x080014e9   Thumb Code     0  printfa.o(i.__0printf)
    __2printf                                0x080014e9   Thumb Code     0  printfa.o(i.__0printf)
    __c89printf                              0x080014e9   Thumb Code     0  printfa.o(i.__0printf)
    printf                                   0x080014e9   Thumb Code     0  printfa.o(i.__0printf)
    __scatterload_copy                       0x08001509   Thumb Code    14  handlers.o(i.__scatterload_copy)
    __scatterload_null                       0x08001517   Thumb Code     2  handlers.o(i.__scatterload_null)
    __scatterload_zeroinit                   0x08001519   Thumb Code    14  handlers.o(i.__scatterload_zeroinit)
    _dwt_configlde                           0x08001527   Thumb Code    56  deca_device.o(i._dwt_configlde)
    _dwt_enableclocks                        0x0800155f   Thumb Code   228  deca_device.o(i._dwt_enableclocks)
    _dwt_loaducodefromrom                    0x08001643   Thumb Code    52  deca_device.o(i._dwt_loaducodefromrom)
    _dwt_otpread                             0x08001677   Thumb Code    78  deca_device.o(i._dwt_otpread)
    deca_sleep                               0x08001f77   Thumb Code    24  deca_sleep.o(i.deca_sleep)
    decamutexoff                             0x08001f8f   Thumb Code    28  deca_mutex.o(i.decamutexoff)
    decamutexon                              0x08001fad   Thumb Code    34  deca_mutex.o(i.decamutexon)
    dwt_configure                            0x08001fd5   Thumb Code   540  deca_device.o(i.dwt_configure)
    dwt_entersleepaftertx                    0x0800221d   Thumb Code    38  deca_device.o(i.dwt_entersleepaftertx)
    dwt_forcetrxoff                          0x08002245   Thumb Code    84  deca_device.o(i.dwt_forcetrxoff)
    dwt_getrangebias                         0x080022a1   Thumb Code   254  deca_range_tables.o(i.dwt_getrangebias)
    dwt_initialise                           0x080023c5   Thumb Code   272  deca_device.o(i.dwt_initialise)
    dwt_read16bitoffsetreg                   0x080024dd   Thumb Code    44  deca_device.o(i.dwt_read16bitoffsetreg)
    dwt_read32bitoffsetreg                   0x08002509   Thumb Code    56  deca_device.o(i.dwt_read32bitoffsetreg)
    dwt_readdevid                            0x08002541   Thumb Code    12  deca_device.o(i.dwt_readdevid)
    dwt_readfromdevice                       0x0800254d   Thumb Code   100  deca_device.o(i.dwt_readfromdevice)
    dwt_readrxdata                           0x080025b1   Thumb Code    22  deca_device.o(i.dwt_readrxdata)
    dwt_readrxtimestamp                      0x080025c7   Thumb Code    18  deca_device.o(i.dwt_readrxtimestamp)
    dwt_readtxtimestamp                      0x080025d9   Thumb Code    18  deca_device.o(i.dwt_readtxtimestamp)
    dwt_rxenable                             0x080025eb   Thumb Code    84  deca_device.o(i.dwt_rxenable)
    dwt_setdelayedtrxtime                    0x0800263f   Thumb Code    16  deca_device.o(i.dwt_setdelayedtrxtime)
    dwt_setrxaftertxdelay                    0x0800264f   Thumb Code    36  deca_device.o(i.dwt_setrxaftertxdelay)
    dwt_setrxantennadelay                    0x08002673   Thumb Code    18  deca_device.o(i.dwt_setrxantennadelay)
    dwt_setrxtimeout                         0x08002685   Thumb Code   102  deca_device.o(i.dwt_setrxtimeout)
    dwt_settxantennadelay                    0x080026f1   Thumb Code    16  deca_device.o(i.dwt_settxantennadelay)
    dwt_starttx                              0x08002701   Thumb Code   150  deca_device.o(i.dwt_starttx)
    dwt_syncrxbufptrs                        0x0800279d   Thumb Code    56  deca_device.o(i.dwt_syncrxbufptrs)
    dwt_write16bitoffsetreg                  0x080027d5   Thumb Code    38  deca_device.o(i.dwt_write16bitoffsetreg)
    dwt_write32bitoffsetreg                  0x080027fb   Thumb Code    48  deca_device.o(i.dwt_write32bitoffsetreg)
    dwt_writetodevice                        0x0800282b   Thumb Code   104  deca_device.o(i.dwt_writetodevice)
    dwt_writetxdata                          0x08002893   Thumb Code    38  deca_device.o(i.dwt_writetxdata)
    dwt_writetxfctrl                         0x080028b9   Thumb Code    30  deca_device.o(i.dwt_writetxfctrl)
    dwt_xtaltrim                             0x080028dd   Thumb Code    52  deca_device.o(i.dwt_xtaltrim)
    fputc                                    0x0800294d   Thumb Code    32  main.o(i.fputc)
    main                                     0x080029c9   Thumb Code  1512  main.o(i.main)
    peripherals_init                         0x08003035   Thumb Code    24  port.o(i.peripherals_init)
    portGetTickCnt                           0x0800304d   Thumb Code     6  port.o(i.portGetTickCnt)
    readfromspi_serial                       0x08003059   Thumb Code   118  deca_spi.o(i.readfromspi_serial)
    reset_DW1000                             0x080030d9   Thumb Code    76  port.o(i.reset_DW1000)
    spi_set_rate_high                        0x08003137   Thumb Code    10  port.o(i.spi_set_rate_high)
    spi_set_rate_low                         0x08003141   Thumb Code    10  port.o(i.spi_set_rate_low)
    usartinit                                0x0800314d   Thumb Code   118  port.o(i.usartinit)
    writetospi_serial                        0x080031cd   Thumb Code   116  deca_spi.o(i.writetospi_serial)
    chan_idx                                 0x08003248   Data           8  deca_params_init.o(.constdata)
    tx_config                                0x08003250   Data          24  deca_params_init.o(.constdata)
    pll2_config                              0x08003268   Data          30  deca_params_init.o(.constdata)
    rx_config                                0x08003286   Data           2  deca_params_init.o(.constdata)
    agc_config                               0x08003288   Data           8  deca_params_init.o(.constdata)
    dwnsSFDlen                               0x08003290   Data           3  deca_params_init.o(.constdata)
    sftsh                                    0x08003294   Data          12  deca_params_init.o(.constdata)
    dtune1                                   0x080032a0   Data           4  deca_params_init.o(.constdata)
    digital_bb_config                        0x080032a4   Data          32  deca_params_init.o(.constdata)
    lde_replicaCoeff                         0x080032c4   Data          50  deca_params_init.o(.constdata)
    chan_idxnb                               0x080032f6   Data           8  deca_range_tables.o(.constdata)
    chan_idxwb                               0x080032fe   Data           8  deca_range_tables.o(.constdata)
    range25cm16PRFnb                         0x08003306   Data         148  deca_range_tables.o(.constdata)
    range25cm16PRFwb                         0x0800339a   Data         136  deca_range_tables.o(.constdata)
    range25cm64PRFnb                         0x08003422   Data         104  deca_range_tables.o(.constdata)
    range25cm64PRFwb                         0x0800348a   Data         118  deca_range_tables.o(.constdata)
    Region$$Table$$Base                      0x08003500   Number         0  anon$$obj.o(Region$$Table)
    Region$$Table$$Limit                     0x08003520   Number         0  anon$$obj.o(Region$$Table)
    frame_len                                0x200000d0   Data           4  main.o(.data)
    dis                                      0x200000d4   Data           4  main.o(.data)
    dID                                      0x200000d8   Data           8  main.o(.data)
    TAG_ID                                   0x200000e0   Data           1  main.o(.data)
    ANCHOR_ID                                0x200000e1   Data           1  main.o(.data)
    jumptime                                 0x200000e2   Data           1  main.o(.data)
    rec_dist                                 0x200000e4   Data           4  main.o(.data)
    hex_dist                                 0x200000e8   Data           4  main.o(.data)
    check                                    0x200000ec   Data           2  main.o(.data)
    time32_incr                              0x200000f0   Data           4  stm32f10x_it.o(.data)
    time32_reset                             0x200000f4   Data           4  stm32f10x_it.o(.data)
    Work_Mode                                0x200000f8   Data           1  port.o(.data)
    SystemCoreClock                          0x20000110   Data           4  system_stm32f10x.o(.data)
    AHBPrescTable                            0x20000114   Data          16  system_stm32f10x.o(.data)
    __stdout                                 0x20000124   Data           4  stdout.o(.data)
    ld                                       0x20000140   Data         400  main.o(.bss)
    send                                     0x200002d0   Data           9  main.o(.bss)
    dist_str                                 0x200002d9   Data          16  main.o(.bss)
    __initial_sp                             0x20000728   Data           0  startup_stm32f10x_md.o(STACK)



==============================================================================

Memory Map of the image

  Image Entry point : 0x080000ed

  Load Region LR_IROM1 (Base: 0x08000000, Size: 0x00003648, Max: 0x00020000, ABSOLUTE)

    Execution Region ER_IROM1 (Base: 0x08000000, Size: 0x00003520, Max: 0x00020000, ABSOLUTE)

    Base Addr    Size         Type   Attr      Idx    E Section Name        Object

    0x08000000   0x000000ec   Data   RO         3436    RESET               startup_stm32f10x_md.o
    0x080000ec   0x00000000   Code   RO         4083  * .ARM.Collect$$$$00000000  mc_w.l(entry.o)
    0x080000ec   0x00000004   Code   RO         4373    .ARM.Collect$$$$00000001  mc_w.l(entry2.o)
    0x080000f0   0x00000004   Code   RO         4376    .ARM.Collect$$$$00000004  mc_w.l(entry5.o)
    0x080000f4   0x00000000   Code   RO         4378    .ARM.Collect$$$$00000008  mc_w.l(entry7b.o)
    0x080000f4   0x00000000   Code   RO         4380    .ARM.Collect$$$$0000000A  mc_w.l(entry8b.o)
    0x080000f4   0x00000008   Code   RO         4381    .ARM.Collect$$$$0000000B  mc_w.l(entry9a.o)
    0x080000fc   0x00000000   Code   RO         4383    .ARM.Collect$$$$0000000D  mc_w.l(entry10a.o)
    0x080000fc   0x00000000   Code   RO         4385    .ARM.Collect$$$$0000000F  mc_w.l(entry11a.o)
    0x080000fc   0x00000004   Code   RO         4374    .ARM.Collect$$$$00002712  mc_w.l(entry2.o)
    0x08000100   0x00000024   Code   RO         3437    .text               startup_stm32f10x_md.o
    0x08000124   0x0000001a   Code   RO         4086    .text               mc_w.l(memcmp.o)
    0x0800013e   0x0000014e   Code   RO         4349    .text               mf_w.l(dadd.o)
    0x0800028c   0x000000e4   Code   RO         4351    .text               mf_w.l(dmul.o)
    0x08000370   0x000000de   Code   RO         4353    .text               mf_w.l(ddiv.o)
    0x0800044e   0x00000012   Code   RO         4355    .text               mf_w.l(fflti.o)
    0x08000460   0x00000022   Code   RO         4357    .text               mf_w.l(dflti.o)
    0x08000482   0x0000001a   Code   RO         4359    .text               mf_w.l(dfltui.o)
    0x0800049c   0x00000028   Code   RO         4361    .text               mf_w.l(dfltl.o)
    0x080004c4   0x0000003e   Code   RO         4363    .text               mf_w.l(dfixi.o)
    0x08000502   0x00000032   Code   RO         4365    .text               mf_w.l(dfixui.o)
    0x08000534   0x0000004a   Code   RO         4367    .text               mf_w.l(dfixl.o)
    0x0800057e   0x00000026   Code   RO         4369    .text               mf_w.l(f2d.o)
    0x080005a4   0x00000038   Code   RO         4371    .text               mf_w.l(d2f.o)
    0x080005dc   0x0000002c   Code   RO         4388    .text               mc_w.l(uidiv.o)
    0x08000608   0x00000062   Code   RO         4390    .text               mc_w.l(uldiv.o)
    0x0800066a   0x0000001e   Code   RO         4392    .text               mc_w.l(llshl.o)
    0x08000688   0x00000020   Code   RO         4394    .text               mc_w.l(llushr.o)
    0x080006a8   0x00000024   Code   RO         4396    .text               mc_w.l(llsshr.o)
    0x080006cc   0x00000000   Code   RO         4398    .text               mc_w.l(iusefp.o)
    0x080006cc   0x0000006e   Code   RO         4399    .text               mf_w.l(fepilogue.o)
    0x0800073a   0x000000ba   Code   RO         4401    .text               mf_w.l(depilogue.o)
    0x080007f4   0x00000030   Code   RO         4403    .text               mf_w.l(dfixul.o)
    0x08000824   0x00000030   Code   RO         4405    .text               mf_w.l(cdrcmple.o)
    0x08000854   0x00000024   Code   RO         4407    .text               mc_w.l(init.o)
    0x08000878   0x0000001e   Code   RO            1    i.Checksum_u16      main.o
    0x08000896   0x00000002   PAD
    0x08000898   0x0000001c   Code   RO          237    i.EXTI_GetITEnStatus  port.o
    0x080008b4   0x0000001c   Code   RO         1286    i.FLASH_PrefetchBufferCmd  stm32f10x_flash.o
    0x080008d0   0x00000018   Code   RO         1291    i.FLASH_SetLatency  stm32f10x_flash.o
    0x080008e8   0x00000158   Code   RO          238    i.GPIO_Configuration  port.o
    0x08000a40   0x00000116   Code   RO         1569    i.GPIO_Init         stm32f10x_gpio.o
    0x08000b56   0x00000002   PAD
    0x08000b58   0x00000090   Code   RO         1571    i.GPIO_PinRemapConfig  stm32f10x_gpio.o
    0x08000be8   0x00000012   Code   RO         1573    i.GPIO_ReadInputDataBit  stm32f10x_gpio.o
    0x08000bfa   0x00000012   Code   RO         1575    i.GPIO_ReadOutputDataBit  stm32f10x_gpio.o
    0x08000c0c   0x00000004   Code   RO         1576    i.GPIO_ResetBits    stm32f10x_gpio.o
    0x08000c10   0x00000004   Code   RO         1577    i.GPIO_SetBits      stm32f10x_gpio.o
    0x08000c14   0x00000024   Code   RO            2    i.GPIO_Toggle       main.o
    0x08000c38   0x0000000a   Code   RO         1580    i.GPIO_WriteBit     stm32f10x_gpio.o
    0x08000c42   0x00000002   PAD
    0x08000c44   0x00000024   Code   RO            3    i.LED_blink         main.o
    0x08000c68   0x00000064   Code   RO            4    i.LP                main.o
    0x08000ccc   0x00000028   Code   RO          242    i.NVIC_SetPriority  port.o
    0x08000cf4   0x00000018   Code   RO         1983    i.RCC_ADCCLKConfig  stm32f10x_rcc.o
    0x08000d0c   0x00000020   Code   RO         1985    i.RCC_APB1PeriphClockCmd  stm32f10x_rcc.o
    0x08000d2c   0x00000020   Code   RO         1986    i.RCC_APB1PeriphResetCmd  stm32f10x_rcc.o
    0x08000d4c   0x00000020   Code   RO         1987    i.RCC_APB2PeriphClockCmd  stm32f10x_rcc.o
    0x08000d6c   0x00000020   Code   RO         1988    i.RCC_APB2PeriphResetCmd  stm32f10x_rcc.o
    0x08000d8c   0x00000068   Code   RO          244    i.RCC_Configuration  port.o
    0x08000df4   0x0000004c   Code   RO         1994    i.RCC_DeInit        stm32f10x_rcc.o
    0x08000e40   0x000000d4   Code   RO         1995    i.RCC_GetClocksFreq  stm32f10x_rcc.o
    0x08000f14   0x0000003c   Code   RO         1996    i.RCC_GetFlagStatus  stm32f10x_rcc.o
    0x08000f50   0x00000018   Code   RO         1999    i.RCC_HCLKConfig    stm32f10x_rcc.o
    0x08000f68   0x0000004c   Code   RO         2000    i.RCC_HSEConfig     stm32f10x_rcc.o
    0x08000fb4   0x00000018   Code   RO         2006    i.RCC_PCLK1Config   stm32f10x_rcc.o
    0x08000fcc   0x00000018   Code   RO         2007    i.RCC_PCLK2Config   stm32f10x_rcc.o
    0x08000fe4   0x00000038   Code   RO         2014    i.RCC_WaitForHSEStartUp  stm32f10x_rcc.o
    0x0800101c   0x0000001c   Code   RO          247    i.SPI_ChangeRate    port.o
    0x08001038   0x00000018   Code   RO         2464    i.SPI_Cmd           stm32f10x_spi.o
    0x08001050   0x000000b4   Code   RO          249    i.SPI_Configuration  port.o
    0x08001104   0x00000058   Code   RO         2471    i.SPI_I2S_DeInit    stm32f10x_spi.o
    0x0800115c   0x0000003c   Code   RO         2477    i.SPI_Init          stm32f10x_spi.o
    0x08001198   0x00000018   Code   RO         2479    i.SPI_SSOutputCmd   stm32f10x_spi.o
    0x080011b0   0x00000008   Code   RO         3385    i.SetSysClock       system_stm32f10x.o
    0x080011b8   0x000000e0   Code   RO         3386    i.SetSysClockTo72   system_stm32f10x.o
    0x08001298   0x00000054   Code   RO          250    i.SysTick_Configuration  port.o
    0x080012ec   0x00000050   Code   RO          196    i.SysTick_Handler   stm32f10x_it.o
    0x0800133c   0x00000060   Code   RO         3388    i.SystemInit        system_stm32f10x.o
    0x0800139c   0x00000018   Code   RO         3155    i.USART_Cmd         stm32f10x_usart.o
    0x080013b4   0x0000001a   Code   RO         3158    i.USART_GetFlagStatus  stm32f10x_usart.o
    0x080013ce   0x00000002   PAD
    0x080013d0   0x000000d8   Code   RO         3162    i.USART_Init        stm32f10x_usart.o
    0x080014a8   0x00000008   Code   RO         3172    i.USART_SendData    stm32f10x_usart.o
    0x080014b0   0x00000020   Code   RO            5    i.USART_putc        main.o
    0x080014d0   0x00000018   Code   RO            6    i.USART_puts        main.o
    0x080014e8   0x00000020   Code   RO         4321    i.__0printf         mc_w.l(printfa.o)
    0x08001508   0x0000000e   Code   RO         4411    i.__scatterload_copy  mc_w.l(handlers.o)
    0x08001516   0x00000002   Code   RO         4412    i.__scatterload_null  mc_w.l(handlers.o)
    0x08001518   0x0000000e   Code   RO         4413    i.__scatterload_zeroinit  mc_w.l(handlers.o)
    0x08001526   0x00000038   Code   RO         3443    i._dwt_configlde    deca_device.o
    0x0800155e   0x000000e4   Code   RO         3445    i._dwt_enableclocks  deca_device.o
    0x08001642   0x00000034   Code   RO         3446    i._dwt_loaducodefromrom  deca_device.o
    0x08001676   0x0000004e   Code   RO         3448    i._dwt_otpread      deca_device.o
    0x080016c4   0x00000184   Code   RO         4328    i._fp_digits        mc_w.l(printfa.o)
    0x08001848   0x000006dc   Code   RO         4329    i._printf_core      mc_w.l(printfa.o)
    0x08001f24   0x00000024   Code   RO         4330    i._printf_post_padding  mc_w.l(printfa.o)
    0x08001f48   0x0000002e   Code   RO         4331    i._printf_pre_padding  mc_w.l(printfa.o)
    0x08001f76   0x00000018   Code   RO         4014    i.deca_sleep        deca_sleep.o
    0x08001f8e   0x0000001c   Code   RO         3992    i.decamutexoff      deca_mutex.o
    0x08001faa   0x00000002   PAD
    0x08001fac   0x00000028   Code   RO         3993    i.decamutexon       deca_mutex.o
    0x08001fd4   0x00000248   Code   RO         3456    i.dwt_configure     deca_device.o
    0x0800221c   0x00000026   Code   RO         3463    i.dwt_entersleepaftertx  deca_device.o
    0x08002242   0x00000002   PAD
    0x08002244   0x0000005c   Code   RO         3464    i.dwt_forcetrxoff   deca_device.o
    0x080022a0   0x00000124   Code   RO         3973    i.dwt_getrangebias  deca_range_tables.o
    0x080023c4   0x00000118   Code   RO         3468    i.dwt_initialise    deca_device.o
    0x080024dc   0x0000002c   Code   RO         3474    i.dwt_read16bitoffsetreg  deca_device.o
    0x08002508   0x00000038   Code   RO         3475    i.dwt_read32bitoffsetreg  deca_device.o
    0x08002540   0x0000000c   Code   RO         3477    i.dwt_readdevid     deca_device.o
    0x0800254c   0x00000064   Code   RO         3480    i.dwt_readfromdevice  deca_device.o
    0x080025b0   0x00000016   Code   RO         3481    i.dwt_readrxdata    deca_device.o
    0x080025c6   0x00000012   Code   RO         3482    i.dwt_readrxtimestamp  deca_device.o
    0x080025d8   0x00000012   Code   RO         3488    i.dwt_readtxtimestamp  deca_device.o
    0x080025ea   0x00000054   Code   RO         3493    i.dwt_rxenable      deca_device.o
    0x0800263e   0x00000010   Code   RO         3502    i.dwt_setdelayedtrxtime  deca_device.o
    0x0800264e   0x00000024   Code   RO         3508    i.dwt_setrxaftertxdelay  deca_device.o
    0x08002672   0x00000012   Code   RO         3509    i.dwt_setrxantennadelay  deca_device.o
    0x08002684   0x0000006c   Code   RO         3511    i.dwt_setrxtimeout  deca_device.o
    0x080026f0   0x00000010   Code   RO         3513    i.dwt_settxantennadelay  deca_device.o
    0x08002700   0x0000009c   Code   RO         3516    i.dwt_starttx       deca_device.o
    0x0800279c   0x00000038   Code   RO         3517    i.dwt_syncrxbufptrs  deca_device.o
    0x080027d4   0x00000026   Code   RO         3518    i.dwt_write16bitoffsetreg  deca_device.o
    0x080027fa   0x00000030   Code   RO         3519    i.dwt_write32bitoffsetreg  deca_device.o
    0x0800282a   0x00000068   Code   RO         3520    i.dwt_writetodevice  deca_device.o
    0x08002892   0x00000026   Code   RO         3521    i.dwt_writetxdata   deca_device.o
    0x080028b8   0x00000024   Code   RO         3522    i.dwt_writetxfctrl  deca_device.o
    0x080028dc   0x00000034   Code   RO         3523    i.dwt_xtaltrim      deca_device.o
    0x08002910   0x00000020   Code   RO            7    i.final_msg_get_ts  main.o
    0x08002930   0x0000001a   Code   RO            8    i.final_msg_set_ts  main.o
    0x0800294a   0x00000002   PAD
    0x0800294c   0x00000024   Code   RO            9    i.fputc             main.o
    0x08002970   0x0000002c   Code   RO           10    i.get_rx_timestamp_u64  main.o
    0x0800299c   0x0000002c   Code   RO           11    i.get_tx_timestamp_u64  main.o
    0x080029c8   0x0000066c   Code   RO           12    i.main              main.o
    0x08003034   0x00000018   Code   RO          256    i.peripherals_init  port.o
    0x0800304c   0x0000000c   Code   RO          257    i.portGetTickCnt    port.o
    0x08003058   0x00000080   Code   RO         4028    i.readfromspi_serial  deca_spi.o
    0x080030d8   0x00000050   Code   RO          258    i.reset_DW1000      port.o
    0x08003128   0x0000000e   Code   RO          260    i.spi_peripheral_init  port.o
    0x08003136   0x0000000a   Code   RO          261    i.spi_set_rate_high  port.o
    0x08003140   0x0000000a   Code   RO          262    i.spi_set_rate_low  port.o
    0x0800314a   0x00000002   PAD
    0x0800314c   0x00000080   Code   RO          263    i.usartinit         port.o
    0x080031cc   0x0000007c   Code   RO         4029    i.writetospi_serial  deca_spi.o
    0x08003248   0x000000ae   Data   RO         3954    .constdata          deca_params_init.o
    0x080032f6   0x0000020a   Data   RO         3974    .constdata          deca_range_tables.o
    0x08003500   0x00000020   Data   RO         4409    Region$$Table       anon$$obj.o


    Execution Region RW_IRAM1 (Base: 0x20000000, Size: 0x00000728, Max: 0x00005000, ABSOLUTE)

    Base Addr    Size         Type   Attr      Idx    E Section Name        Object

    0x20000000   0x000000ee   Data   RW           14    .data               main.o
    0x200000ee   0x00000002   PAD
    0x200000f0   0x00000008   Data   RW          197    .data               stm32f10x_it.o
    0x200000f8   0x00000001   Data   RW          264    .data               port.o
    0x200000f9   0x00000014   Data   RW         2015    .data               stm32f10x_rcc.o
    0x2000010d   0x00000003   PAD
    0x20000110   0x00000014   Data   RW         3389    .data               system_stm32f10x.o
    0x20000124   0x00000004   Data   RW         4387    .data               mc_w.l(stdout.o)
    0x20000128   0x000001c1   Zero   RW           13    .bss                main.o
    0x200002e9   0x00000003   PAD
    0x200002ec   0x0000003c   Zero   RW         3524    .bss                deca_device.o
    0x20000328   0x00000400   Zero   RW         3434    STACK               startup_stm32f10x_md.o


==============================================================================

Image component sizes


      Code (inc. data)   RO Data    RW Data    ZI Data      Debug   Object Name

         0          0          0          0          0         32   core_cm3.o
      2484         92          0          0         60      23195   deca_device.o
        68          6          0          0          0      16364   deca_mutex.o
         0          0        174          0          0       1845   deca_params_init.o
       292         38        522          0          0       2283   deca_range_tables.o
        24          0          0          0          0        569   deca_sleep.o
       252         18          0          0          0       5705   deca_spi.o
      2084        274          0        238        449     251011   main.o
      1086         80          0          1          0      23640   port.o
        36          8        236          0       1024        900   startup_stm32f10x_md.o
        52         12          0          0          0       1205   stm32f10x_flash.o
       476          6          0          0          0       6143   stm32f10x_gpio.o
        80         16          0          8          0     217724   stm32f10x_it.o
       704         88          0         20          0      10857   stm32f10x_rcc.o
       196         12          0          0          0       3540   stm32f10x_spi.o
       274          6          0          0          0       4304   stm32f10x_usart.o
       328         28          0         20          0       2137   system_stm32f10x.o

    ----------------------------------------------------------------------
      8452        684        964        292       1536     571454   Object Totals
         0          0         32          0          0          0   (incl. Generated)
        16          0          0          5          3          0   (incl. Padding)

    ----------------------------------------------------------------------

      Code (inc. data)   RO Data    RW Data    ZI Data      Debug   Library Member Name

         0          0          0          0          0          0   entry.o
         0          0          0          0          0          0   entry10a.o
         0          0          0          0          0          0   entry11a.o
         8          4          0          0          0          0   entry2.o
         4          0          0          0          0          0   entry5.o
         0          0          0          0          0          0   entry7b.o
         0          0          0          0          0          0   entry8b.o
         8          4          0          0          0          0   entry9a.o
        30          0          0          0          0          0   handlers.o
        36          8          0          0          0         68   init.o
         0          0          0          0          0          0   iusefp.o
        30          0          0          0          0         68   llshl.o
        36          0          0          0          0         68   llsshr.o
        32          0          0          0          0         68   llushr.o
        26          0          0          0          0         80   memcmp.o
      2258         90          0          0          0        452   printfa.o
         0          0          0          4          0          0   stdout.o
        44          0          0          0          0         80   uidiv.o
        98          0          0          0          0         92   uldiv.o
        48          0          0          0          0         68   cdrcmple.o
        56          0          0          0          0         88   d2f.o
       334          0          0          0          0        148   dadd.o
       222          0          0          0          0        100   ddiv.o
       186          0          0          0          0        176   depilogue.o
        62          0          0          0          0         80   dfixi.o
        74          0          0          0          0         80   dfixl.o
        50          0          0          0          0         76   dfixui.o
        48          0          0          0          0         68   dfixul.o
        34          0          0          0          0         76   dflti.o
        40          0          0          0          0         80   dfltl.o
        26          0          0          0          0         76   dfltui.o
       228          0          0          0          0         96   dmul.o
        38          0          0          0          0         68   f2d.o
       110          0          0          0          0        168   fepilogue.o
        18          0          0          0          0         68   fflti.o

    ----------------------------------------------------------------------
      4184        106          0          4          0       2492   Library Totals
         0          0          0          0          0          0   (incl. Padding)

    ----------------------------------------------------------------------

      Code (inc. data)   RO Data    RW Data    ZI Data      Debug   Library Name

      2610        106          0          4          0        976   mc_w.l
      1574          0          0          0          0       1516   mf_w.l

    ----------------------------------------------------------------------
      4184        106          0          4          0       2492   Library Totals

    ----------------------------------------------------------------------

==============================================================================


      Code (inc. data)   RO Data    RW Data    ZI Data      Debug   

     12636        790        964        296       1536     568014   Grand Totals
     12636        790        964        296       1536     568014   ELF Image Totals
     12636        790        964        296          0          0   ROM Totals

==============================================================================

    Total RO  Size (Code + RO Data)                13600 (  13.28kB)
    Total RW  Size (RW Data + ZI Data)              1832 (   1.79kB)
    Total ROM Size (Code + RO Data + RW Data)      13896 (  13.57kB)

==============================================================================

